[    0.000000] Linux version 4.15.0-161-generic (buildd@lcy01-amd64-012) (gcc version 7.5.0 (Ubuntu 7.5.0-3ubuntu1~18.04)) #169-Ubuntu SMP Fri Oct 15 13:41:54 UTC 2021 (Ubuntu 4.15.0-161.169-generic 4.15.18)
[    0.000000] Command line: BOOT_IMAGE=/boot/vmlinuz-4.15.0-161-generic root=LABEL=cloudimg-rootfs ro console=tty1 console=ttyS0
[    0.000000] KERNEL supported cpus:
[    0.000000]   Intel GenuineIntel
[    0.000000]   AMD AuthenticAMD
[    0.000000]   Centaur CentaurHauls
[    0.000000] x86/fpu: x87 FPU will use FXSAVE
[    0.000000] e820: BIOS-provided physical RAM map:
[    0.000000] BIOS-e820: [mem 0x0000000000000000-0x000000000009fbff] usable
[    0.000000] BIOS-e820: [mem 0x000000000009fc00-0x000000000009ffff] reserved
[    0.000000] BIOS-e820: [mem 0x00000000000f0000-0x00000000000fffff] reserved
[    0.000000] BIOS-e820: [mem 0x0000000000100000-0x000000007ffeffff] usable
[    0.000000] BIOS-e820: [mem 0x000000007fff0000-0x000000007fffffff] ACPI data
[    0.000000] BIOS-e820: [mem 0x00000000fec00000-0x00000000fec00fff] reserved
[    0.000000] BIOS-e820: [mem 0x00000000fee00000-0x00000000fee00fff] reserved
[    0.000000] BIOS-e820: [mem 0x00000000fffc0000-0x00000000ffffffff] reserved
[    0.000000] NX (Execute Disable) protection: active
[    0.000000] SMBIOS 2.5 present.
[    0.000000] DMI: innotek GmbH VirtualBox/VirtualBox, BIOS VirtualBox 12/01/2006
[    0.000000] Hypervisor detected: KVM
[    0.000000] e820: last_pfn = 0x7fff0 max_arch_pfn = 0x400000000
[    0.000000] MTRR: Disabled
[    0.000000] x86/PAT: MTRRs disabled, skipping PAT initialization too.
[    0.000000] CPU MTRRs all blank - virtualized system.
[    0.000000] x86/PAT: Configuration [0-7]: WB  WT  UC- UC  WB  WT  UC- UC  
[    0.000000] found SMP MP-table at [mem 0x0009fff0-0x0009ffff]
[    0.000000] Scanning 1 areas for low memory corruption
[    0.000000] RAMDISK: [mem 0x359cf000-0x36cdefff]
[    0.000000] ACPI: Early table checksum verification disabled
[    0.000000] ACPI: RSDP 0x00000000000E0000 000024 (v02 VBOX  )
[    0.000000] ACPI: XSDT 0x000000007FFF0030 00003C (v01 VBOX   VBOXXSDT 00000001 ASL  00000061)
[    0.000000] ACPI: FACP 0x000000007FFF00F0 0000F4 (v04 VBOX   VBOXFACP 00000001 ASL  00000061)
[    0.000000] ACPI: DSDT 0x000000007FFF0470 002325 (v02 VBOX   VBOXBIOS 00000002 INTL 20100528)
[    0.000000] ACPI: FACS 0x000000007FFF0200 000040
[    0.000000] ACPI: FACS 0x000000007FFF0200 000040
[    0.000000] ACPI: APIC 0x000000007FFF0240 000054 (v02 VBOX   VBOXAPIC 00000001 ASL  00000061)
[    0.000000] ACPI: SSDT 0x000000007FFF02A0 0001CC (v01 VBOX   VBOXCPUT 00000002 INTL 20100528)
[    0.000000] ACPI: Reserving FACP table memory at [mem 0x7fff00f0-0x7fff01e3]
[    0.000000] ACPI: Reserving DSDT table memory at [mem 0x7fff0470-0x7fff2794]
[    0.000000] ACPI: Reserving FACS table memory at [mem 0x7fff0200-0x7fff023f]
[    0.000000] ACPI: Reserving FACS table memory at [mem 0x7fff0200-0x7fff023f]
[    0.000000] ACPI: Reserving APIC table memory at [mem 0x7fff0240-0x7fff0293]
[    0.000000] ACPI: Reserving SSDT table memory at [mem 0x7fff02a0-0x7fff046b]
[    0.000000] No NUMA configuration found
[    0.000000] Faking a node at [mem 0x0000000000000000-0x000000007ffeffff]
[    0.000000] NODE_DATA(0) allocated [mem 0x7ffc5000-0x7ffeffff]
[    0.000000] kvm-clock: cpu 0, msr 0:7ff44001, primary cpu clock
[    0.000000] kvm-clock: Using msrs 4b564d01 and 4b564d00
[    0.000000] kvm-clock: using sched offset of 4940994658 cycles
[    0.000000] clocksource: kvm-clock: mask: 0xffffffffffffffff max_cycles: 0x1cd42e4dffb, max_idle_ns: 881590591483 ns
[    0.000000] Zone ranges:
[    0.000000]   DMA      [mem 0x0000000000001000-0x0000000000ffffff]
[    0.000000]   DMA32    [mem 0x0000000001000000-0x000000007ffeffff]
[    0.000000]   Normal   empty
[    0.000000]   Device   empty
[    0.000000] Movable zone start for each node
[    0.000000] Early memory node ranges
[    0.000000]   node   0: [mem 0x0000000000001000-0x000000000009efff]
[    0.000000]   node   0: [mem 0x0000000000100000-0x000000007ffeffff]
[    0.000000] Reserved but unavailable: 104 pages
[    0.000000] Initmem setup node 0 [mem 0x0000000000001000-0x000000007ffeffff]
[    0.000000] ACPI: PM-Timer IO Port: 0x4008
[    0.000000] IOAPIC[0]: apic_id 1, version 32, address 0xfec00000, GSI 0-23
[    0.000000] ACPI: INT_SRC_OVR (bus 0 bus_irq 0 global_irq 2 dfl dfl)
[    0.000000] ACPI: INT_SRC_OVR (bus 0 bus_irq 9 global_irq 9 low level)
[    0.000000] Using ACPI (MADT) for SMP configuration information
[    0.000000] smpboot: Allowing 1 CPUs, 0 hotplug CPUs
[    0.000000] PM: Registered nosave memory: [mem 0x00000000-0x00000fff]
[    0.000000] PM: Registered nosave memory: [mem 0x0009f000-0x0009ffff]
[    0.000000] PM: Registered nosave memory: [mem 0x000a0000-0x000effff]
[    0.000000] PM: Registered nosave memory: [mem 0x000f0000-0x000fffff]
[    0.000000] e820: [mem 0x80000000-0xfebfffff] available for PCI devices
[    0.000000] Booting paravirtualized kernel on KVM
[    0.000000] clocksource: refined-jiffies: mask: 0xffffffff max_cycles: 0xffffffff, max_idle_ns: 7645519600211568 ns
[    0.000000] random: get_random_bytes called from start_kernel+0x99/0x500 with crng_init=0
[    0.000000] setup_percpu: NR_CPUS:8192 nr_cpumask_bits:1 nr_cpu_ids:1 nr_node_ids:1
[    0.000000] percpu: Embedded 45 pages/cpu s147456 r8192 d28672 u2097152
[    0.000000] PV qspinlock hash table entries: 256 (order: 0, 4096 bytes)
[    0.000000] Built 1 zonelists, mobility grouping on.  Total pages: 515961
[    0.000000] Policy zone: DMA32
[    0.000000] Kernel command line: BOOT_IMAGE=/boot/vmlinuz-4.15.0-161-generic root=LABEL=cloudimg-rootfs ro console=tty1 console=ttyS0
[    0.000000] Memory: 2015088K/2096696K available (12300K kernel code, 2483K rwdata, 4320K rodata, 2448K init, 2724K bss, 81608K reserved, 0K cma-reserved)
[    0.000000] SLUB: HWalign=64, Order=0-3, MinObjects=0, CPUs=1, Nodes=1
[    0.000000] Kernel/User page tables isolation: enabled
[    0.000000] ftrace: allocating 39475 entries in 155 pages
[    0.004000] Hierarchical RCU implementation.
[    0.004000] 	RCU restricting CPUs from NR_CPUS=8192 to nr_cpu_ids=1.
[    0.004000] 	Tasks RCU enabled.
[    0.004000] RCU: Adjusting geometry for rcu_fanout_leaf=16, nr_cpu_ids=1
[    0.004000] NR_IRQS: 524544, nr_irqs: 256, preallocated irqs: 16
[    0.004000] Console: colour VGA+ 80x25
[    0.004000] console [tty1] enabled
[    0.004000] console [ttyS0] enabled
[    0.004000] ACPI: Core revision 20170831
[    0.004000] ACPI: 2 ACPI AML tables successfully acquired and loaded
[    0.004000] APIC: Switch to symmetric I/O mode setup
[    0.004000] ..TIMER: vector=0x30 apic1=0 pin1=2 apic2=-1 pin2=-1
[    0.004005] tsc: Detected 2903.998 MHz processor
[    0.008010] Calibrating delay loop (skipped) preset value.. 5807.99 BogoMIPS (lpj=11615992)
[    0.012003] pid_max: default: 32768 minimum: 301
[    0.016058] Security Framework initialized
[    0.020005] Yama: becoming mindful.
[    0.024022] AppArmor: AppArmor initialized
[    0.039293] Dentry cache hash table entries: 262144 (order: 9, 2097152 bytes)
[    0.049124] Inode-cache hash table entries: 131072 (order: 8, 1048576 bytes)
[    0.052165] Mount-cache hash table entries: 4096 (order: 3, 32768 bytes)
[    0.056137] Mountpoint-cache hash table entries: 4096 (order: 3, 32768 bytes)
[    0.061200] Last level iTLB entries: 4KB 128, 2MB 8, 4MB 8
[    0.064005] Last level dTLB entries: 4KB 64, 2MB 0, 4MB 0, 1GB 4
[    0.068003] Spectre V1 : Mitigation: usercopy/swapgs barriers and __user pointer sanitization
[    0.072006] Spectre V2 : Mitigation: Full generic retpoline
[    0.076003] Spectre V2 : Spectre v2 / SpectreRSB mitigation: Filling RSB on context switch
[    0.080002] Speculative Store Bypass: Vulnerable
[    0.084037] MDS: Mitigation: Clear CPU buffers
[    0.096022] Freeing SMP alternatives memory: 36K
[    0.208434] smpboot: CPU0: Intel(R) Core(TM) i5-9400F CPU @ 2.90GHz (family: 0x6, model: 0x9e, stepping: 0xa)
[    0.212494] Performance Events: unsupported p6 CPU model 158 no PMU driver, software events only.
[    0.216098] Hierarchical SRCU implementation.
[    0.221020] NMI watchdog: Perf event create on CPU 0 failed with -2
[    0.224005] NMI watchdog: Perf NMI watchdog permanently disabled
[    0.228287] smp: Bringing up secondary CPUs ...
[    0.232003] smp: Brought up 1 node, 1 CPU
[    0.236006] smpboot: Max logical packages: 1
[    0.240004] smpboot: Total of 1 processors activated (5807.99 BogoMIPS)
[    0.244316] devtmpfs: initialized
[    0.248168] x86/mm: Memory block size: 128MB
[    0.252628] evm: security.selinux
[    0.256005] evm: security.SMACK64
[    0.260002] evm: security.SMACK64EXEC
[    0.262528] evm: security.SMACK64TRANSMUTE
[    0.264002] evm: security.SMACK64MMAP
[    0.268006] evm: security.apparmor
[    0.270396] evm: security.ima
[    0.272004] evm: security.capability
[    0.276349] clocksource: jiffies: mask: 0xffffffff max_cycles: 0xffffffff, max_idle_ns: 7645041785100000 ns
[    0.280012] futex hash table entries: 256 (order: 2, 16384 bytes)
[    0.284174] pinctrl core: initialized pinctrl subsystem
[    0.288327] RTC time:  8:35:12, date: 11/08/21
[    0.292391] NET: Registered protocol family 16
[    0.296173] audit: initializing netlink subsys (disabled)
[    0.300590] cpuidle: using governor ladder
[    0.304007] audit: type=2000 audit(1636360518.150:1): state=initialized audit_enabled=0 res=1
[    0.308012] cpuidle: using governor menu
[    0.312077] ACPI: bus type PCI registered
[    0.316003] acpiphp: ACPI Hot Plug PCI Controller Driver version: 0.5
[    0.320406] PCI: Using configuration type 1 for base access
[    0.328078] HugeTLB registered 2.00 MiB page size, pre-allocated 0 pages
[    0.332803] ACPI: Added _OSI(Module Device)
[    0.336007] ACPI: Added _OSI(Processor Device)
[    0.338968] ACPI: Added _OSI(3.0 _SCP Extensions)
[    0.340006] ACPI: Added _OSI(Processor Aggregator Device)
[    0.343747] ACPI: Added _OSI(Linux-Dell-Video)
[    0.344004] ACPI: Added _OSI(Linux-Lenovo-NV-HDMI-Audio)
[    0.348003] ACPI: Added _OSI(Linux-HPI-Hybrid-Graphics)
[    0.352716] ACPI: Executed 1 blocks of module-level executable AML code
[    0.364635] ACPI: Interpreter enabled
[    0.367538] ACPI: (supports S0 S5)
[    0.368006] ACPI: Using IOAPIC for interrupt routing
[    0.372337] PCI: Using host bridge windows from ACPI; if necessary, use "pci=nocrs" and report a bug
[    0.376177] ACPI: Enabled 2 GPEs in block 00 to 07
[    0.387576] ACPI: PCI Root Bridge [PCI0] (domain 0000 [bus 00-ff])
[    0.388006] acpi PNP0A03:00: _OSC: OS supports [ASPM ClockPM Segments MSI]
[    0.392716] acpi PNP0A03:00: _OSC: not requesting OS control; OS requires [ExtendedConfig ASPM ClockPM MSI]
[    0.396015] acpi PNP0A03:00: fail to add MMCONFIG information, can't access extended PCI configuration space under this bridge.
[    0.400550] PCI host bridge to bus 0000:00
[    0.404004] pci_bus 0000:00: root bus resource [io  0x0000-0x0cf7 window]
[    0.408008] pci_bus 0000:00: root bus resource [io  0x0d00-0xffff window]
[    0.412007] pci_bus 0000:00: root bus resource [mem 0x000a0000-0x000bffff window]
[    0.416003] pci_bus 0000:00: root bus resource [mem 0x80000000-0xfdffffff window]
[    0.420008] pci_bus 0000:00: root bus resource [bus 00-ff]
[    0.428096] pci 0000:00:01.1: legacy IDE quirk: reg 0x10: [io  0x01f0-0x01f7]
[    0.432005] pci 0000:00:01.1: legacy IDE quirk: reg 0x14: [io  0x03f6]
[    0.436008] pci 0000:00:01.1: legacy IDE quirk: reg 0x18: [io  0x0170-0x0177]
[    0.440004] pci 0000:00:01.1: legacy IDE quirk: reg 0x1c: [io  0x0376]
[    0.513060] pci 0000:00:07.0: quirk: [io  0x4000-0x403f] claimed by PIIX4 ACPI
[    0.516032] pci 0000:00:07.0: quirk: [io  0x4100-0x410f] claimed by PIIX4 SMB
[    0.533157] ACPI: PCI Interrupt Link [LNKA] (IRQs 5 9 10 *11)
[    0.536418] ACPI: PCI Interrupt Link [LNKB] (IRQs 5 9 *10 11)
[    0.540174] ACPI: PCI Interrupt Link [LNKC] (IRQs 5 *9 10 11)
[    0.544169] ACPI: PCI Interrupt Link [LNKD] (IRQs 5 9 10 *11)
[    0.552698] SCSI subsystem initialized
[    0.556277] pci 0000:00:02.0: vgaarb: setting as boot VGA device
[    0.560000] pci 0000:00:02.0: vgaarb: VGA device added: decodes=io+mem,owns=io+mem,locks=none
[    0.560017] pci 0000:00:02.0: vgaarb: bridge control possible
[    0.564006] vgaarb: loaded
[    0.568073] ACPI: bus type USB registered
[    0.572153] usbcore: registered new interface driver usbfs
[    0.576020] usbcore: registered new interface driver hub
[    0.580050] usbcore: registered new device driver usb
[    0.584184] EDAC MC: Ver: 3.0.0
[    0.588726] PCI: Using ACPI for IRQ routing
[    0.592590] NetLabel: Initializing
[    0.596006] NetLabel:  domain hash size = 128
[    0.600003] NetLabel:  protocols = UNLABELED CIPSOv4 CALIPSO
[    0.608002] NetLabel:  unlabeled traffic allowed by default
[    0.612273] clocksource: Switched to clocksource kvm-clock
[    0.673603] VFS: Disk quotas dquot_6.6.0
[    0.677270] VFS: Dquot-cache hash table entries: 512 (order 0, 4096 bytes)
[    0.683420] AppArmor: AppArmor Filesystem Enabled
[    0.687817] pnp: PnP ACPI init
[    0.692542] pnp: PnP ACPI: found 3 devices
[    0.703665] clocksource: acpi_pm: mask: 0xffffff max_cycles: 0xffffff, max_idle_ns: 2085701024 ns
[    0.711375] NET: Registered protocol family 2
[    0.716755] IP idents hash table entries: 32768 (order: 6, 262144 bytes)
[    0.722099] TCP established hash table entries: 16384 (order: 5, 131072 bytes)
[    0.727610] TCP bind hash table entries: 16384 (order: 6, 262144 bytes)
[    0.734394] TCP: Hash tables configured (established 16384 bind 16384)
[    0.739447] UDP hash table entries: 1024 (order: 3, 32768 bytes)
[    0.744361] UDP-Lite hash table entries: 1024 (order: 3, 32768 bytes)
[    0.749823] NET: Registered protocol family 1
[    0.753162] pci 0000:00:00.0: Limiting direct PCI/PCI transfers
[    0.757341] pci 0000:00:01.0: Activating ISA DMA hang workarounds
[    0.761778] pci 0000:00:02.0: Video device with shadowed ROM at [mem 0x000c0000-0x000dffff]
[    0.768582] Unpacking initramfs...
[    1.292192] Freeing initrd memory: 19520K
[    1.296587] clocksource: tsc: mask: 0xffffffffffffffff max_cycles: 0x29dc03c1beb, max_idle_ns: 440795205215 ns
[    1.304364] platform rtc_cmos: registered platform RTC device (no PNP device found)
[    1.309848] Scanning for low memory corruption every 60 seconds
[    1.314778] Initialise system trusted keyrings
[    1.317925] Key type blacklist registered
[    1.320838] workingset: timestamp_bits=36 max_order=19 bucket_order=0
[    1.327414] zbud: loaded
[    1.331000] squashfs: version 4.0 (2009/01/31) Phillip Lougher
[    1.335721] fuse init (API version 7.26)
[    1.341930] Key type asymmetric registered
[    1.345227] Asymmetric key parser 'x509' registered
[    1.349142] Block layer SCSI generic (bsg) driver version 0.4 loaded (major 246)
[    1.354261] io scheduler noop registered
[    1.357182] io scheduler deadline registered
[    1.360287] io scheduler cfq registered (default)
[    1.364283] ACPI: AC Adapter [AC] (on-line)
[    1.367220] input: Power Button as /devices/LNXSYSTM:00/LNXPWRBN:00/input/input0
[    1.373018] ACPI: Power Button [PWRF]
[    1.375603] input: Sleep Button as /devices/LNXSYSTM:00/LNXSLPBN:00/input/input1
[    1.382197] ACPI: Sleep Button [SLPF]
[    1.385534] Serial: 8250/16550 driver, 32 ports, IRQ sharing enabled
[    1.418415] 00:02: ttyS0 at I/O 0x3f8 (irq = 4, base_baud = 115200) is a 16550A
[    1.427466] Linux agpgart interface v0.103
[    1.440674] loop: module loaded
[    1.445594] scsi host0: ata_piix
[    1.448533] scsi host1: ata_piix
[    1.450918] ata1: PATA max UDMA/33 cmd 0x1f0 ctl 0x3f6 bmdma 0xd000 irq 14
[    1.456058] ata2: PATA max UDMA/33 cmd 0x170 ctl 0x376 bmdma 0xd008 irq 15
[    1.461914] libphy: Fixed MDIO Bus: probed
[    1.465438] tun: Universal TUN/TAP device driver, 1.6
[    1.469014] PPP generic driver version 2.4.2
[    1.471933] ehci_hcd: USB 2.0 'Enhanced' Host Controller (EHCI) Driver
[    1.477406] ehci-pci: EHCI PCI platform driver
[    1.480942] ehci-platform: EHCI generic platform driver
[    1.484724] ohci_hcd: USB 1.1 'Open' Host Controller (OHCI) Driver
[    1.488920] ohci-pci: OHCI PCI platform driver
[    1.491939] ohci-platform: OHCI generic platform driver
[    1.496644] uhci_hcd: USB Universal Host Controller Interface driver
[    1.501332] i8042: PNP: PS/2 Controller [PNP0303:PS2K,PNP0f03:PS2M] at 0x60,0x64 irq 1,12
[    1.509607] serio: i8042 KBD port at 0x60,0x64 irq 1
[    1.513280] serio: i8042 AUX port at 0x60,0x64 irq 12
[    1.517672] mousedev: PS/2 mouse device common for all mice
[    1.523142] input: AT Translated Set 2 keyboard as /devices/platform/i8042/serio0/input/input2
[    1.530841] rtc_cmos rtc_cmos: rtc core: registered rtc_cmos as rtc0
[    1.536720] rtc_cmos rtc_cmos: alarms up to one day, 114 bytes nvram
[    1.541128] i2c /dev entries driver
[    1.543660] device-mapper: uevent: version 1.0.3
[    1.548023] device-mapper: ioctl: 4.37.0-ioctl (2017-09-20) initialised: dm-devel@redhat.com
[    1.555195] ledtrig-cpu: registered to indicate activity on CPUs
[    1.560484] NET: Registered protocol family 10
[    1.567061] Segment Routing with IPv6
[    1.570464] NET: Registered protocol family 17
[    1.573725] Key type dns_resolver registered
[    1.576906] mce: Using 0 MCE banks
[    1.579416] RAS: Correctable Errors collector initialized.
[    1.584335] sched_clock: Marking stable (1584278848, 0)->(2578254163, -993975315)
[    1.589603] registered taskstats version 1
[    1.592617] Loading compiled-in X.509 certificates
[    1.597994] Loaded X.509 cert 'Build time autogenerated kernel key: 1542c441293f32312405dc023a70312e7f0d3f0a'
[    1.606098] Loaded X.509 cert 'Canonical Ltd. Live Patch Signing: 14df34d1a87cf37625abec039ef2bf521249b969'
[    1.613746] Loaded X.509 cert 'Canonical Ltd. Kernel Module Signing: 88f752e560a1e0737e31163a466ad7b70a850c19'
[    1.674406] zswap: loaded using pool lzo/zbud
[    1.680967] Key type big_key registered
[    1.683875] Key type trusted registered
[    1.689168] Key type encrypted registered
[    1.691942] AppArmor: AppArmor sha1 policy hashing enabled
[    1.696794] ima: No TPM chip found, activating TPM-bypass! (rc=-19)
[    1.701264] ima: Allocated hash algorithm: sha1
[    1.704503] evm: HMAC attrs: 0x1
[    1.707223]   Magic number: 13:507:573
[    1.710994] rtc_cmos rtc_cmos: setting system clock to 2021-11-08 08:35:13 UTC (1636360513)
[    1.718470] BIOS EDD facility v0.16 2004-Jun-25, 0 devices found
[    1.723734] EDD information not available.
[    1.730216] Freeing unused kernel image memory: 2448K
[    1.740148] Write protecting the kernel read-only data: 20480k
[    1.744839] Freeing unused kernel image memory: 2008K
[    1.749800] Freeing unused kernel image memory: 1824K
[    1.757774] x86/mm: Checked W+X mappings: passed, no W+X pages found.
[    1.764019] x86/mm: Checking user space page tables
[    1.773007] x86/mm: Checked W+X mappings: passed, no W+X pages found.
Loading, please wait...
starting version 237
[    1.899812] e1000: Intel(R) PRO/1000 Network Driver - version 7.3.21-k8-NAPI
[    1.908129] e1000: Copyright (c) 1999-2006 Intel Corporation.
[    1.917906] Fusion MPT base driver 3.04.20
[    1.920939] Copyright (c) 1999-2008 LSI Corporation
[    1.971827] Fusion MPT SPI Host driver 3.04.20
[    2.179432] input: ImExPS/2 Generic Explorer Mouse as /devices/platform/i8042/serio1/input/input4
[    2.761750] e1000 0000:00:03.0 eth0: (PCI:33MHz:32-bit) 02:98:b5:2c:07:4e
[    2.767460] e1000 0000:00:03.0 eth0: Intel(R) PRO/1000 Network Connection
[    2.774859] mptbase: ioc0: Initiating bringup
[    2.874830] ioc0: LSI53C1030 A0: Capabilities={Initiator}
[    3.131520] scsi host2: ioc0: LSI53C1030 A0, FwRev=00000000h, Ports=1, MaxQ=256, IRQ=20
[    3.309812] scsi 2:0:0:0: Direct-Access     VBOX     HARDDISK         1.0  PQ: 0 ANSI: 5
[    3.329312] scsi target2:0:0: Beginning Domain Validation
[    3.335178] random: fast init done
[    3.343894] scsi target2:0:0: Domain Validation skipping write tests
[    3.349830] scsi target2:0:0: Ending Domain Validation
[    3.354718] scsi target2:0:0: asynchronous
[    3.360595] scsi 2:0:1:0: Direct-Access     VBOX     HARDDISK         1.0  PQ: 0 ANSI: 5
[    3.366774] scsi target2:0:1: Beginning Domain Validation
[    3.417857] scsi target2:0:1: Domain Validation skipping write tests
[    3.422396] scsi target2:0:1: Ending Domain Validation
[    3.442715] scsi target2:0:1: asynchronous
[    3.570213] sd 2:0:0:0: Attached scsi generic sg0 type 0
[    3.575757] sd 2:0:0:0: [sda] 83886080 512-byte logical blocks: (42.9 GB/40.0 GiB)
[    3.583861] sd 2:0:1:0: Attached scsi generic sg1 type 0
[    3.588912] sd 2:0:1:0: [sdb] 20480 512-byte logical blocks: (10.5 MB/10.0 MiB)
[    3.593916] random: systemd-udevd: uninitialized urandom read (16 bytes read)
[    3.599375] sd 2:0:1:0: [sdb] Write Protect is off
[    3.603248] sd 2:0:0:0: [sda] Write Protect is off
[    3.615633] sd 2:0:0:0: [sda] Incomplete mode parameter data
[    3.620557] sd 2:0:0:0: [sda] Assuming drive cache: write through
[    3.624871] sd 2:0:1:0: [sdb] Incomplete mode parameter data
[    3.628797] sd 2:0:1:0: [sdb] Assuming drive cache: write through
[    3.632941] random: systemd-udevd: uninitialized urandom read (16 bytes read)
[    3.641083] random: systemd-udevd: uninitialized urandom read (16 bytes read)
[    3.671182]  sda: sda1
[    3.683799] sd 2:0:0:0: [sda] Attached SCSI disk
[    3.714849] sd 2:0:1:0: [sdb] Attached SCSI disk
[    4.147740] e1000 0000:00:08.0 eth1: (PCI:33MHz:32-bit) 08:00:27:76:78:40
[    4.153320] e1000 0000:00:08.0 eth1: Intel(R) PRO/1000 Network Connection
[    4.159107] e1000 0000:00:08.0 enp0s8: renamed from eth1
[    4.182698] e1000 0000:00:03.0 enp0s3: renamed from eth0
Begin: Loading essential drivers ... [    6.184432] raid6: sse2x1   gen() 15287 MB/s
[    6.240131] raid6: sse2x1   xor()  9069 MB/s
[    6.292170] raid6: sse2x2   gen() 15423 MB/s
[    6.345031] raid6: sse2x2   xor() 10605 MB/s
[    6.400056] raid6: sse2x4   gen() 18723 MB/s
[    6.452579] raid6: sse2x4   xor() 11746 MB/s
[    6.456306] raid6: using algorithm sse2x4 gen() 18723 MB/s
[    6.460150] raid6: .... xor() 11746 MB/s, rmw enabled
[    6.464115] raid6: using ssse3x2 recovery algorithm
[    6.468917] xor: measuring software checksum speed
[    6.582202]    prefetch64-sse: 57097.000 MB/sec
[    6.689584]    generic_sse: 55861.000 MB/sec
[    6.693724] xor: using function: prefetch64-sse (57097.000 MB/sec)
[    6.700078] async_tx: api initialized (async)
done.
Begin: Running /scripts/init-premount ... done.
Begin: Mounting root file system ... Begin: Running /scripts/local-top ... done.
Begin: Running /scripts/local-premount ... [    6.763871] Btrfs loaded, crc32c=crc32c-intel
Scanning for Btrfs filesystems
done.
Warning: fsck not present, so skipping root file system
[    6.859471] EXT4-fs (sda1): mounted filesystem with ordered data mode. Opts: (null)
done.
Begin: Running /scripts/local-bottom ... done.
Begin: Running /scripts/init-bottom ... done.
[    7.504273] ip_tables: (C) 2000-2006 Netfilter Core Team
[    7.593321] systemd[1]: systemd 237 running in system mode. (+PAM +AUDIT +SELINUX +IMA +APPARMOR +SMACK +SYSVINIT +UTMP +LIBCRYPTSETUP +GCRYPT +GNUTLS +ACL +XZ +LZ4 +SECCOMP +BLKID +ELFUTILS +KMOD -IDN2 +IDN -PCRE2 default-hierarchy=hybrid)
[    7.610779] systemd[1]: Detected virtualization oracle.
[    7.615275] systemd[1]: Detected architecture x86-64.

Welcome to [1mUbuntu 18.04.6 LTS[0m!

[    7.639165] systemd[1]: Set hostname to <ubuntu>.
[    7.671884] systemd[1]: Initializing machine ID from random generator.
[    7.677616] systemd[1]: Installed transient /etc/machine-id file.
[    8.356297] random: crng init done
[    8.358729] random: 7 urandom warning(s) missed due to ratelimiting
[    8.793678] systemd[1]: Set up automount Arbitrary Executable File Formats File System Automount Point.
[[0;32m  OK  [0m] Set up automount Arbitrary Executabâ€¦rmats File System Automount Point.
[    8.805843] systemd[1]: Started Forward Password Requests to Wall Directory Watch.
[[0;32m  OK  [0m] Started Forward Password Requests to Wall Directory Watch.
[    8.815452] systemd[1]: Reached target Swap.
[[0;32m  OK  [0m] Reached target Swap.
[    8.822463] systemd[1]: Reached target System Time Synchronized.
[[0;32m  OK  [0m] Reached target System Time Synchronized.
[[0;32m  OK  [0m] Created slice User and Session Slice.
[[0;32m  OK  [0m] Created slice System Slice.
[[0;32m  OK  [0m] Listening on Syslog Socket.
[[0;32m  OK  [0m] Reached target Slices.
[[0;32m  OK  [0m] Listening on /dev/initctl Compatibility Named Pipe.
[[0;32m  OK  [0m] Listening on fsck to fsckd communication Socket.
[[0;32m  OK  [0m] Created slice system-serial\x2dgetty.slice.
[[0;32m  OK  [0m] Listening on Journal Socket (/dev/log).
[[0;32m  OK  [0m] Listening on LVM2 metadata daemon socket.
[[0;32m  OK  [0m] Listening on Device-mapper event daemon FIFOs.
[[0;32m  OK  [0m] Listening on Journal Socket.
         Mounting Huge Pages File System...
         Mounting POSIX Message Queue File System...
         Mounting Kernel Debug File System...
         Starting Uncomplicated firewall...
[[0;32m  OK  [0m] Listening on udev Kernel Socket.
         Starting Set the console keyboard layout...
[[0;32m  OK  [0m] Listening on Network Service Netlink Socket.
         Starting Monitoring of LVM2 mirrorsâ€¦ng dmeventd or progress polling...
         Starting Load Kernel Modules...
[[0;32m  OK  [0m] Reached target User and Group Name Lookups.
[[0;32m  OK  [0m] Listening on LVM2 poll daemon socket.
         Starting File System Check on Root Device...
         Starting Create list of required stâ€¦ce nodes for the current kernel...
[[0;32m  OK  [0m] Listening on Journal Audit Socket.
         Starting Journal Service...
[[0;32m  OK  [0m] Listening on udev Control Socket.
         Starting udev Coldplug all Devices...
[[0;32m  OK  [0m] Mounted Huge Pages File System.
[[0;32m  OK  [0m] Mounted POSIX Message Queue File System.
[[0;32m  OK  [0m] Mounted Kernel Debug File System.
[[0;32m  OK  [0m] Started Uncomplicated firewall.
[[0;32m  OK  [0m] Started LVM2 metadata daemon.
[    9.171006] Loading iSCSI transport class v2.0-870.
[[0;32m  OK  [0m] Started File System Check Daemon to report status.
[[0;32m  OK  [0m] Started Create list of required staâ€¦vice nodes for the current kernel.
         Starting Create Static Device Nodes in /dev...
[[0;32m  OK  [0m] Started Journal Service.
[[0;32m  OK  [0m] Started udev Coldplug all Devices.
[    9.453406] iscsi: registered transport (tcp)
[[0;32m  OK  [0m] Started Monitoring of LVM2 mirrors,â€¦sing dmeventd or progress polling.
[[0;32m  OK  [0m] Started File System Check on Root Device.
         Starting Remount Root and Kernel File Systems...
[    9.673502] iscsi: registered transport (iser)
[[0;32m  OK  [0m] Started Load Kernel Modules.
         Mounting Kernel Configuration File System...
         Mounting FUSE Control File System...
         Starting Apply Kernel Variables...
[[0;32m  OK  [0m] Mounted Kernel Configuration File System.
[[0;32m  OK  [0m] Mounted FUSE Control File System.
[[0;32m  OK  [0m] Started Create Static Device Nodes in /dev.
[    9.807185] EXT4-fs (sda1): re-mounted. Opts: (null)
[[0;32m  OK  [0m] Started Remount Root and Kernel File Systems.
         Starting Flush Journal to Persistent Storage...
         Starting udev Kernel Device Manager...
         Starting Load/Save Random Seed...
[    9.850094] systemd-journald[390]: Received request to flush runtime journal from PID 1
[[0;32m  OK  [0m] Started Load/Save Random Seed.
[[0;32m  OK  [0m] Started Apply Kernel Variables.
[[0;32m  OK  [0m] Started udev Kernel Device Manager.
[[0;32m  OK  [0m] Started Flush Journal to Persistent Storage.
[[0;32m  OK  [0m] Found device /dev/ttyS0.
[[0;32m  OK  [0m] Listening on Load/Save RF Kill Switch Status /dev/rfkill Watch.
[[0;32m  OK  [0m] Started Set the console keyboard layout.
[[0;32m  OK  [0m] Reached target Local File Systems (Pre).
[[0;32m  OK  [0m] Reached target Local File Systems.
         Starting Create Volatile Files and Directories...
         Starting ebtables ruleset management...
         Starting AppArmor initialization...
         Starting Set console font and keymap...
         Starting Tell Plymouth To Write Out Runtime Data...
         Starting Commit a transient machine-id on disk...
[[0;32m  OK  [0m] Started Dispatch Password Requests to Console Directory Watch.
[[0;32m  OK  [0m] Reached target Local Encrypted Volumes.
[[0;32m  OK  [0m] Started Create Volatile Files and Directories.
         Starting Update UTMP about System Boot/Shutdown...
[[0;32m  OK  [0m] Started Set console font and keymap.
[[0;32m  OK  [0m] Started Update UTMP about System Boot/Shutdown.
[[0;32m  OK  [0m] Started Commit a transient machine-id on disk.
[[0;32m  OK  [0m] Started Tell Plymouth To Write Out Runtime Data.
[[0;32m  OK  [0m] Started ebtables ruleset management.
[[0;32m  OK  [0m] Started AppArmor initialization.
         Starting Load AppArmor profiles managed internally by snapd...
         Starting Initial cloud-init job (pre-networking)...
[[0;32m  OK  [0m] Started Load AppArmor profiles managed internally by snapd.
[   17.294003] cloud-init[596]: Cloud-init v. 21.3-1-g6803368d-0ubuntu1~18.04.4 running 'init-local' at Mon, 08 Nov 2021 08:35:28 +0000. Up 16.66 seconds.
[[0;32m  OK  [0m] Started Initial cloud-init job (pre-networking).
[[0;32m  OK  [0m] Reached target Network (Pre).
         Starting Network Service...
[[0;32m  OK  [0m] Started Network Service.
         Starting Wait for Network to be Configured...
         Starting Network Name Resolution...
[[0;32m  OK  [0m] Started Network Name Resolution.
[[0;32m  OK  [0m] Reached target Host and Network Name Lookups.
[[0;32m  OK  [0m] Reached target Network.
[[0;32m  OK  [0m] Started Wait for Network to be Configured.
         Starting Initial cloud-init job (metadata service crawler)...
[   19.055018] cloud-init[696]: Cloud-init v. 21.3-1-g6803368d-0ubuntu1~18.04.4 running 'init' at Mon, 08 Nov 2021 08:35:30 +0000. Up 18.93 seconds.
[   19.065830] cloud-init[696]: ci-info: ++++++++++++++++++++++++++++++++++++++Net device info++++++++++++++++++++++++++++++++++++++
[   19.072728] cloud-init[696]: ci-info: +--------+-------+---------------------------+---------------+--------+-------------------+
[   19.078660] cloud-init[696]: ci-info: | Device |   Up  |          Address          |      Mask     | Scope  |     Hw-Address    |
[   19.087918] cloud-init[696]: ci-info: +--------+-------+---------------------------+---------------+--------+-------------------+
[   19.094068] cloud-init[696]: ci-info: | enp0s3 |  True |         10.0.2.15         | 255.255.255.0 | global | 02:98:b5:2c:07:4e |
[   19.101360] cloud-init[696]: ci-info: | enp0s3 |  True | fe80::98:b5ff:fe2c:74e/64 |       .       |  link  | 02:98:b5:2c:07:4e |
[   19.107315] cloud-init[696]: ci-info: | enp0s8 | False |             .             |       .       |   .    | 08:00:27:76:78:40 |
[   19.117128] cloud-init[696]: ci-info: |   lo   |  True |         127.0.0.1         |   255.0.0.0   |  host  |         .         |
[   19.128097] cloud-init[696]: ci-info: |   lo   |  True |          ::1/128          |       .       |  host  |         .         |
[   19.140818] cloud-init[696]: ci-info: +--------+-------+---------------------------+---------------+--------+-------------------+
[   19.146589] cloud-init[696]: ci-info: ++++++++++++++++++++++++++++Route IPv4 info+++++++++++++++++++++++++++++
[   19.152298] cloud-init[696]: ci-info: +-------+-------------+----------+-----------------+-----------+-------+
[   19.157751] cloud-init[696]: ci-info: | Route | Destination | Gateway  |     Genmask     | Interface | Flags |
[   19.169224] cloud-init[696]: ci-info: +-------+-------------+----------+-----------------+-----------+-------+
[   19.175706] cloud-init[696]: ci-info: |   0   |   0.0.0.0   | 10.0.2.2 |     0.0.0.0     |   enp0s3  |   UG  |
[   19.181637] cloud-init[696]: ci-info: |   1   |   10.0.2.0  | 0.0.0.0  |  255.255.255.0  |   enp0s3  |   U   |
[   19.188581] cloud-init[696]: ci-info: |   2   |   10.0.2.2  | 0.0.0.0  | 255.255.255.255 |   enp0s3  |   UH  |
[   19.194449] cloud-init[696]: ci-info: +-------+-------------+----------+-----------------+-----------+-------+
[   19.200564] cloud-init[696]: ci-info: +++++++++++++++++++Route IPv6 info+++++++++++++++++++
[   19.206505] cloud-init[696]: ci-info: +-------+-------------+---------+-----------+-------+
[   19.213629] cloud-init[696]: ci-info: | Route | Destination | Gateway | Interface | Flags |
[   19.218466] cloud-init[696]: ci-info: +-------+-------------+---------+-----------+-------+
[   19.230372] cloud-init[696]: ci-info: |   1   |  fe80::/64  |    ::   |   enp0s3  |   U   |
[   19.240735] cloud-init[696]: ci-info: |   3   |    local    |    ::   |   enp0s3  |   U   |
[   19.246179] cloud-init[696]: ci-info: |   4   |   ff00::/8  |    ::   |   enp0s3  |   U   |
[   19.251517] cloud-init[696]: ci-info: +-------+-------------+---------+-----------+-------+
[   21.021047] cloud-init[696]: Generating public/private rsa key pair.
[   21.034260] cloud-init[696]: Your identification has been saved in /etc/ssh/ssh_host_rsa_key.
[   21.039626] cloud-init[696]: Your public key has been saved in /etc/ssh/ssh_host_rsa_key.pub.
[   21.056812] cloud-init[696]: The key fingerprint is:
[   21.060921] cloud-init[696]: SHA256:n07eyKynjZdjKgE5xwLDkAoMaCCgGKi0qFg1XLldFqo root@ubuntu-bionic
[   21.076613] cloud-init[696]: The key's randomart image is:
[   21.080899] cloud-init[696]: +---[RSA 2048]----+
[   21.084703] cloud-init[696]: |#+ . ...  ..     |
[   21.092954] cloud-init[696]: |O=+ + .  .o      |
[[0;32m  OK  [0m] Started Initial cloud-init job (metadata service crawler).[   21.100671] cloud-init[696]: |X .+ + o.o       |

[[0;32m  OK  [0m] Reached target System Initialization.[   21.108521] cloud-init[696]: |+.. = +..        |

[[0;32m  OK  [0m] Listening on ACPID Listen Socket.
[   21.122161] cloud-init[696]:          Starting LXD - unix socket.
|o.   =E S        |
[   21.130424] cloud-init[696]: [[0;32m  OK  [0m] Started Daily Cleanup of Temporary Directories.
[[0;32m  OK  [0m] Started Daily apt download activities.
[[0;32m  OK  [0m] |o     .  . .     |
[   21.149858] cloud-init[696]: Listening on cloud-init hotplug hook socket.
[[0;32m  OK  [0m] Started ACPI Events Check.
[[0;32m  OK  [0m|       .  +.     |
[   21.163548] cloud-init[696]: |      .  O*o     |
[   21.167538] ] Started Ubuntu Advantage Timer for running repeated jobs.
         cloud-init[696]: |       .=BB..    |
[   21.175861] Starting Socket activation for snappy daemon.
[[0;32m  OK  [0mcloud-init[696]: +----[SHA256]-----+
[   21.183530] ] Listening on UUID daemon activation socket.
[[0;32m  OK  [0m] Started Discard unused blocks once a week.
cloud-init[696]: Generating public/private dsa key pair.
[   21.198324] cloud-init[696]: Your identification has been saved in /etc/ssh/ssh_host_dsa_key.[[0;32m  OK  [0m] Started Trigger to poll for Ubuntu â€¦(Only enabled on GCP LTS non-pro).
[
[   21.208907] cloud-init[696]: Your public key has been saved in /etc/ssh/ssh_host_dsa_key.pub.[0;32m  OK  [0m] Reached target Paths.

[   21.217188] cloud-init[696]: The key fingerprint is:[[0;32m  OK  [0m] Listening on Open-iSCSI iscsid Socket.

[   21.225091] cloud-init[696]: SHA256:NOHrObXof+PrUefwq5VqutdF2zEdjFoZog4Vht9H3rE root@ubuntu-bionic[[0;32m  OK  [0m] Started Message of the Day.
[[0;32m  OK  [0m] Started Daily apt upgrade and clean activities.
[   21.237510] cloud-init[696]: The key's randomart image is:
[[0;32m  OK  [0m] Reached target Timers.
[   21.245125] cloud-init[696]: +---[DSA 1024]----+

[[0;32m  OK  [0m] Listening on D-Bus System Message Bus Socket.[   21.252925] cloud-init[696]: |        o+.. .=  |

[[0;32m  OK  [0m] Reached target Network is Online.[   21.260787] cloud-init[696]: |       oo.. .= + |

[   21.265224]          Starting Availability of block devices...cloud-init[696]: |       .=.. = . =|

[[0;32m  OK  [0m] Reached target Remote File Systems (Pre).
[[0;32m  OK  [0m] Reached target Remote File Systems.[   21.285204] cloud-init
[[0;32m  OK  [0m[696]: |       .o+ o o Eo|
] Reached target Cloud-config availability.
[[0;32m  OK  [0m] Listening on LXD - unix socket.
[[0;32m  OK  [0m] [   21.308691] cloud-init[696]: |        S.. . o.*|
Listening on Socket activation for snappy daemon.
[   21.317944] cloud-init[696]: [[0;32m  OK  [0m] Started Availability of block devices.|       . + . . *+|
[   21.325800] cloud-init[696]: |        = . . .o+|
[[0;32m  OK  [0m] Reached target Sockets.
[[0;32m  OK  [0m] Reached target Basic System.
[   21.341016] cloud-init[696]: |       . .  o+o..|

         Starting Virtualbox guest utils...
         Starting LSB: Record successful boot for GRUB...
[[0;32m  OK  [0m] Started irqbalance daemon.
[   21.368628] cloud-init[696]:          Starting Accounts Service...
[[0;32m  OK  [0m] Started FUSE filesystem for LXC.
|        ...*O=.. |
[   21.390401] cloud-init[696]: +----[SHA256]-----+
[   21.402241] cloud-init[696]: Generating public/private ecdsa key pair.
[   21.413090] cloud-init[696]: Your identification has been saved in /etc/ssh/ssh_host_ecdsa_key.
[   21.423173] cloud-init[696]: Your public key has been saved in /etc/ssh/ssh_host_ecdsa_key.pub.
[   21.435063] cloud-init[696]: The key fingerprint is:
[   21.445556] cloud-init[696]: SHA256:NURYRR57ZOIOgT4+qDjZu59pJ3huURD9EpBWjwRd/Po root@ubuntu-bionic
[   21.451784] cloud-init[696]: The key's randomart image is:
[   21.456462] cloud-init[696]: +---[ECDSA 256]---+
[   21.464546] cloud-init[696]: |      +OoB*o= o  |
[   21.468060] cloud-init[696]: |      +.*+.+ *   |
[   21.471722] cloud-init[696]: |     . o.o=.+ .  |
[   21.478404] cloud-init[696]: |        =..+..   |
[   21.482205] cloud-init[696]: |       +So ..    |
[   21.485817] cloud-init[696]: |      o o .      |
[   21.490124] cloud-init[696]: |   + o . . .     |
[   21.496852] cloud-init[696]: |  + + =o.   E    |
[   21.501035] cloud-init[696]: |   .oO=o         |
[   21.512128]          Starting Dispatcher daemon for systemd-networkd...
cloud-init         Starting Permit User Sessions...[696]: 
         Starting Pollinate to seed the pseudo random number generator...
+----[SHA256]-----+
[   21.547662] [[0;32m  OK  [0m] Started Deferred execution scheduler.
cloud-init[696]: Generating public/private ed25519 key pair.
[   21.570827] cloud-init[696]: Your identification has been saved in /etc/ssh/ssh_host_ed25519_key.[[0;32m  OK  [0m] Started Regular background program processing daemon.
[[0;32m  OK  [0m] Started D-Bus System Message Bus.

[   21.604915] cloud-init[696]: Your public key has been saved in /etc/ssh/ssh_host_ed25519_key.pub.
[   21.626793] cloud-init[696]: The key fingerprint is:
[   21.646777] cloud-init[696]: SHA256:Mu8zc9Brfpz1GRaTh6z3WPtNsN3cCXVuUbLMobveTvE root@ubuntu-bionic
[   21.657230] cloud-init[696]: The key's randomart image is:
[   21.668647] cloud-init[696]: +--[ED25519 256]--+
[   21.673375] cloud-init[696]: |              o .|
[   21.677475] cloud-init[696]: |             + +.|
[   21.683500] cloud-init[696]: |            ..++o|
[   21.688504] cloud-init[696]: |             .+=+|
[   21.692432] cloud-init[696]: |      o S.  .oo *|
[   21.697143] cloud-init[696]: |       +. . ..+@=|
[   21.701157] cloud-init[696]: |        .. o.++*E|
[   21.706323] cloud-init[696]: |       .+ +.+o.++|
[   21.710715] cloud-init[696]: |        .B....o +|
[   21.718126] cloud-init[696]: +----[SHA256]-----+
         Starting LSB: automatic crash report generation...
         Starting System Logging Service...
         Starting Login Service...
         Starting Snap Daemon...
         Starting LXD - container startup/shutdown...
[[0;32m  OK  [0m] Started Permit User Sessions.
[[0;32m  OK  [0m] Started Login Service.
[[0;32m  OK  [0m] Started Unattended Upgrades Shutdown.
         Starting Authorization Manager...
         Starting Hold until boot process finishes up...
         Starting Terminate Plymouth Boot Screen...
[[0;32m  OK  [0m] Started Hold until boot process finishes up.
[[0;32m  OK  [0m] Started Serial Getty on ttyS0.
         Starting Set console scheme...
[[0;32m  OK  [0m] Started Terminate Plymouth Boot Screen.
[[0;32m  OK  [0m] Started System Logging Service.
[[0;32m  OK  [0m] Started Set console scheme.
[[0;32m  OK  [0m] Created slice system-getty.slice.
[[0;32m  OK  [0m] Started Getty on tty1.
[[0;32m  OK  [0m] Reached target Login Prompts.
[[0;32m  OK  [0m] Started LSB: automatic crash report generation.
[[0;32m  OK  [0m] Started LSB: Record successful boot for GRUB.
[[0;32m  OK  [0m] Started Authorization Manager.
[[0;32m  OK  [0m] Started Accounts Service.
[[0;32m  OK  [0m] Started Virtualbox guest utils.
[[0;32m  OK  [0m] Started Dispatcher daemon for systemd-networkd.
[[0;32m  OK  [0m] Started LXD - container startup/shutdown.
[[0;32m  OK  [0m] Started Pollinate to seed the pseudo random number generator.
         Starting OpenBSD Secure Shell server...
[[0;32m  OK  [0m] Started OpenBSD Secure Shell server.
[[0;32m  OK  [0m] Started Snap Daemon.
         Starting Wait until snapd is fully seeded...
[[0;32m  OK  [0m] Created slice User Slice of vagrant.
         Starting User Manager for UID 1000...
[[0;32m  OK  [0m] Started Session 1 of user vagrant.
[[0;32m  OK  [0m] Started User Manager for UID 1000.

Ubuntu 18.04.6 LTS ubuntu-bionic ttyS0

ubuntu-bionic login: [   30.087146] cloud-init[1253]: Cloud-init v. 21.3-1-g6803368d-0ubuntu1~18.04.4 running 'modules:config' at Mon, 08 Nov 2021 08:35:40 +0000. Up 28.47 seconds.
ci-info: no authorized SSH keys fingerprints found for user ubuntu.
<14>Nov  8 08:35:42 cloud-init: #############################################################
<14>Nov  8 08:35:42 cloud-init: -----BEGIN SSH HOST KEY FINGERPRINTS-----
<14>Nov  8 08:35:42 cloud-init: 1024 SHA256:NOHrObXof+PrUefwq5VqutdF2zEdjFoZog4Vht9H3rE root@ubuntu-bionic (DSA)
<14>Nov  8 08:35:42 cloud-init: 256 SHA256:NURYRR57ZOIOgT4+qDjZu59pJ3huURD9EpBWjwRd/Po root@ubuntu-bionic (ECDSA)
<14>Nov  8 08:35:42 cloud-init: 256 SHA256:Mu8zc9Brfpz1GRaTh6z3WPtNsN3cCXVuUbLMobveTvE root@ubuntu-bionic (ED25519)
<14>Nov  8 08:35:42 cloud-init: 2048 SHA256:n07eyKynjZdjKgE5xwLDkAoMaCCgGKi0qFg1XLldFqo root@ubuntu-bionic (RSA)
<14>Nov  8 08:35:42 cloud-init: -----END SSH HOST KEY FINGERPRINTS-----
<14>Nov  8 08:35:42 cloud-init: #############################################################
-----BEGIN SSH HOST KEY KEYS-----
ecdsa-sha2-nistp256 AAAAE2VjZHNhLXNoYTItbmlzdHAyNTYAAAAIbmlzdHAyNTYAAABBBFfBf44S8kMJBpacZTICxZdnsR2hL/EwrVcF47Ux/tMk4mF4jv9icN0PH0lgo1dIWT8gcsKpJU97qfCn89evC8w= root@ubuntu-bionic
ssh-ed25519 AAAAC3NzaC1lZDI1NTE5AAAAIASDoDekg5IGyiJ3JgCipRosmivgk2HATtHF5qSj1NsB root@ubuntu-bionic
ssh-rsa AAAAB3NzaC1yc2EAAAADAQABAAABAQDoF57LUo4vYHZlVxFUOnRQ84p2bfpEym48amDh6oAUUPrgH+m2uTcMEl+DWfkIpPSrWlwzGEHMHamDkYIly64NFnhYbOKHFdg/czfLt0s6Iv8ZZh3zXBKoJjE9DUQhmCh0ZsVna/3DG+SdKviR84UwVyYpN3cedxauSx+VizC5/gxkFD1HN5KgeiSJrDKbePH6fU+hntSxtFjB/8zmvj5YhaZK/CgKYuHdkOb1d3Uh5JfS6fWcvgn1miChTn1Pwb3LXe0Z2nnh2HqnIX+Kawd7Z8ihaCkx5bWm5R2TSo+e326D/3UTiAsuhSdJBaa3okJOYQd16PXPk17WmLrPvGAB root@ubuntu-bionic
-----END SSH HOST KEY KEYS-----
[   31.188191] cloud-init[1328]: Cloud-init v. 21.3-1-g6803368d-0ubuntu1~18.04.4 running 'modules:final' at Mon, 08 Nov 2021 08:35:42 +0000. Up 30.71 seconds.
[   31.200834] cloud-init[1328]: ci-info: no authorized SSH keys fingerprints found for user ubuntu.
[   31.229535] cloud-init[1328]: Cloud-init v. 21.3-1-g6803368d-0ubuntu1~18.04.4 finished at Mon, 08 Nov 2021 08:35:42 +0000. Datasource DataSourceNoCloud [seed=/dev/sdb][dsmode=net].  Up 31.18 seconds
