[    0.000000] Initializing cgroup subsys cpuset
[    0.000000] Initializing cgroup subsys cpu
[    0.000000] Initializing cgroup subsys cpuacct
[    0.000000] Linux version 4.4.0-210-generic (buildd@lgw01-amd64-009) (gcc version 5.4.0 20160609 (Ubuntu 5.4.0-6ubuntu1~16.04.12) ) #242-Ubuntu SMP Fri Apr 16 09:57:56 UTC 2021 (Ubuntu 4.4.0-210.242-generic 4.4.262)
[    0.000000] Command line: BOOT_IMAGE=/boot/vmlinuz-4.4.0-210-generic root=LABEL=cloudimg-rootfs ro console=tty1 console=ttyS0
[    0.000000] KERNEL supported cpus:
[    0.000000]   Intel GenuineIntel
[    0.000000]   AMD AuthenticAMD
[    0.000000]   Centaur CentaurHauls
[    0.000000] x86/fpu: Legacy x87 FPU detected.
[    0.000000] e820: BIOS-provided physical RAM map:
[    0.000000] BIOS-e820: [mem 0x0000000000000000-0x000000000009fbff] usable
[    0.000000] BIOS-e820: [mem 0x000000000009fc00-0x000000000009ffff] reserved
[    0.000000] BIOS-e820: [mem 0x00000000000f0000-0x00000000000fffff] reserved
[    0.000000] BIOS-e820: [mem 0x0000000000100000-0x000000003ffeffff] usable
[    0.000000] BIOS-e820: [mem 0x000000003fff0000-0x000000003fffffff] ACPI data
[    0.000000] BIOS-e820: [mem 0x00000000fec00000-0x00000000fec00fff] reserved
[    0.000000] BIOS-e820: [mem 0x00000000fee00000-0x00000000fee00fff] reserved
[    0.000000] BIOS-e820: [mem 0x00000000fffc0000-0x00000000ffffffff] reserved
[    0.000000] NX (Execute Disable) protection: active
[    0.000000] SMBIOS 2.5 present.
[    0.000000] Hypervisor detected: KVM
[    0.000000] e820: last_pfn = 0x3fff0 max_arch_pfn = 0x400000000
[    0.000000] MTRR: Disabled
[    0.000000] x86/PAT: MTRRs disabled, skipping PAT initialization too.
[    0.000000] CPU MTRRs all blank - virtualized system.
[    0.000000] x86/PAT: Configuration [0-7]: WB  WT  UC- UC  WB  WT  UC- UC  
[    0.000000] found SMP MP-table at [mem 0x0009fff0-0x0009ffff] mapped at [ffff88000009fff0]
[    0.000000] Scanning 1 areas for low memory corruption
[    0.000000] RAMDISK: [mem 0x362dc000-0x37165fff]
[    0.000000] ACPI: Early table checksum verification disabled
[    0.000000] ACPI: RSDP 0x00000000000E0000 000024 (v02 VBOX  )
[    0.000000] ACPI: XSDT 0x000000003FFF0030 00003C (v01 VBOX   VBOXXSDT 00000001 ASL  00000061)
[    0.000000] ACPI: FACP 0x000000003FFF00F0 0000F4 (v04 VBOX   VBOXFACP 00000001 ASL  00000061)
[    0.000000] ACPI: DSDT 0x000000003FFF0470 002325 (v02 VBOX   VBOXBIOS 00000002 INTL 20100528)
[    0.000000] ACPI: FACS 0x000000003FFF0200 000040
[    0.000000] ACPI: FACS 0x000000003FFF0200 000040
[    0.000000] ACPI: APIC 0x000000003FFF0240 000054 (v02 VBOX   VBOXAPIC 00000001 ASL  00000061)
[    0.000000] ACPI: SSDT 0x000000003FFF02A0 0001CC (v01 VBOX   VBOXCPUT 00000002 INTL 20100528)
[    0.000000] No NUMA configuration found
[    0.000000] Faking a node at [mem 0x0000000000000000-0x000000003ffeffff]
[    0.000000] NODE_DATA(0) allocated [mem 0x3ffeb000-0x3ffeffff]
[    0.000000] kvm-clock: Using msrs 4b564d01 and 4b564d00
[    0.000000] kvm-clock: cpu 0, msr 0:3ffe3001, primary cpu clock
[    0.000000] kvm-clock: using sched offset of 4565243184 cycles
[    0.000000] clocksource: kvm-clock: mask: 0xffffffffffffffff max_cycles: 0x1cd42e4dffb, max_idle_ns: 881590591483 ns
[    0.000000] Zone ranges:
[    0.000000]   DMA      [mem 0x0000000000001000-0x0000000000ffffff]
[    0.000000]   DMA32    [mem 0x0000000001000000-0x000000003ffeffff]
[    0.000000]   Normal   empty
[    0.000000]   Device   empty
[    0.000000] Movable zone start for each node
[    0.000000] Early memory node ranges
[    0.000000]   node   0: [mem 0x0000000000001000-0x000000000009efff]
[    0.000000]   node   0: [mem 0x0000000000100000-0x000000003ffeffff]
[    0.000000] Initmem setup node 0 [mem 0x0000000000001000-0x000000003ffeffff]
[    0.000000] ACPI: PM-Timer IO Port: 0x4008
[    0.000000] IOAPIC[0]: apic_id 1, version 32, address 0xfec00000, GSI 0-23
[    0.000000] ACPI: INT_SRC_OVR (bus 0 bus_irq 0 global_irq 2 dfl dfl)
[    0.000000] ACPI: INT_SRC_OVR (bus 0 bus_irq 9 global_irq 9 low level)
[    0.000000] Using ACPI (MADT) for SMP configuration information
[    0.000000] smpboot: Allowing 1 CPUs, 0 hotplug CPUs
[    0.000000] PM: Registered nosave memory: [mem 0x00000000-0x00000fff]
[    0.000000] PM: Registered nosave memory: [mem 0x0009f000-0x0009ffff]
[    0.000000] PM: Registered nosave memory: [mem 0x000a0000-0x000effff]
[    0.000000] PM: Registered nosave memory: [mem 0x000f0000-0x000fffff]
[    0.000000] e820: [mem 0x40000000-0xfebfffff] available for PCI devices
[    0.000000] Booting paravirtualized kernel on KVM
[    0.000000] clocksource: refined-jiffies: mask: 0xffffffff max_cycles: 0xffffffff, max_idle_ns: 7645519600211568 ns
[    0.000000] setup_percpu: NR_CPUS:512 nr_cpumask_bits:512 nr_cpu_ids:1 nr_node_ids:1
[    0.000000] PERCPU: Embedded 33 pages/cpu @ffff88003fc00000 s95192 r8192 d31784 u2097152
[    0.000000] Built 1 zonelists in Node order, mobility grouping on.  Total pages: 257912
[    0.000000] Policy zone: DMA32
[    0.000000] Kernel command line: BOOT_IMAGE=/boot/vmlinuz-4.4.0-210-generic root=LABEL=cloudimg-rootfs ro console=tty1 console=ttyS0
[    0.000000] PID hash table entries: 4096 (order: 3, 32768 bytes)
[    0.000000] Memory: 997924K/1048120K available (8644K kernel code, 1332K rwdata, 4044K rodata, 1492K init, 1164K bss, 50196K reserved, 0K cma-reserved)
[    0.000000] SLUB: HWalign=64, Order=0-3, MinObjects=0, CPUs=1, Nodes=1
[    0.000000] Kernel/User page tables isolation: enabled
[    0.000000] Hierarchical RCU implementation.
[    0.000000] 	Build-time adjustment of leaf fanout to 64.
[    0.000000] 	RCU restricting CPUs from NR_CPUS=512 to nr_cpu_ids=1.
[    0.000000] RCU: Adjusting geometry for rcu_fanout_leaf=64, nr_cpu_ids=1
[    0.000000] NR_IRQS:33024 nr_irqs:256 16
[    0.000000] Console: colour VGA+ 80x25
[    0.000000] console [tty1] enabled
[    0.000000] console [ttyS0] enabled
[    0.000000] tsc: Detected 2903.998 MHz processor
[    0.507952] Calibrating delay loop (skipped) preset value.. 5807.99 BogoMIPS (lpj=11615992)
[    0.514233] pid_max: default: 32768 minimum: 301
[    0.517658] ACPI: Core revision 20150930
[    0.521601] ACPI: 2 ACPI AML tables successfully acquired and loaded
[    0.527708] Security Framework initialized
[    0.531523] Yama: becoming mindful.
[    0.534744] AppArmor: AppArmor initialized
[    0.537961] Dentry cache hash table entries: 131072 (order: 8, 1048576 bytes)
[    0.547559] Inode-cache hash table entries: 65536 (order: 7, 524288 bytes)
[    0.555642] Mount-cache hash table entries: 2048 (order: 2, 16384 bytes)
[    0.562253] Mountpoint-cache hash table entries: 2048 (order: 2, 16384 bytes)
[    0.571093] Initializing cgroup subsys io
[    0.574910] Initializing cgroup subsys memory
[    0.578722] Initializing cgroup subsys devices
[    0.582101] Initializing cgroup subsys freezer
[    0.585445] Initializing cgroup subsys net_cls
[    0.588792] Initializing cgroup subsys perf_event
[    0.592664] Initializing cgroup subsys net_prio
[    0.596531] Initializing cgroup subsys hugetlb
[    0.600022] Initializing cgroup subsys pids
[    0.603922] mce: CPU supports 0 MCE banks
[    0.607342] Last level iTLB entries: 4KB 128, 2MB 8, 4MB 8
[    0.612273] Last level dTLB entries: 4KB 64, 2MB 0, 4MB 0, 1GB 4
[    0.616921] Spectre V1 : Mitigation: usercopy/swapgs barriers and __user pointer sanitization
[    0.624239] Spectre V2 : Mitigation: Full generic retpoline
[    0.628245] Spectre V2 : Spectre v2 / SpectreRSB mitigation: Filling RSB on context switch
[    0.634443] Speculative Store Bypass: Vulnerable
[    0.639267] MDS: Mitigation: Clear CPU buffers
[    0.754445] Freeing SMP alternatives memory: 36K
[    0.804108] ftrace: allocating 32380 entries in 127 pages
[    1.378569] smpboot: APIC(0) Converting physical 0 to logical package 0
[    1.384492] smpboot: Max logical packages: 1
[    1.402647] ..TIMER: vector=0x30 apic1=0 pin1=2 apic2=-1 pin2=-1
[    1.516043] APIC calibration not consistent with PM-Timer: 96ms instead of 100ms
[    1.522107] APIC delta adjusted to PM-Timer: 6221205 (6000342)
[    1.528619] smpboot: CPU0: Intel(R) Core(TM) i5-9400F CPU @ 2.90GHz (family: 0x6, model: 0x9e, stepping: 0xa)
[    1.537122] Performance Events: unsupported p6 CPU model 158 no PMU driver, software events only.
[    1.594663] KVM setup paravirtual spinlock
[    1.599984] x86: Booted up 1 node, 1 CPUs
[    1.602836] smpboot: Total of 1 processors activated (5807.99 BogoMIPS)
[    1.610695] devtmpfs: initialized
[    1.615503] evm: security.selinux
[    1.618074] evm: security.SMACK64
[    1.621062] evm: security.SMACK64EXEC
[    1.623925] evm: security.SMACK64TRANSMUTE
[    1.627199] evm: security.SMACK64MMAP
[    1.629985] evm: security.ima
[    1.632548] evm: security.capability
[    1.635452] clocksource: jiffies: mask: 0xffffffff max_cycles: 0xffffffff, max_idle_ns: 7645041785100000 ns
[    1.643000] futex hash table entries: 256 (order: 2, 16384 bytes)
[    1.647348] pinctrl core: initialized pinctrl subsystem
[    1.651314] RTC time: 11:28:38, date: 11/11/21
[    1.654796] NET: Registered protocol family 16
[    1.658345] cpuidle: using governor ladder
[    1.661999] cpuidle: using governor menu
[    1.665267] PCCT header not found.
[    1.667816] ACPI: bus type PCI registered
[    1.670776] acpiphp: ACPI Hot Plug PCI Controller Driver version: 0.5
[    1.675676] PCI: Using configuration type 1 for base access
[    1.682559] ACPI: Added _OSI(Module Device)
[    1.685782] ACPI: Added _OSI(Processor Device)
[    1.689511] ACPI: Added _OSI(3.0 _SCP Extensions)
[    1.693982] ACPI: Added _OSI(Processor Aggregator Device)
[    1.699358] ACPI: Executed 1 blocks of module-level executable AML code
[    1.707304] ACPI: Interpreter enabled
[    1.710137] ACPI: (supports S0 S5)
[    1.713031] ACPI: Using IOAPIC for interrupt routing
[    1.716745] PCI: Using host bridge windows from ACPI; if necessary, use "pci=nocrs" and report a bug
[    1.731054] ACPI: PCI Root Bridge [PCI0] (domain 0000 [bus 00-ff])
[    1.735523] acpi PNP0A03:00: _OSC: OS supports [ASPM ClockPM Segments MSI]
[    1.740822] acpi PNP0A03:00: _OSC: not requesting OS control; OS requires [ExtendedConfig ASPM ClockPM MSI]
[    1.748412] acpi PNP0A03:00: fail to add MMCONFIG information, can't access extended PCI configuration space under this bridge.
[    1.758110] PCI host bridge to bus 0000:00
[    1.760975] pci_bus 0000:00: root bus resource [io  0x0000-0x0cf7 window]
[    1.766216] pci_bus 0000:00: root bus resource [io  0x0d00-0xffff window]
[    1.770889] pci_bus 0000:00: root bus resource [mem 0x000a0000-0x000bffff window]
[    1.776342] pci_bus 0000:00: root bus resource [mem 0x40000000-0xfdffffff window]
[    1.782627] pci_bus 0000:00: root bus resource [bus 00-ff]
[    1.790941] pci 0000:00:01.1: legacy IDE quirk: reg 0x10: [io  0x01f0-0x01f7]
[    1.796115] pci 0000:00:01.1: legacy IDE quirk: reg 0x14: [io  0x03f6]
[    1.800961] pci 0000:00:01.1: legacy IDE quirk: reg 0x18: [io  0x0170-0x0177]
[    1.807328] pci 0000:00:01.1: legacy IDE quirk: reg 0x1c: [io  0x0376]
[    1.970273] pci 0000:00:07.0: quirk: [io  0x4000-0x403f] claimed by PIIX4 ACPI
[    1.975853] pci 0000:00:07.0: quirk: [io  0x4100-0x410f] claimed by PIIX4 SMB
[    1.988333] ACPI: PCI Interrupt Link [LNKA] (IRQs 5 9 10 *11)
[    1.994405] ACPI: PCI Interrupt Link [LNKB] (IRQs 5 9 *10 11)
[    2.000726] ACPI: PCI Interrupt Link [LNKC] (IRQs 5 *9 10 11)
[    2.006792] ACPI: PCI Interrupt Link [LNKD] (IRQs 5 9 10 *11)
[    2.032628] ACPI: Enabled 2 GPEs in block 00 to 07
[    2.037110] vgaarb: setting as boot device: PCI:0000:00:02.0
[    2.041165] vgaarb: device added: PCI:0000:00:02.0,decodes=io+mem,owns=io+mem,locks=none
[    2.048453] vgaarb: loaded
[    2.050626] vgaarb: bridge control possible 0000:00:02.0
[    2.054752] SCSI subsystem initialized
[    2.058358] ACPI: bus type USB registered
[    2.061363] usbcore: registered new interface driver usbfs
[    2.065818] usbcore: registered new interface driver hub
[    2.070141] usbcore: registered new device driver usb
[    2.074408] PCI: Using ACPI for IRQ routing
[    2.078022] NetLabel: Initializing
[    2.081112] NetLabel:  domain hash size = 128
[    2.084250] NetLabel:  protocols = UNLABELED CIPSOv4
[    2.088134] NetLabel:  unlabeled traffic allowed by default
[    2.092613] amd_nb: Cannot enumerate AMD northbridges
[    2.096075] clocksource: Switched to clocksource kvm-clock
[    2.133149] AppArmor: AppArmor Filesystem Enabled
[    2.137007] pnp: PnP ACPI init
[    2.140949] pnp: PnP ACPI: found 3 devices
[    2.153849] clocksource: acpi_pm: mask: 0xffffff max_cycles: 0xffffff, max_idle_ns: 2085701024 ns
[    2.160835] NET: Registered protocol family 2
[    2.164527] TCP established hash table entries: 8192 (order: 4, 65536 bytes)
[    2.169724] TCP bind hash table entries: 8192 (order: 5, 131072 bytes)
[    2.174818] TCP: Hash tables configured (established 8192 bind 8192)
[    2.179982] UDP hash table entries: 512 (order: 2, 16384 bytes)
[    2.185163] UDP-Lite hash table entries: 512 (order: 2, 16384 bytes)
[    2.189803] NET: Registered protocol family 1
[    2.193726] pci 0000:00:00.0: Limiting direct PCI/PCI transfers
[    2.198590] pci 0000:00:01.0: Activating ISA DMA hang workarounds
[    2.203392] Unpacking initramfs...
[    2.588381] Freeing initrd memory: 14888K
[    2.592984] clocksource: tsc: mask: 0xffffffffffffffff max_cycles: 0x29dc03c1beb, max_idle_ns: 440795205215 ns
[    2.599720] platform rtc_cmos: registered platform RTC device (no PNP device found)
[    2.606564] Scanning for low memory corruption every 60 seconds
[    2.611575] audit: initializing netlink subsys (disabled)
[    2.616628] audit: type=2000 audit(1636630124.457:1): initialized
[    2.621310] Initialise system trusted keyring
[    2.625028] HugeTLB registered 2 MB page size, pre-allocated 0 pages
[    2.631400] zbud: loaded
[    2.634185] VFS: Disk quotas dquot_6.6.0
[    2.637135] VFS: Dquot-cache hash table entries: 512 (order 0, 4096 bytes)
[    2.642364] squashfs: version 4.0 (2009/01/31) Phillip Lougher
[    2.646904] fuse init (API version 7.23)
[    2.650359] Key type big_key registered
[    2.653265] Allocating IMA MOK and blacklist keyrings.
[    2.658456] Key type asymmetric registered
[    2.661435] Asymmetric key parser 'x509' registered
[    2.664933] Block layer SCSI generic (bsg) driver version 0.4 loaded (major 249)
[    2.670209] io scheduler noop registered
[    2.673406] io scheduler deadline registered (default)
[    2.677098] io scheduler cfq registered
[    2.679914] pci_hotplug: PCI Hot Plug PCI Core version: 0.5
[    2.684747] pciehp: PCI Express Hot Plug Controller Driver version: 0.4
[    2.689467] ACPI: AC Adapter [AC] (on-line)
[    2.692977] input: Power Button as /devices/LNXSYSTM:00/LNXPWRBN:00/input/input0
[    2.698169] ACPI: Power Button [PWRF]
[    2.701216] input: Sleep Button as /devices/LNXSYSTM:00/LNXSLPBN:00/input/input1
[    2.706426] ACPI: Sleep Button [SLPF]
[    2.709739] GHES: HEST is not enabled!
[    2.712614] Serial: 8250/16550 driver, 32 ports, IRQ sharing enabled
[    2.748375] 00:02: ttyS0 at I/O 0x3f8 (irq = 4, base_baud = 115200) is a 16550A
[    2.757410] Linux agpgart interface v0.103
[    2.767678] loop: module loaded
[    2.772401] scsi host0: ata_piix
[    2.775118] scsi host1: ata_piix
[    2.777598] ata1: PATA max UDMA/33 cmd 0x1f0 ctl 0x3f6 bmdma 0xd000 irq 14
[    2.782330] ata2: PATA max UDMA/33 cmd 0x170 ctl 0x376 bmdma 0xd008 irq 15
[    2.788476] libphy: Fixed MDIO Bus: probed
[    2.791729] tun: Universal TUN/TAP device driver, 1.6
[    2.796045] tun: (C) 1999-2004 Max Krasnyansky <maxk@qualcomm.com>
[    2.801514] PPP generic driver version 2.4.2
[    2.804782] ehci_hcd: USB 2.0 'Enhanced' Host Controller (EHCI) Driver
[    2.809497] ehci-pci: EHCI PCI platform driver
[    2.812775] ehci-platform: EHCI generic platform driver
[    2.816484] ohci_hcd: USB 1.1 'Open' Host Controller (OHCI) Driver
[    2.820884] ohci-pci: OHCI PCI platform driver
[    2.824500] ohci-platform: OHCI generic platform driver
[    2.828472] uhci_hcd: USB Universal Host Controller Interface driver
[    2.832963] i8042: PNP: PS/2 Controller [PNP0303:PS2K,PNP0f03:PS2M] at 0x60,0x64 irq 1,12
[    2.842620] serio: i8042 KBD port at 0x60,0x64 irq 1
[    2.847161] serio: i8042 AUX port at 0x60,0x64 irq 12
[    2.851538] mousedev: PS/2 mouse device common for all mice
[    2.858264] input: AT Translated Set 2 keyboard as /devices/platform/i8042/serio0/input/input2
[    2.865687] rtc_cmos rtc_cmos: rtc core: registered rtc_cmos as rtc0
[    2.870537] rtc_cmos rtc_cmos: alarms up to one day, 114 bytes nvram
[    2.876256] i2c /dev entries driver
[    2.879112] device-mapper: uevent: version 1.0.3
[    2.882727] device-mapper: ioctl: 4.34.0-ioctl (2015-10-28) initialised: dm-devel@redhat.com
[    2.889329] ledtrig-cpu: registered to indicate activity on CPUs
[    2.894721] NET: Registered protocol family 10
[    2.898840] NET: Registered protocol family 17
[    2.902065] Key type dns_resolver registered
[    2.905500] registered taskstats version 1
[    2.909283] Loading compiled-in X.509 certificates
[    2.913173] Loaded X.509 cert 'Build time autogenerated kernel key: cf00e047681d67edb2720680708b7d9498083038'
[    2.919921] zswap: loaded using pool lzo/zbud
[    2.925607] Key type trusted registered
[    2.930936] Key type encrypted registered
[    2.934012] AppArmor: AppArmor sha1 policy hashing enabled
[    2.938468] ima: No TPM chip found, activating TPM-bypass!
[    2.997018] ima: Allocated hash algorithm: sha1
[    3.000684] evm: HMAC attrs: 0x1
[    3.003434]   Magic number: 13:947:478
[    3.006540] rtc rtc0: hash matches
[    3.009475] rtc_cmos rtc_cmos: setting system clock to 2021-11-11 11:28:39 UTC (1636630119)
[    3.015603] BIOS EDD facility v0.16 2004-Jun-25, 0 devices found
[    3.020696] EDD information not available.
[    3.025629] Freeing unused kernel memory: 1492K
[    3.029030] Write protecting the kernel read-only data: 14336k
[    3.033296] Freeing unused kernel memory: 1584K
[    3.036643] Freeing unused kernel memory: 52K
Loading, please wait...
starting version 229
[    3.055695] random: udevadm: uninitialized urandom read (16 bytes read, 3 bits of entropy available)
[    3.064132] random: systemd-udevd: uninitialized urandom read (16 bytes read, 3 bits of entropy available)
[    3.072586] random: systemd-udevd: uninitialized urandom read (16 bytes read, 3 bits of entropy available)
[    3.079602] random: udevadm: uninitialized urandom read (16 bytes read, 3 bits of entropy available)
[    3.087295] random: systemd-udevd: uninitialized urandom read (16 bytes read, 3 bits of entropy available)
[    3.104427] random: systemd-udevd: uninitialized urandom read (16 bytes read, 3 bits of entropy available)
[    3.114173] random: udevadm: uninitialized urandom read (16 bytes read, 3 bits of entropy available)
[    3.121315] random: systemd-udevd: uninitialized urandom read (16 bytes read, 3 bits of entropy available)
[    3.128248] random: udevadm: uninitialized urandom read (16 bytes read, 3 bits of entropy available)
[    3.134590] random: udevadm: uninitialized urandom read (16 bytes read, 3 bits of entropy available)
[    3.205675] Fusion MPT base driver 3.04.20
[    3.209799] Copyright (c) 1999-2008 LSI Corporation
[    3.220631] e1000: Intel(R) PRO/1000 Network Driver - version 7.3.21-k8-NAPI
[    3.227237] e1000: Copyright (c) 1999-2006 Intel Corporation.
[    3.263721] Fusion MPT SPI Host driver 3.04.20
[    3.482522] input: ImExPS/2 Generic Explorer Mouse as /devices/platform/i8042/serio1/input/input4
[    3.996507] e1000 0000:00:03.0 eth0: (PCI:33MHz:32-bit) 02:be:82:6b:cc:1d
[    4.001612] e1000 0000:00:03.0 eth0: Intel(R) PRO/1000 Network Connection
[    4.007275] mptbase: ioc0: Initiating bringup
[    4.078764] ioc0: LSI53C1030 A0: Capabilities={Initiator}
[    4.268863] scsi host2: ioc0: LSI53C1030 A0, FwRev=00000000h, Ports=1, MaxQ=256, IRQ=20
[    4.386669] scsi 2:0:0:0: Direct-Access     VBOX     HARDDISK         1.0  PQ: 0 ANSI: 5
[    4.394170] scsi target2:0:0: Beginning Domain Validation
[    4.406278] scsi target2:0:0: Domain Validation skipping write tests
[    4.411624] scsi target2:0:0: Ending Domain Validation
[    4.424055] scsi target2:0:0: asynchronous
[    4.454131] scsi 2:0:1:0: Direct-Access     VBOX     HARDDISK         1.0  PQ: 0 ANSI: 5
[    4.468313] scsi target2:0:1: Beginning Domain Validation
[    4.525563] scsi target2:0:1: Domain Validation skipping write tests
[    4.529955] scsi target2:0:1: Ending Domain Validation
[    4.542090] scsi target2:0:1: asynchronous
[    4.714005] sd 2:0:0:0: Attached scsi generic sg0 type 0
[    4.719403] sd 2:0:0:0: [sda] 83886080 512-byte logical blocks: (42.9 GB/40.0 GiB)
[    4.726647] sd 2:0:1:0: [sdb] 20480 512-byte logical blocks: (10.5 MB/10.0 MiB)
[    4.732713] sd 2:0:1:0: Attached scsi generic sg1 type 0
[    4.745989] sd 2:0:0:0: [sda] Write Protect is off
[    4.749654] sd 2:0:1:0: [sdb] Write Protect is off
[    4.753675] sd 2:0:1:0: [sdb] Incomplete mode parameter data
[    4.757754] sd 2:0:1:0: [sdb] Assuming drive cache: write through
[    4.765365] sd 2:0:0:0: [sda] Incomplete mode parameter data
[    4.769734] sd 2:0:0:0: [sda] Assuming drive cache: write through
[    4.794301]  sda: sda1
[    4.807080] sd 2:0:0:0: [sda] Attached SCSI disk
[    4.813278] sd 2:0:1:0: [sdb] Attached SCSI disk
[    5.163925] e1000 0000:00:08.0 eth1: (PCI:33MHz:32-bit) 08:00:27:33:db:ff
[    5.170020] e1000 0000:00:08.0 eth1: Intel(R) PRO/1000 Network Connection
[    5.176476] e1000 0000:00:08.0 enp0s8: renamed from eth1
[    5.181095] e1000 0000:00:03.0 enp0s3: renamed from eth0
Begin: Loading essential drivers ... [    6.696237] md: linear personality registered for level -1
[    6.702977] md: multipath personality registered for level -4
[    6.711189] md: raid0 personality registered for level 0
[    6.721953] md: raid1 personality registered for level 1
[    6.796850] raid6: sse2x1   gen() 12783 MB/s
[    6.872236] raid6: sse2x1   xor()  9691 MB/s
[    6.948351] raid6: sse2x2   gen() 16145 MB/s
[    7.024141] raid6: sse2x2   xor() 11014 MB/s
[    7.098225] raid6: sse2x4   gen() 18369 MB/s
[    7.172835] raid6: sse2x4   xor() 12033 MB/s
[    7.176853] raid6: using algorithm sse2x4 gen() 18369 MB/s
[    7.180823] raid6: .... xor() 12033 MB/s, rmw enabled
[    7.185002] raid6: using ssse3x2 recovery algorithm
[    7.190734] xor: measuring software checksum speed
[    7.301537]    prefetch64-sse: 56994.000 MB/sec
[    7.408674]    generic_sse: 53293.000 MB/sec
[    7.412249] xor: using function: prefetch64-sse (56994.000 MB/sec)
[    7.418215] async_tx: api initialized (async)
[    7.442299] md: raid6 personality registered for level 6
[    7.446504] md: raid5 personality registered for level 5
[    7.450338] md: raid4 personality registered for level 4
[    7.463219] md: raid10 personality registered for level 10
done.
Begin: Running /scripts/init-premount ... done.
Begin: Mounting root file system ... Begin: Running /scripts/local-top ... done.
Begin: Running /scripts/local-premount ... [    7.531151] Btrfs loaded
Scanning for Btrfs filesystems
done.
Warning: fsck not present, so skipping root file system
[    7.592096] EXT4-fs (sda1): mounted filesystem with ordered data mode. Opts: (null)
done.
Begin: Running /scripts/local-bottom ... done.
Begin: Running /scripts/init-bottom ... done.
[    8.192602] systemd[1]: systemd 229 running in system mode. (+PAM +AUDIT +SELINUX +IMA +APPARMOR +SMACK +SYSVINIT +UTMP +LIBCRYPTSETUP +GCRYPT +GNUTLS +ACL +XZ -LZ4 +SECCOMP +BLKID +ELFUTILS +KMOD -IDN)
[    8.207613] systemd[1]: Detected virtualization oracle.
[    8.212062] systemd[1]: Detected architecture x86-64.

Welcome to [1mUbuntu 16.04.7 LTS[0m!

[    8.257190] systemd[1]: Set hostname to <ubuntu>.
[    8.277393] systemd[1]: Initializing machine ID from random generator.
[    8.282599] systemd[1]: Installed transient /etc/machine-id file.
[    8.401011] random: nonblocking pool is initialized
[    9.242536] systemd[1]: Created slice System Slice.
[[0;32m  OK  [0m] Created slice System Slice.
[    9.251803] systemd[1]: Listening on LVM2 poll daemon socket.
[[0;32m  OK  [0m] Listening on LVM2 poll daemon socket.
[    9.262262] systemd[1]: Created slice system-serial\x2dgetty.slice.
[[0;32m  OK  [0m] Created slice system-serial\x2dgetty.slice.
[    9.272007] systemd[1]: Created slice User and Session Slice.
[[0;32m  OK  [0m] Created slice User and Session Slice.
[    9.282716] systemd[1]: Reached target Slices.
[[0;32m  OK  [0m] Reached target Slices.
[    9.291078] systemd[1]: Listening on Syslog Socket.
[[0;32m  OK  [0m] Listening on Syslog Socket.
[    9.300071] systemd[1]: Listening on Journal Socket.
[[0;32m  OK  [0m] Listening on Journal Socket.
[    9.309975] systemd[1]: Starting Create list of required static device nodes for the current kernel...
         Starting Create list of required st... nodes for the current kernel...
[    9.367215] systemd[1]: Starting Load Kernel Modules...
         Starting Load Kernel Modules...
[    9.380010] systemd[1]: Starting Nameserver information manager...
         Starting Nameserver information manager...
[    9.392378] systemd[1]: Mounting Huge Pages File System...
         Mounting Huge Pages File System...
[    9.407179] systemd[1]: Mounting POSIX Message Queue File System...
         Mounting POSIX Message Queue File System...
[    9.424247] systemd[1]: Mounting Debug File System...
         Mounting Debug File System...[    9.439398] Loading iSCSI transport class v2.0-870.

[    9.446026] systemd[1]: Listening on Journal Audit Socket.
[[0;32m  OK  [0m] Listening on Journal Audit Socket.
[    9.455368] systemd[1]: Listening on udev Control Socket.
[[0;32m  OK  [0m] Listening on udev Control Socket.
[    9.466849] systemd[1]: Listening on Journal Socket (/dev/log).
[[0;32m  OK  [0m] Listening on Journal Socket (/dev/log).
[    9.478950] systemd[1]: Starting Journal Service...
[    9.483782] iscsi: registered transport (tcp)
         Starting Journal Service...
[    9.495606] systemd[1]: Listening on udev Kernel Socket.
[[0;32m  OK  [0m] Listening on udev Kernel Socket.
[    9.507407] systemd[1]: Starting Set console keymap...
         Starting Set console keymap...
[    9.519320] systemd[1]: Starting Uncomplicated firewall...
         Starting Uncomplicated firewall...
[    9.529553] systemd[1]: Reached target User and Group Name Lookups.
[[0;32m  OK  [0m] Reached target User and Group Name Lookups.
[    9.546080] systemd[1]: Reached target Swap.
[[0;32m  OK  [0m] Reached target Swap.
[    9.555079] systemd[1]: Started Forward Password Requests to Wall Directory Watch.
[[0;32m  OK  [0m] Started Forward Password Requests to Wall Directory Watch.
[    9.567756] systemd[1]: Reached target Encrypted Volumes.
[[0;32m  OK  [0m] Reached target Encrypted Volumes.
[    9.579798] systemd[1]: Listening on /dev/initctl Compatibility Named Pipe.
[[0;32m  OK  [0m] Listening on /dev/initctl Compatibility Named Pipe.
[    9.594766] systemd[1]: Reached target System Time Synchronized.
[[0;32m  OK  [0m] Reached target System Time Synchronized.
[    9.608881] systemd[1]: Listening on Device-mapper event daemon FIFOs.
[[0;32m  OK  [0m] Listening on Device-mapper event daemon FIFOs.
[    9.623474] systemd[1]: Listening on LVM2 metadata daemon socket.
[[0;32m  OK  [0m] Listening on LVM2 metadata daemon socket.
[    9.642876] systemd[1]: Started Trigger resolvconf update for networkd DNS.
[[0;32m  OK  [0m] Started Trigger resolvconf update for networkd DNS.
[    9.653775] systemd[1]: Listening on fsck to fsckd communication Socket.
[[0;32m  OK  [0m] Listening on fsck to fsckd communication Socket.
[    9.675206] systemd[1]: Starting File System Check on Root Device...
         Starting File System Check on Root Device...
[    9.706071] systemd[1]: Set up automount Arbitrary Executable File Formats File System Automount Point.
[[0;32m  OK  [0m] Set up automount Arbitrary Executab...ats File System Automount Point.[    9.728060] iscsi: registered transport (iser)

[    9.749123] systemd[1]: Starting Monitoring of LVM2 mirrors, snapshots etc. using dmeventd or progress polling...
         Starting Monitoring of LVM2 mirrors... dmeventd or progress polling...
[    9.765073] systemd[1]: Mounted Huge Pages File System.
[[0;32m  OK  [0m] Mounted Huge Pages File System.
[    9.779043] systemd[1]: Mounted POSIX Message Queue File System.
[[0;32m  OK  [0m] Mounted POSIX Message Queue File System.
[    9.790260] systemd[1]: Mounted Debug File System.
[[0;32m  OK  [0m] Mounted Debug File System.
[    9.800218] systemd[1]: Started Journal Service.
[[0;32m  OK  [0m] Started Journal Service.
[[0;32m  OK  [0m] Started Create list of required sta...ce nodes for the current kernel.
[[0;32m  OK  [0m] Started Load Kernel Modules.
[[0;32m  OK  [0m] Started Set console keymap.
[[0;32m  OK  [0m] Started Uncomplicated firewall.
[[0;32m  OK  [0m] Started File System Check Daemon to report status.
         Mounting FUSE Control File System...
         Starting Apply Kernel Variables...
         Starting Create Static Device Nodes in /dev...
[[0;32m  OK  [0m] Mounted FUSE Control File System.
[[0;32m  OK  [0m] Started File System Check on Root Device.
[[0;32m  OK  [0m] Started Nameserver information manager.
         Starting Remount Root and Kernel File Systems...
[    9.931084] EXT4-fs (sda1): re-mounted. Opts: (null)
[[0;32m  OK  [0m] Started LVM2 metadata daemon.
[[0;32m  OK  [0m] Started Remount Root and Kernel File Systems.
         Starting Load/Save Random Seed...
         Starting udev Coldplug all Devices...
         Starting Flush Journal to Persistent Storage...
[[0;32m  OK  [0m] Started Apply Kernel Variables.
[[0;32m  OK  [0m] Started Load/Save Random Seed.
[[0;32m  OK  [0m] Started Flush Journal to Persistent Storage.
[[0;32m  OK  [0m] Started udev Coldplug all Devices.
[[0;32m  OK  [0m] Started Create Static Device Nodes in /dev.
         Starting udev Kernel Device Manager...
[[0;32m  OK  [0m] Started udev Kernel Device Manager.
[[0;32m  OK  [0m] Started Dispatch Password Requests to Console Directory Watch.
[[0;32m  OK  [0m] Started Monitoring of LVM2 mirrors,...ng dmeventd or progress polling.
[[0;32m  OK  [0m] Reached target Local File Systems (Pre).
[[0;32m  OK  [0m] Reached target Local File Systems.
         Starting Create Volatile Files and Directories...
         Starting Initial cloud-init job (pre-networking)...
         Starting LSB: AppArmor initialization...
         Starting Tell Plymouth To Write Out Runtime Data...
         Starting Set console font and keymap...
         Starting Commit a transient machine-id on disk...
[[0;32m  OK  [0m] Started Create Volatile Files and Directories.
         Starting Update UTMP about System Boot/Shutdown...
[[0;32m  OK  [0m] Started Commit a transient machine-id on disk.
[[0;32m  OK  [0m] Started Update UTMP about System Boot/Shutdown.
[[0;32m  OK  [0m] Started Tell Plymouth To Write Out Runtime Data.
[[0;32m  OK  [0m] Found device /dev/ttyS0.
[[0;32m  OK  [0m] Listening on Load/Save RF Kill Switch Status /dev/rfkill Watch.
[[0;32m  OK  [0m] Started LSB: AppArmor initialization.
         Starting Load AppArmor profiles managed internally by snapd...
[[0;32m  OK  [0m] Started Load AppArmor profiles managed internally by snapd.
[[0;32m  OK  [0m] Started Set console font and keymap.
[[0;32m  OK  [0m] Created slice system-getty.slice.
[   13.230477] cloud-init[480]: Cloud-init v. 21.1-19-gbad84ad4-0ubuntu1~16.04.2 running 'init-local' at Thu, 11 Nov 2021 11:28:50 +0000. Up 12.72 seconds.
[[0;32m  OK  [0m] Started Initial cloud-init job (pre-networking).
[[0;32m  OK  [0m] Reached target Network (Pre).
         Starting Raise network interfaces...
[[0;32m  OK  [0m] Started Raise network interfaces.
         Starting Initial cloud-init job (metadata service crawler)...
[[0;32m  OK  [0m] Reached target Network.
[   15.736204] cloud-init[953]: Cloud-init v. 21.1-19-gbad84ad4-0ubuntu1~16.04.2 running 'init' at Thu, 11 Nov 2021 11:28:51 +0000. Up 13.92 seconds.
[   15.754391] cloud-init[953]: ci-info: ++++++++++++++++++++++++++++++++++++++Net device info+++++++++++++++++++++++++++++++++++++++
[   15.776963] cloud-init[953]: ci-info: +--------+-------+----------------------------+---------------+--------+-------------------+
[   15.784914] cloud-init[953]: ci-info: | Device |   Up  |          Address           |      Mask     | Scope  |     Hw-Address    |
[   15.797569] cloud-init[953]: ci-info: +--------+-------+----------------------------+---------------+--------+-------------------+[[0;32m  OK  [0m] Started Initial cloud-init job (metadata service crawler).
[   15.817513] cloud-init[953]: ci-info: | enp0s3 |  True |         10.0.2.15          | 255.255.255.0 | global | 02:be:82:6b:cc:1d |
[[0;32m  OK  [0m] Reached target Network is Online.
[   15.829717] cloud-init[953]: 
         Starting iSCSI initiator daemon (iscsid)...
[[0;32m  OK  [0m] Reached target Cloud-config availability.ci-info: | enp0s3 |  True | fe80::be:82ff:fe6b:cc1d/64 |       .       |  link  | 02:be:82:6b:cc:1d |
[   15.846426] cloud-init
[[0;32m  OK  [0m] Reached target System Initialization.
[[953]: ci-info: | enp0s8 | False |             .              |       .       |   .    | 08:00:27:33:db:ff |[0;32m  OK  [0m] Listening on D-Bus System Message Bus Socket.
[[0;32m  OK  [0m
[   15.861866] cloud-init[953]: ci-info: |   lo   |  True |         127.0.0.1          |   255.0.0.0   |  host  |         .         |
] Started Ubuntu Advantage update messaging.
[[0;32m  OK  [0m[   15.872808] cloud-init[953]: ci-info: |   lo   |  True |          ::1/128           |       .       |  host  |         .         |] Started Message of the Day.

[   15.881736] cloud-init[953]: ci-info: +--------+-------+----------------------------+---------------+--------+-------------------+
[   15.888907] cloud-init[953]: ci-info: +++++++++++++++++++++++++++Route IPv4 info++++++++++++++++++++++++++++
[   15.895671] cloud-init[953]: ci-info: +-------+-------------+----------+---------------+-----------+-------+
[   15.902598] cloud-init[953]: ci-info: | Route | Destination | Gateway  |    Genmask    | Interface | Flags |
[   15.909864] cloud-init[953]: ci-info: +-------+-------------+----------+---------------+-----------+-------+
[   15.916922] cloud-init[953]: ci-info: |   0   |   0.0.0.0   | 10.0.2.2 |    0.0.0.0    |   enp0s3  |   UG  |
[   15.923333] cloud-init[953]: ci-info: |   1   |   10.0.2.0  | 0.0.0.0  | 255.255.255.0 |   enp0s3  |   U   |         Starting LXD - unix socket.
[[0;32m  OK  [0m] Listening on UUID daemon activation socket.
[   15.938170] cloud-init[953]: ci-info: +-------+-------------+----------+---------------+-----------+-------+
[   15.943417] 
         Starting Socket activation for snappy daemon.
cloud-init[953]: ci-info: +++++++++++++++++++Route IPv6 info+++++++++++++++++++
[   15.954323] cloud-init[953]: ci-info: +-------+-------------+---------+-----------+-------+
[   15.960543] cloud-init[953]: ci-info: | Route | Destination | Gateway | Interface | Flags |
[   15.966748] cloud-init[953]: ci-info: +-------+-------------+---------+-----------+-------+
[   15.972862] cloud-init[953]: ci-info: |   0   |  fe80::/64  |    ::   |   enp0s3  |   U   |
[   15.979522] cloud-init[953]: ci-info: |   3   |   ff00::/8  |    ::   |   enp0s3  |   U   |
[   15.986025] cloud-init[953]: ci-info: +-------+-------------+---------+-----------+-------+
[   15.991911] cloud-init[953]: Generating public/private rsa key pair.
[   15.998146] cloud-init[953]: Your identification has been saved in /etc/ssh/ssh_host_rsa_key.
[   16.005097] cloud-init[953]: Your public key has been saved in /etc/ssh/ssh_host_rsa_key.pub.
[   16.011037] cloud-init[953]: The key fingerprint is:
[[0;32m  OK  [0m] Started ACPI Events Check.
[[0;32m  OK  [0m] Reached target Paths.
[[0;32m  OK  [0m] [   16.020301] cloud-init[953]: SHA256:9CXRAq1zLtfhofwT3CRHLE3TdMGakpDQ6NoO2mx8d0Y root@ubuntu-xenialStarted Daily apt download activities.
[[0;32m  OK  [0m
[   16.033520] cloud-init[953]: The key's randomart image is:
[   16.037427] cloud-init[953]: +---[RSA 2048]----+] Started Daily apt upgrade and clean activities.
[[0;32m  OK  [0m
[   16.045864] cloud-init[953]: ] Started Daily Cleanup of Temporary Directories.
[[0;32m  OK  [0m|       .=oo. ++++|
[   16.054271] cloud-init[953]: ] Reached target Timers.
[[0;32m  OK  [0m] Listening on ACPID Listen Socket.|       . +o.o +oo|
[   16.064569] cloud-init[953]: |      . ..o.ooo  |

[[0;32m  OK  [0m] Listening on LXD - unix socket.[   16.072918] cloud-init[953]: |       oo..=+oo  |

[[0;32m  OK  [0m] Listening on Socket activation for snappy daemon.[   16.081865] cloud-init[953]: |      o S=.=.B   |
[[0;32m  OK  [0m] Reached target Sockets.

[[0;32m  OK  [0m[   16.092341] cloud-init[953]: |     o .. =E= .  |
] Reached target Basic System.
         Starting LSB: Record successful boot for GRUB...[   16.101708] cloud-init[953]: |    = o  o.. .   |
[   16.105657] cloud-init[953]: |   . = o . oo    |

[   16.113685] cloud-init[953]: |    . . . o  .   |
[   16.120894] cloud-init[953]: +----[SHA256]-----+
[   16.125949] cloud-init[953]: Generating public/private dsa key pair.
         Starting Pollinate to seed the pseudo random number generator...
[   16.136609] cloud-init[953]:          Starting Accounts Service...
[Your identification has been saved in /etc/ssh/ssh_host_dsa_key.[0;32m  OK  [0m
[   16.153442] cloud-init[953]: Your public key has been saved in /etc/ssh/ssh_host_dsa_key.pub.] Started Deferred execution scheduler.
         Starting Login Service...
[   16.165349] cloud-init[953]: The key fingerprint is:
         Starting LSB: MD monitoring daemon...

[   16.178665] cloud-init[953]: SHA256:59XIICV+EaUJVeI5MjTmMnMdph9mMv8Tp0nxrUkizfI root@ubuntu-xenial
[   16.186557] cloud-init[953]: The key's randomart image is:
[   16.195867] cloud-init[953]: +---[DSA 1024]----+
[   16.201584] cloud-init[953]: |        *.O+o    |
[   16.206641] cloud-init[953]: |       = X B     |
[   16.211852] cloud-init[953]: |      + @ & .    |
[   16.217512] cloud-init[953]: |       = % B = . |
[   16.229803] cloud-init[953]: |        S * X = .|
[   16.236511] cloud-init[953]: |         o B B o |
[   16.241703] cloud-init[953]: |          . E o  |
[   16.247384] cloud-init[953]: |             .   |
[[0;32m  OK  [0m] Started ACPI event daemon.
[[0;32m  OK  [0m[   16.260511] cloud-init] Started D-Bus System Message Bus.
[953]: |                 |
[   16.273550] cloud-init[953]: +----[SHA256]-----+
[   16.278952] cloud-init[953]: Generating public/private ecdsa key pair.
[   16.285874] cloud-init[953]: Your identification has been saved in /etc/ssh/ssh_host_ecdsa_key.
[   16.292904] cloud-init[953]: Your public key has been saved in /etc/ssh/ssh_host_ecdsa_key.pub.
[   16.304286] cloud-init[953]: The key fingerprint is:
[   16.309692] cloud-init[953]: SHA256:NItg7aNkL7YpAax7nS9bEZ0A6ay8ZYdQAS00bb6J55o root@ubuntu-xenial
[   16.317391] cloud-init[953]: The key's randomart image is:
[   16.323276] cloud-init[953]: +---[ECDSA 256]---+
[   16.328720] cloud-init[953]: | .++o+.          |
[   16.334580] cloud-init[953]: |  ..*. o .       |
[   16.339567] cloud-init[953]: |.  Bo o =        |
[   16.344862] cloud-init[953]: |....+o + o       |
[   16.350392] cloud-init[953]: |.o +o+= S        |
[   16.355716] cloud-init[953]: |. =oBo.o         |
[   16.361304] cloud-init[953]: | . O+oo          |
[   16.367631] cloud-init[953]: |. +o==           |
[   16.373754] cloud-init[953]: | .Eo++.          |
[   16.379004] cloud-init[953]: +----[SHA256]-----+
[   16.385589] cloud-init[953]: Generating public/private ed25519 key pair.
[   16.391639] cloud-init[953]: Your identification has been saved in /etc/ssh/ssh_host_ed25519_key.
[   16.398472] cloud-init[953]: Your public key has been saved in /etc/ssh/ssh_host_ed25519_key.pub.
[   16.407118] cloud-init[953]: The key fingerprint is:
[   16.412354] cloud-init[953]: SHA256:78TjZ852YCet7/ncplGStQBeYakgp0IW85OAbXlQldk root@ubuntu-xenial
[   16.419437] cloud-init[953]: The key's randomart image is:
[   16.425282] cloud-init[953]: +--[ED25519 256]--+
[   16.431343] cloud-init[953]: |    o==...+. +o  |
[   16.436898] cloud-init[953]: |   . *+o.=.E+.   |
[   16.442684] cloud-init[953]: |    + .++ ....  .|
[   16.447972] cloud-init[953]: |     . ..  .  .o.|
[   16.455512] cloud-init[953]: |      . S    .o..|
[   16.460661] cloud-init[953]: |         o  + oo |
[   16.469466] cloud-init[953]: |          =. =.  |
[   16.475315] cloud-init[953]: |         + o= .+o|
[   16.481785] cloud-init[953]: |          o=o+=++|
[   16.487904] cloud-init[953]: +----[SHA256]-----+
         Starting System Logging Service...
         Starting /etc/rc.local Compatibility...
         Starting Virtualbox guest utils...
[[0;32m  OK  [0m] Started FUSE filesystem for LXC.
         Starting Snap Daemon...
[[0;32m  OK  [0m] Started Regular background program processing daemon.
         Starting LXD - container startup/shutdown...
[[0;32m  OK  [0m] Started /etc/rc.local Compatibility.
[[0;32m  OK  [0m] Started Login Service.
[[0;32m  OK  [0m] Started Unattended Upgrades Shutdown.
[[0;32m  OK  [0m] Started LSB: MD monitoring daemon.
[[0;32m  OK  [0m] Started iSCSI initiator daemon (iscsid).
         Starting Login to default iSCSI targets...
[[0;32m  OK  [0m] Started Login to default iSCSI targets.
[[0;32m  OK  [0m] Reached target Remote File Systems (Pre).
[[0;32m  OK  [0m] Reached target Remote File Systems.
         Starting LSB: daemon to balance interrupts for SMP systems...
         Starting Permit User Sessions...
         Starting LSB: automatic crash report generation...
         Starting LSB: Set the CPU Frequency Scaling governor to "ondemand"...
[[0;32m  OK  [0m] Started System Logging Service.
[[0;32m  OK  [0m] Started Permit User Sessions.
         Starting Authenticate and Authorize Users to Run Privileged Tasks...
         Starting Hold until boot process finishes up...
         Starting Terminate Plymouth Boot Screen...
[[0;32m  OK  [0m] Started Terminate Plymouth Boot Screen.
[[0;32m  OK  [0m] Started LSB: Record successful boot for GRUB.
[[0;32m  OK  [0m] Started LSB: Set the CPU Frequency Scaling governor to "ondemand".
[[0;32m  OK  [0m] Started Hold until boot process finishes up.
         Starting Set console scheme...
[[0;32m  OK  [0m] Started Serial Getty on ttyS0.
[[0;32m  OK  [0m] Started Getty on tty1.
[[0;32m  OK  [0m] Reached target Login Prompts.
[[0;32m  OK  [0m] Started LSB: automatic crash report generation.
[[0;32m  OK  [0m] Started Set console scheme.
[[0;32m  OK  [0m] Started LSB: daemon to balance interrupts for SMP systems.
[[0;32m  OK  [0m] Started Authenticate and Authorize Users to Run Privileged Tasks.
[[0;32m  OK  [0m] Started Accounts Service.
[[0;32m  OK  [0m] Started Virtualbox guest utils.
[[0;32m  OK  [0m] Started Pollinate to seed the pseudo random number generator.
         Starting OpenBSD Secure Shell server...
[[0;32m  OK  [0m] Started OpenBSD Secure Shell server.
[[0;32m  OK  [0m] Started LXD - container startup/shutdown.
[[0;32m  OK  [0m] Created slice User Slice of vagrant.
[[0;32m  OK  [0m] Started Session 1 of user vagrant.
         Starting User Manager for UID 1000...
[[0;32m  OK  [0m] Started User Manager for UID 1000.
[[0;32m  OK  [0m] Started Snap Daemon.
         Starting Wait until snapd is fully seeded...
[[0;32m  OK  [0m] Started Wait until snapd is fully seeded.
[[0;32m  OK  [0m] Reached target Multi-User System.
[[0;32m  OK  [0m] Reached target Graphical Interface.
         Starting Update UTMP about System Runlevel Changes...
         Starting Apply the settings specified in cloud-config...
[[0;32m  OK  [0m] Started Update UTMP about System Runlevel Changes.
[   23.373280] cloud-init[1410]: Generating locales (this might take a while)...

Ubuntu 16.04.7 LTS ubuntu-xenial ttyS0

ubuntu-xenial login: [   25.072527] cloud-init[1410]:   en_US.UTF-8... done
[   25.078798] cloud-init[1410]: Generation complete.
[   26.006825] cloud-init[1410]: Cloud-init v. 21.1-19-gbad84ad4-0ubuntu1~16.04.2 running 'modules:config' at Thu, 11 Nov 2021 11:29:00 +0000. Up 22.95 seconds.
ci-info: no authorized SSH keys fingerprints found for user ubuntu.
<14>Nov 11 11:29:04 ec2: 
<14>Nov 11 11:29:04 ec2: #############################################################
<14>Nov 11 11:29:04 ec2: -----BEGIN SSH HOST KEY FINGERPRINTS-----
<14>Nov 11 11:29:04 ec2: 1024 SHA256:59XIICV+EaUJVeI5MjTmMnMdph9mMv8Tp0nxrUkizfI root@ubuntu-xenial (DSA)
<14>Nov 11 11:29:04 ec2: 256 SHA256:NItg7aNkL7YpAax7nS9bEZ0A6ay8ZYdQAS00bb6J55o root@ubuntu-xenial (ECDSA)
<14>Nov 11 11:29:04 ec2: 256 SHA256:78TjZ852YCet7/ncplGStQBeYakgp0IW85OAbXlQldk root@ubuntu-xenial (ED25519)
<14>Nov 11 11:29:04 ec2: 2048 SHA256:9CXRAq1zLtfhofwT3CRHLE3TdMGakpDQ6NoO2mx8d0Y root@ubuntu-xenial (RSA)
<14>Nov 11 11:29:04 ec2: -----END SSH HOST KEY FINGERPRINTS-----
<14>Nov 11 11:29:04 ec2: #############################################################
-----BEGIN SSH HOST KEY KEYS-----
ecdsa-sha2-nistp256 AAAAE2VjZHNhLXNoYTItbmlzdHAyNTYAAAAIbmlzdHAyNTYAAABBBOdDcD2QCMUx0DNTw6mY3RjoUHiU0TC7MbINqAEJM69PDNZi/a2okvHFHdOgD2co52WNmhx+t7ZntFDH87qydhc= root@ubuntu-xenial
ssh-ed25519 AAAAC3NzaC1lZDI1NTE5AAAAIOZ0EWdwqjjTGKojv/PI/hRkZw0E69IphZFRpnZJNIdO root@ubuntu-xenial
ssh-rsa AAAAB3NzaC1yc2EAAAADAQABAAABAQCyRc4nLyTEyVJEel05aOg5kQrwes+9mwVLWxqlLxQG586Co+Wlhs3EmW9Tnne9USwn9qPUO8b8LLwITU60X0oM/53o75ngKzoPfCq1ZLuSXxgKdrtPUvuywG3N9uq3mvNCLnJ7bljd7OgnLLuDi2jImBjq7dbG8sP9z0Igo+i91FZ9NjyVKlwDsXGr6U3oloi8hn6eJs4C/9NSKFqnb36onSmvIcqv1/UX/n3tQvpIJmHKTosfEEWxJc9dvm3hV/8xjon8XTwA+syQ0FumwIaRvmro9aBX5HE85mlFDZhnY89IBK+Xd+TAGaEvHagXotgfdbJHoU1XUk2NriiksiLF root@ubuntu-xenial
-----END SSH HOST KEY KEYS-----
[   26.503283] cloud-init[1642]: Cloud-init v. 21.1-19-gbad84ad4-0ubuntu1~16.04.2 running 'modules:final' at Thu, 11 Nov 2021 11:29:03 +0000. Up 26.26 seconds.
[   26.518217] cloud-init[1642]: ci-info: no authorized SSH keys fingerprints found for user ubuntu.
[   26.531902] cloud-init[1642]: Cloud-init v. 21.1-19-gbad84ad4-0ubuntu1~16.04.2 finished at Thu, 11 Nov 2021 11:29:04 +0000. Datasource DataSourceNoCloud [seed=/dev/sdb][dsmode=net].  Up 26.49 seconds
