[    0.000000] Linux version 4.15.0-161-generic (buildd@lcy01-amd64-012) (gcc version 7.5.0 (Ubuntu 7.5.0-3ubuntu1~18.04)) #169-Ubuntu SMP Fri Oct 15 13:41:54 UTC 2021 (Ubuntu 4.15.0-161.169-generic 4.15.18)
[    0.000000] Command line: BOOT_IMAGE=/boot/vmlinuz-4.15.0-161-generic root=LABEL=cloudimg-rootfs ro console=tty1 console=ttyS0
[    0.000000] KERNEL supported cpus:
[    0.000000]   Intel GenuineIntel
[    0.000000]   AMD AuthenticAMD
[    0.000000]   Centaur CentaurHauls
[    0.000000] x86/fpu: x87 FPU will use FXSAVE
[    0.000000] e820: BIOS-provided physical RAM map:
[    0.000000] BIOS-e820: [mem 0x0000000000000000-0x000000000009fbff] usable
[    0.000000] BIOS-e820: [mem 0x000000000009fc00-0x000000000009ffff] reserved
[    0.000000] BIOS-e820: [mem 0x00000000000f0000-0x00000000000fffff] reserved
[    0.000000] BIOS-e820: [mem 0x0000000000100000-0x000000001ffeffff] usable
[    0.000000] BIOS-e820: [mem 0x000000001fff0000-0x000000001fffffff] ACPI data
[    0.000000] BIOS-e820: [mem 0x00000000fec00000-0x00000000fec00fff] reserved
[    0.000000] BIOS-e820: [mem 0x00000000fee00000-0x00000000fee00fff] reserved
[    0.000000] BIOS-e820: [mem 0x00000000fffc0000-0x00000000ffffffff] reserved
[    0.000000] NX (Execute Disable) protection: active
[    0.000000] SMBIOS 2.5 present.
[    0.000000] DMI: innotek GmbH VirtualBox/VirtualBox, BIOS VirtualBox 12/01/2006
[    0.000000] Hypervisor detected: KVM
[    0.000000] e820: last_pfn = 0x1fff0 max_arch_pfn = 0x400000000
[    0.000000] MTRR: Disabled
[    0.000000] x86/PAT: MTRRs disabled, skipping PAT initialization too.
[    0.000000] CPU MTRRs all blank - virtualized system.
[    0.000000] x86/PAT: Configuration [0-7]: WB  WT  UC- UC  WB  WT  UC- UC  
[    0.000000] found SMP MP-table at [mem 0x0009fff0-0x0009ffff]
[    0.000000] Scanning 1 areas for low memory corruption
[    0.000000] RAMDISK: [mem 0x1daf8000-0x1ee07fff]
[    0.000000] ACPI: Early table checksum verification disabled
[    0.000000] ACPI: RSDP 0x00000000000E0000 000024 (v02 VBOX  )
[    0.000000] ACPI: XSDT 0x000000001FFF0030 00003C (v01 VBOX   VBOXXSDT 00000001 ASL  00000061)
[    0.000000] ACPI: FACP 0x000000001FFF00F0 0000F4 (v04 VBOX   VBOXFACP 00000001 ASL  00000061)
[    0.000000] ACPI: DSDT 0x000000001FFF0470 002325 (v02 VBOX   VBOXBIOS 00000002 INTL 20100528)
[    0.000000] ACPI: FACS 0x000000001FFF0200 000040
[    0.000000] ACPI: FACS 0x000000001FFF0200 000040
[    0.000000] ACPI: APIC 0x000000001FFF0240 000054 (v02 VBOX   VBOXAPIC 00000001 ASL  00000061)
[    0.000000] ACPI: SSDT 0x000000001FFF02A0 0001CC (v01 VBOX   VBOXCPUT 00000002 INTL 20100528)
[    0.000000] ACPI: Reserving FACP table memory at [mem 0x1fff00f0-0x1fff01e3]
[    0.000000] ACPI: Reserving DSDT table memory at [mem 0x1fff0470-0x1fff2794]
[    0.000000] ACPI: Reserving FACS table memory at [mem 0x1fff0200-0x1fff023f]
[    0.000000] ACPI: Reserving FACS table memory at [mem 0x1fff0200-0x1fff023f]
[    0.000000] ACPI: Reserving APIC table memory at [mem 0x1fff0240-0x1fff0293]
[    0.000000] ACPI: Reserving SSDT table memory at [mem 0x1fff02a0-0x1fff046b]
[    0.000000] No NUMA configuration found
[    0.000000] Faking a node at [mem 0x0000000000000000-0x000000001ffeffff]
[    0.000000] NODE_DATA(0) allocated [mem 0x1ffc5000-0x1ffeffff]
[    0.000000] kvm-clock: cpu 0, msr 0:1ff44001, primary cpu clock
[    0.000000] kvm-clock: Using msrs 4b564d01 and 4b564d00
[    0.000000] kvm-clock: using sched offset of 5324714033 cycles
[    0.000000] clocksource: kvm-clock: mask: 0xffffffffffffffff max_cycles: 0x1cd42e4dffb, max_idle_ns: 881590591483 ns
[    0.000000] Zone ranges:
[    0.000000]   DMA      [mem 0x0000000000001000-0x0000000000ffffff]
[    0.000000]   DMA32    [mem 0x0000000001000000-0x000000001ffeffff]
[    0.000000]   Normal   empty
[    0.000000]   Device   empty
[    0.000000] Movable zone start for each node
[    0.000000] Early memory node ranges
[    0.000000]   node   0: [mem 0x0000000000001000-0x000000000009efff]
[    0.000000]   node   0: [mem 0x0000000000100000-0x000000001ffeffff]
[    0.000000] Reserved but unavailable: 104 pages
[    0.000000] Initmem setup node 0 [mem 0x0000000000001000-0x000000001ffeffff]
[    0.000000] ACPI: PM-Timer IO Port: 0x4008
[    0.000000] IOAPIC[0]: apic_id 1, version 32, address 0xfec00000, GSI 0-23
[    0.000000] ACPI: INT_SRC_OVR (bus 0 bus_irq 0 global_irq 2 dfl dfl)
[    0.000000] ACPI: INT_SRC_OVR (bus 0 bus_irq 9 global_irq 9 low level)
[    0.000000] Using ACPI (MADT) for SMP configuration information
[    0.000000] smpboot: Allowing 1 CPUs, 0 hotplug CPUs
[    0.000000] PM: Registered nosave memory: [mem 0x00000000-0x00000fff]
[    0.000000] PM: Registered nosave memory: [mem 0x0009f000-0x0009ffff]
[    0.000000] PM: Registered nosave memory: [mem 0x000a0000-0x000effff]
[    0.000000] PM: Registered nosave memory: [mem 0x000f0000-0x000fffff]
[    0.000000] e820: [mem 0x20000000-0xfebfffff] available for PCI devices
[    0.000000] Booting paravirtualized kernel on KVM
[    0.000000] clocksource: refined-jiffies: mask: 0xffffffff max_cycles: 0xffffffff, max_idle_ns: 7645519600211568 ns
[    0.000000] random: get_random_bytes called from start_kernel+0x99/0x500 with crng_init=0
[    0.000000] setup_percpu: NR_CPUS:8192 nr_cpumask_bits:1 nr_cpu_ids:1 nr_node_ids:1
[    0.000000] percpu: Embedded 45 pages/cpu s147456 r8192 d28672 u2097152
[    0.000000] PV qspinlock hash table entries: 256 (order: 0, 4096 bytes)
[    0.000000] Built 1 zonelists, mobility grouping on.  Total pages: 128889
[    0.000000] Policy zone: DMA32
[    0.000000] Kernel command line: BOOT_IMAGE=/boot/vmlinuz-4.15.0-161-generic root=LABEL=cloudimg-rootfs ro console=tty1 console=ttyS0
[    0.000000] Memory: 466800K/523832K available (12300K kernel code, 2483K rwdata, 4320K rodata, 2448K init, 2724K bss, 57032K reserved, 0K cma-reserved)
[    0.000000] SLUB: HWalign=64, Order=0-3, MinObjects=0, CPUs=1, Nodes=1
[    0.000000] Kernel/User page tables isolation: enabled
[    0.000000] ftrace: allocating 39475 entries in 155 pages
[    0.004000] Hierarchical RCU implementation.
[    0.004000] 	RCU restricting CPUs from NR_CPUS=8192 to nr_cpu_ids=1.
[    0.004000] 	Tasks RCU enabled.
[    0.004000] RCU: Adjusting geometry for rcu_fanout_leaf=16, nr_cpu_ids=1
[    0.004000] NR_IRQS: 524544, nr_irqs: 256, preallocated irqs: 16
[    0.004000] Console: colour VGA+ 80x25
[    0.004000] console [tty1] enabled
[    0.004000] console [ttyS0] enabled
[    0.004000] ACPI: Core revision 20170831
[    0.004000] ACPI: 2 ACPI AML tables successfully acquired and loaded
[    0.004000] APIC: Switch to symmetric I/O mode setup
[    0.004000] ..TIMER: vector=0x30 apic1=0 pin1=2 apic2=-1 pin2=-1
[    0.004005] tsc: Detected 2903.998 MHz processor
[    0.008009] Calibrating delay loop (skipped) preset value.. 5807.99 BogoMIPS (lpj=11615992)
[    0.012003] pid_max: default: 32768 minimum: 301
[    0.016041] Security Framework initialized
[    0.019326] Yama: becoming mindful.
[    0.020020] AppArmor: AppArmor initialized
[    0.024068] Dentry cache hash table entries: 65536 (order: 7, 524288 bytes)
[    0.028025] Inode-cache hash table entries: 32768 (order: 6, 262144 bytes)
[    0.032019] Mount-cache hash table entries: 1024 (order: 1, 8192 bytes)
[    0.036007] Mountpoint-cache hash table entries: 1024 (order: 1, 8192 bytes)
[    0.040982] Last level iTLB entries: 4KB 128, 2MB 8, 4MB 8
[    0.044005] Last level dTLB entries: 4KB 64, 2MB 0, 4MB 0, 1GB 4
[    0.048004] Spectre V1 : Mitigation: usercopy/swapgs barriers and __user pointer sanitization
[    0.052002] Spectre V2 : Mitigation: Full generic retpoline
[    0.056003] Spectre V2 : Spectre v2 / SpectreRSB mitigation: Filling RSB on context switch
[    0.060003] Speculative Store Bypass: Vulnerable
[    0.064037] MDS: Mitigation: Clear CPU buffers
[    0.072000] Freeing SMP alternatives memory: 36K
[    0.180437] smpboot: CPU0: Intel(R) Core(TM) i5-9400F CPU @ 2.90GHz (family: 0x6, model: 0x9e, stepping: 0xa)
[    0.184064] Performance Events: unsupported p6 CPU model 158 no PMU driver, software events only.
[    0.188050] Hierarchical SRCU implementation.
[    0.192443] NMI watchdog: Perf event create on CPU 0 failed with -2
[    0.196006] NMI watchdog: Perf NMI watchdog permanently disabled
[    0.200051] smp: Bringing up secondary CPUs ...
[    0.204003] smp: Brought up 1 node, 1 CPU
[    0.207279] smpboot: Max logical packages: 1
[    0.212007] smpboot: Total of 1 processors activated (5807.99 BogoMIPS)
[    0.216118] devtmpfs: initialized
[    0.220132] x86/mm: Memory block size: 128MB
[    0.224091] evm: security.selinux
[    0.226742] evm: security.SMACK64
[    0.228010] evm: security.SMACK64EXEC
[    0.232003] evm: security.SMACK64TRANSMUTE
[    0.234766] evm: security.SMACK64MMAP
[    0.236002] evm: security.apparmor
[    0.240002] evm: security.ima
[    0.242108] evm: security.capability
[    0.244110] clocksource: jiffies: mask: 0xffffffff max_cycles: 0xffffffff, max_idle_ns: 7645041785100000 ns
[    0.248010] futex hash table entries: 256 (order: 2, 16384 bytes)
[    0.252034] pinctrl core: initialized pinctrl subsystem
[    0.256287] RTC time:  5:51:57, date: 11/11/21
[    0.260102] NET: Registered protocol family 16
[    0.263179] audit: initializing netlink subsys (disabled)
[    0.264114] cpuidle: using governor ladder
[    0.267441] cpuidle: using governor menu
[    0.268011] audit: type=2000 audit(1636609923.671:1): state=initialized audit_enabled=0 res=1
[    0.272046] ACPI: bus type PCI registered
[    0.276003] acpiphp: ACPI Hot Plug PCI Controller Driver version: 0.5
[    0.280247] PCI: Using configuration type 1 for base access
[    0.284967] HugeTLB registered 2.00 MiB page size, pre-allocated 0 pages
[    0.288136] ACPI: Added _OSI(Module Device)
[    0.292010] ACPI: Added _OSI(Processor Device)
[    0.296003] ACPI: Added _OSI(3.0 _SCP Extensions)
[    0.300003] ACPI: Added _OSI(Processor Aggregator Device)
[    0.303733] ACPI: Added _OSI(Linux-Dell-Video)
[    0.304043] ACPI: Added _OSI(Linux-Lenovo-NV-HDMI-Audio)
[    0.308008] ACPI: Added _OSI(Linux-HPI-Hybrid-Graphics)
[    0.312668] ACPI: Executed 1 blocks of module-level executable AML code
[    0.320872] ACPI: Interpreter enabled
[    0.323758] ACPI: (supports S0 S5)
[    0.324004] ACPI: Using IOAPIC for interrupt routing
[    0.328314] PCI: Using host bridge windows from ACPI; if necessary, use "pci=nocrs" and report a bug
[    0.332188] ACPI: Enabled 2 GPEs in block 00 to 07
[    0.344999] ACPI: PCI Root Bridge [PCI0] (domain 0000 [bus 00-ff])
[    0.348014] acpi PNP0A03:00: _OSC: OS supports [ASPM ClockPM Segments MSI]
[    0.352616] acpi PNP0A03:00: _OSC: not requesting OS control; OS requires [ExtendedConfig ASPM ClockPM MSI]
[    0.356013] acpi PNP0A03:00: fail to add MMCONFIG information, can't access extended PCI configuration space under this bridge.
[    0.360544] PCI host bridge to bus 0000:00
[    0.364004] pci_bus 0000:00: root bus resource [io  0x0000-0x0cf7 window]
[    0.368003] pci_bus 0000:00: root bus resource [io  0x0d00-0xffff window]
[    0.372008] pci_bus 0000:00: root bus resource [mem 0x000a0000-0x000bffff window]
[    0.376004] pci_bus 0000:00: root bus resource [mem 0x20000000-0xfdffffff window]
[    0.380003] pci_bus 0000:00: root bus resource [bus 00-ff]
[    0.388023] pci 0000:00:01.1: legacy IDE quirk: reg 0x10: [io  0x01f0-0x01f7]
[    0.392003] pci 0000:00:01.1: legacy IDE quirk: reg 0x14: [io  0x03f6]
[    0.396003] pci 0000:00:01.1: legacy IDE quirk: reg 0x18: [io  0x0170-0x0177]
[    0.400007] pci 0000:00:01.1: legacy IDE quirk: reg 0x1c: [io  0x0376]
[    0.472364] pci 0000:00:07.0: quirk: [io  0x4000-0x403f] claimed by PIIX4 ACPI
[    0.476031] pci 0000:00:07.0: quirk: [io  0x4100-0x410f] claimed by PIIX4 SMB
[    0.492971] ACPI: PCI Interrupt Link [LNKA] (IRQs 5 9 10 *11)
[    0.496413] ACPI: PCI Interrupt Link [LNKB] (IRQs 5 9 *10 11)
[    0.500150] ACPI: PCI Interrupt Link [LNKC] (IRQs 5 *9 10 11)
[    0.504160] ACPI: PCI Interrupt Link [LNKD] (IRQs 5 9 10 *11)
[    0.508346] SCSI subsystem initialized
[    0.512081] pci 0000:00:02.0: vgaarb: setting as boot VGA device
[    0.516000] pci 0000:00:02.0: vgaarb: VGA device added: decodes=io+mem,owns=io+mem,locks=none
[    0.516004] pci 0000:00:02.0: vgaarb: bridge control possible
[    0.520002] vgaarb: loaded
[    0.524020] ACPI: bus type USB registered
[    0.528016] usbcore: registered new interface driver usbfs
[    0.532009] usbcore: registered new interface driver hub
[    0.536008] usbcore: registered new device driver usb
[    0.540042] EDAC MC: Ver: 3.0.0
[    0.544453] PCI: Using ACPI for IRQ routing
[    0.548497] NetLabel: Initializing
[    0.552002] NetLabel:  domain hash size = 128
[    0.556002] NetLabel:  protocols = UNLABELED CIPSOv4 CALIPSO
[    0.560022] NetLabel:  unlabeled traffic allowed by default
[    0.564106] clocksource: Switched to clocksource kvm-clock
[    0.620429] VFS: Disk quotas dquot_6.6.0
[    0.623146] VFS: Dquot-cache hash table entries: 512 (order 0, 4096 bytes)
[    0.628793] AppArmor: AppArmor Filesystem Enabled
[    0.631945] pnp: PnP ACPI init
[    0.636172] pnp: PnP ACPI: found 3 devices
[    0.646480] clocksource: acpi_pm: mask: 0xffffff max_cycles: 0xffffff, max_idle_ns: 2085701024 ns
[    0.653299] NET: Registered protocol family 2
[    0.656641] IP idents hash table entries: 8192 (order: 4, 65536 bytes)
[    0.661417] TCP established hash table entries: 4096 (order: 3, 32768 bytes)
[    0.666349] TCP bind hash table entries: 4096 (order: 4, 65536 bytes)
[    0.671515] TCP: Hash tables configured (established 4096 bind 4096)
[    0.676916] UDP hash table entries: 256 (order: 1, 8192 bytes)
[    0.680937] UDP-Lite hash table entries: 256 (order: 1, 8192 bytes)
[    0.685415] NET: Registered protocol family 1
[    0.689219] pci 0000:00:00.0: Limiting direct PCI/PCI transfers
[    0.693599] pci 0000:00:01.0: Activating ISA DMA hang workarounds
[    0.697983] pci 0000:00:02.0: Video device with shadowed ROM at [mem 0x000c0000-0x000dffff]
[    0.704539] Unpacking initramfs...
[    1.237748] Freeing initrd memory: 19520K
[    1.241291] clocksource: tsc: mask: 0xffffffffffffffff max_cycles: 0x29dc03c1beb, max_idle_ns: 440795205215 ns
[    1.249366] platform rtc_cmos: registered platform RTC device (no PNP device found)
[    1.255153] Scanning for low memory corruption every 60 seconds
[    1.260693] Initialise system trusted keyrings
[    1.263987] Key type blacklist registered
[    1.267943] workingset: timestamp_bits=36 max_order=17 bucket_order=0
[    1.275944] zbud: loaded
[    1.279486] squashfs: version 4.0 (2009/01/31) Phillip Lougher
[    1.285024] fuse init (API version 7.26)
[    1.290372] Key type asymmetric registered
[    1.293685] Asymmetric key parser 'x509' registered
[    1.297126] Block layer SCSI generic (bsg) driver version 0.4 loaded (major 246)
[    1.303338] io scheduler noop registered
[    1.306965] io scheduler deadline registered
[    1.310129] io scheduler cfq registered (default)
[    1.313904] ACPI: AC Adapter [AC] (on-line)
[    1.317593] input: Power Button as /devices/LNXSYSTM:00/LNXPWRBN:00/input/input0
[    1.322610] ACPI: Power Button [PWRF]
[    1.325557] input: Sleep Button as /devices/LNXSYSTM:00/LNXSLPBN:00/input/input1
[    1.330790] ACPI: Sleep Button [SLPF]
[    1.334730] Serial: 8250/16550 driver, 32 ports, IRQ sharing enabled
[    1.369473] 00:02: ttyS0 at I/O 0x3f8 (irq = 4, base_baud = 115200) is a 16550A
[    1.378791] Linux agpgart interface v0.103
[    1.389106] loop: module loaded
[    1.393080] scsi host0: ata_piix
[    1.395552] scsi host1: ata_piix
[    1.398329] ata1: PATA max UDMA/33 cmd 0x1f0 ctl 0x3f6 bmdma 0xd000 irq 14
[    1.403441] ata2: PATA max UDMA/33 cmd 0x170 ctl 0x376 bmdma 0xd008 irq 15
[    1.410312] libphy: Fixed MDIO Bus: probed
[    1.413583] tun: Universal TUN/TAP device driver, 1.6
[    1.417545] PPP generic driver version 2.4.2
[    1.420649] ehci_hcd: USB 2.0 'Enhanced' Host Controller (EHCI) Driver
[    1.425082] ehci-pci: EHCI PCI platform driver
[    1.428197] ehci-platform: EHCI generic platform driver
[    1.431722] ohci_hcd: USB 1.1 'Open' Host Controller (OHCI) Driver
[    1.437282] ohci-pci: OHCI PCI platform driver
[    1.440545] ohci-platform: OHCI generic platform driver
[    1.444583] uhci_hcd: USB Universal Host Controller Interface driver
[    1.449546] i8042: PNP: PS/2 Controller [PNP0303:PS2K,PNP0f03:PS2M] at 0x60,0x64 irq 1,12
[    1.458695] serio: i8042 KBD port at 0x60,0x64 irq 1
[    1.462810] serio: i8042 AUX port at 0x60,0x64 irq 12
[    1.467369] mousedev: PS/2 mouse device common for all mice
[    1.473684] input: AT Translated Set 2 keyboard as /devices/platform/i8042/serio0/input/input2
[    1.480392] rtc_cmos rtc_cmos: rtc core: registered rtc_cmos as rtc0
[    1.486160] rtc_cmos rtc_cmos: alarms up to one day, 114 bytes nvram
[    1.490951] i2c /dev entries driver
[    1.493603] device-mapper: uevent: version 1.0.3
[    1.497087] device-mapper: ioctl: 4.37.0-ioctl (2017-09-20) initialised: dm-devel@redhat.com
[    1.503163] ledtrig-cpu: registered to indicate activity on CPUs
[    1.508379] NET: Registered protocol family 10
[    1.514923] Segment Routing with IPv6
[    1.518434] NET: Registered protocol family 17
[    1.522107] Key type dns_resolver registered
[    1.525693] mce: Using 0 MCE banks
[    1.528326] RAS: Correctable Errors collector initialized.
[    1.531988] sched_clock: Marking stable (1528232959, 0)->(2298449461, -770216502)
[    1.539039] registered taskstats version 1
[    1.542461] Loading compiled-in X.509 certificates
[    1.547868] Loaded X.509 cert 'Build time autogenerated kernel key: 1542c441293f32312405dc023a70312e7f0d3f0a'
[    1.557719] Loaded X.509 cert 'Canonical Ltd. Live Patch Signing: 14df34d1a87cf37625abec039ef2bf521249b969'
[    1.565859] Loaded X.509 cert 'Canonical Ltd. Kernel Module Signing: 88f752e560a1e0737e31163a466ad7b70a850c19'
[    1.626657] zswap: loaded using pool lzo/zbud
[    1.633271] Key type big_key registered
[    1.636662] Key type trusted registered
[    1.641189] Key type encrypted registered
[    1.644249] AppArmor: AppArmor sha1 policy hashing enabled
[    1.647980] ima: No TPM chip found, activating TPM-bypass! (rc=-19)
[    1.653781] ima: Allocated hash algorithm: sha1
[    1.657225] evm: HMAC attrs: 0x1
[    1.659961]   Magic number: 13:723:870
[    1.663603] rtc_cmos rtc_cmos: setting system clock to 2021-11-11 05:51:58 UTC (1636609918)
[    1.670638] BIOS EDD facility v0.16 2004-Jun-25, 0 devices found
[    1.674893] EDD information not available.
[    1.680335] Freeing unused kernel image memory: 2448K
[    1.692163] Write protecting the kernel read-only data: 20480k
[    1.696792] Freeing unused kernel image memory: 2008K
[    1.700798] Freeing unused kernel image memory: 1824K
[    1.708831] x86/mm: Checked W+X mappings: passed, no W+X pages found.
[    1.714766] x86/mm: Checking user space page tables
[    1.722430] x86/mm: Checked W+X mappings: passed, no W+X pages found.
Loading, please wait...
starting version 237
[    1.821099] e1000: Intel(R) PRO/1000 Network Driver - version 7.3.21-k8-NAPI
[    1.827121] e1000: Copyright (c) 1999-2006 Intel Corporation.
[    1.835207] Fusion MPT base driver 3.04.20
[    1.839327] Copyright (c) 1999-2008 LSI Corporation
[    1.884433] Fusion MPT SPI Host driver 3.04.20
[    2.100228] input: ImExPS/2 Generic Explorer Mouse as /devices/platform/i8042/serio1/input/input4
[    2.608590] e1000 0000:00:03.0 eth0: (PCI:33MHz:32-bit) 02:98:b5:2c:07:4e
[    2.613290] e1000 0000:00:03.0 eth0: Intel(R) PRO/1000 Network Connection
[    2.619672] mptbase: ioc0: Initiating bringup
[    2.738467] ioc0: LSI53C1030 A0: Capabilities={Initiator}
[    3.002004] scsi host2: ioc0: LSI53C1030 A0, FwRev=00000000h, Ports=1, MaxQ=256, IRQ=20
[    3.177397] scsi 2:0:0:0: Direct-Access     VBOX     HARDDISK         1.0  PQ: 0 ANSI: 5
[    3.187598] scsi target2:0:0: Beginning Domain Validation
[    3.196815] random: fast init done
[    3.203691] scsi target2:0:0: Domain Validation skipping write tests
[    3.209813] scsi target2:0:0: Ending Domain Validation
[    3.214355] scsi target2:0:0: asynchronous
[    3.221116] scsi 2:0:1:0: Direct-Access     VBOX     HARDDISK         1.0  PQ: 0 ANSI: 5
[    3.227067] scsi target2:0:1: Beginning Domain Validation
[    3.316477] scsi target2:0:1: Domain Validation skipping write tests
[    3.320830] scsi target2:0:1: Ending Domain Validation
[    3.332657] scsi target2:0:1: asynchronous
[    3.441055] sd 2:0:0:0: [sda] 83886080 512-byte logical blocks: (42.9 GB/40.0 GiB)
[    3.446556] sd 2:0:0:0: Attached scsi generic sg0 type 0
[    3.450978] random: systemd-udevd: uninitialized urandom read (16 bytes read)
[    3.457390] sd 2:0:1:0: [sdb] 20480 512-byte logical blocks: (10.5 MB/10.0 MiB)
[    3.462709] sd 2:0:1:0: Attached scsi generic sg1 type 0
[    3.474708] sd 2:0:0:0: [sda] Write Protect is off
[    3.478888] sd 2:0:1:0: [sdb] Write Protect is off
[    3.482909] sd 2:0:1:0: [sdb] Incomplete mode parameter data
[    3.487043] sd 2:0:1:0: [sdb] Assuming drive cache: write through
[    3.491751] sd 2:0:0:0: [sda] Incomplete mode parameter data
[    3.496600] sd 2:0:0:0: [sda] Assuming drive cache: write through
[    3.500977] random: systemd-udevd: uninitialized urandom read (16 bytes read)
[    3.517100] random: systemd-udevd: uninitialized urandom read (16 bytes read)
[    3.556348]  sda: sda1
[    3.561212] sd 2:0:1:0: [sdb] Attached SCSI disk
[    3.564776] sd 2:0:0:0: [sda] Attached SCSI disk
[    3.989555] e1000 0000:00:08.0 eth1: (PCI:33MHz:32-bit) 08:00:27:ea:ae:30
[    3.995747] e1000 0000:00:08.0 eth1: Intel(R) PRO/1000 Network Connection
[    4.003612] e1000 0000:00:08.0 enp0s8: renamed from eth1
[    4.016826] e1000 0000:00:03.0 enp0s3: renamed from eth0
Begin: Loading essential drivers ... [    6.008075] raid6: sse2x1   gen() 12261 MB/s
[    6.060186] raid6: sse2x1   xor()  9059 MB/s
[    6.124548] raid6: sse2x2   gen() 19207 MB/s
[    6.180079] raid6: sse2x2   xor() 10444 MB/s
[    6.232129] raid6: sse2x4   gen() 18006 MB/s
[    6.296357] raid6: sse2x4   xor() 13879 MB/s
[    6.300676] raid6: using algorithm sse2x2 gen() 19207 MB/s
[    6.305229] raid6: .... xor() 10444 MB/s, rmw enabled
[    6.309412] raid6: using ssse3x2 recovery algorithm
[    6.314380] xor: measuring software checksum speed
[    6.425398]    prefetch64-sse: 56375.000 MB/sec
[    6.532640]    generic_sse: 53491.000 MB/sec
[    6.536976] xor: using function: prefetch64-sse (56375.000 MB/sec)
[    6.543177] async_tx: api initialized (async)
done.
Begin: Running /scripts/init-premount ... done.
Begin: Mounting root file system ... Begin: Running /scripts/local-top ... done.
Begin: Running /scripts/local-premount ... [    6.604351] Btrfs loaded, crc32c=crc32c-intel
Scanning for Btrfs filesystems
done.
Warning: fsck not present, so skipping root file system
[    6.666811] EXT4-fs (sda1): mounted filesystem with ordered data mode. Opts: (null)
done.
Begin: Running /scripts/local-bottom ... done.
Begin: Running /scripts/init-bottom ... done.
[    7.682185] ip_tables: (C) 2000-2006 Netfilter Core Team
[    7.784508] systemd[1]: systemd 237 running in system mode. (+PAM +AUDIT +SELINUX +IMA +APPARMOR +SMACK +SYSVINIT +UTMP +LIBCRYPTSETUP +GCRYPT +GNUTLS +ACL +XZ +LZ4 +SECCOMP +BLKID +ELFUTILS +KMOD -IDN2 +IDN -PCRE2 default-hierarchy=hybrid)
[    7.800810] systemd[1]: Detected virtualization oracle.
[    7.804540] systemd[1]: Detected architecture x86-64.

Welcome to [1mUbuntu 18.04.6 LTS[0m!

[    7.897674] systemd[1]: Set hostname to <ubuntu>.
[    7.933051] systemd[1]: Initializing machine ID from random generator.
[    7.938687] systemd[1]: Installed transient /etc/machine-id file.
[    8.544757] random: crng init done
[    8.548244] random: 7 urandom warning(s) missed due to ratelimiting
[    9.391372] systemd[1]: Set up automount Arbitrary Executable File Formats File System Automount Point.
[[0;32m  OK  [0m] Set up automount Arbitrary Executabâ€¦rmats File System Automount Point.
[    9.404767] systemd[1]: Reached target User and Group Name Lookups.
[[0;32m  OK  [0m] Reached target User and Group Name Lookups.
[    9.414131] systemd[1]: Created slice User and Session Slice.
[[0;32m  OK  [0m] Created slice User and Session Slice.
[    9.422504] systemd[1]: Started Forward Password Requests to Wall Directory Watch.
[[0;32m  OK  [0m] Started Forward Password Requests to Wall Directory Watch.
[[0;32m  OK  [0m] Created slice System Slice.
[[0;32m  OK  [0m] Listening on LVM2 poll daemon socket.
[[0;32m  OK  [0m] Reached target Slices.
[[0;32m  OK  [0m] Listening on fsck to fsckd communication Socket.
[[0;32m  OK  [0m] Listening on Syslog Socket.
[[0;32m  OK  [0m] Listening on LVM2 metadata daemon socket.
[[0;32m  OK  [0m] Listening on Journal Socket (/dev/log).
[[0;32m  OK  [0m] Listening on Network Service Netlink Socket.
[[0;32m  OK  [0m] Listening on Device-mapper event daemon FIFOs.
[[0;32m  OK  [0m] Created slice system-serial\x2dgetty.slice.
[[0;32m  OK  [0m] Listening on Journal Audit Socket.
[[0;32m  OK  [0m] Listening on /dev/initctl Compatibility Named Pipe.
[[0;32m  OK  [0m] Reached target System Time Synchronized.
[[0;32m  OK  [0m] Listening on Journal Socket.
         Starting Load Kernel Modules...
         Starting Set the console keyboard layout...
         Starting File System Check on Root Device...
         Starting Journal Service...
         Mounting Huge Pages File System...
[    9.598994] Loading iSCSI transport class v2.0-870.
[    9.619483] iscsi: registered transport (tcp)
[    9.651719] iscsi: registered transport (iser)
         Starting Create list of required stâ€¦ce nodes for the current kernel...
         Starting Monitoring of LVM2 mirrorsâ€¦ng dmeventd or progress polling...
[[0;32m  OK  [0m] Listening on udev Kernel Socket.
[[0;32m  OK  [0m] Listening on udev Control Socket.
         Starting udev Coldplug all Devices...
         Starting Uncomplicated firewall...
         Mounting POSIX Message Queue File System...
         Mounting Kernel Debug File System...
[[0;32m  OK  [0m] Reached target Swap.
[[0;32m  OK  [0m] Started Journal Service.
[[0;32m  OK  [0m] Started Load Kernel Modules.
[[0;32m  OK  [0m] Mounted Huge Pages File System.
[[0;32m  OK  [0m] Mounted POSIX Message Queue File System.
[[0;32m  OK  [0m] Mounted Kernel Debug File System.
[[0;32m  OK  [0m] Started File System Check Daemon to report status.
         Mounting Kernel Configuration File System...
         Mounting FUSE Control File System...
         Starting Apply Kernel Variables...
[[0;32m  OK  [0m] Started Create list of required staâ€¦vice nodes for the current kernel.
[[0;32m  OK  [0m] Mounted Kernel Configuration File System.
[[0;32m  OK  [0m] Mounted FUSE Control File System.
         Starting Create Static Device Nodes in /dev...
[[0;32m  OK  [0m] Started File System Check on Root Device.
         Starting Remount Root and Kernel File Systems...
[[0;32m  OK  [0m] Started udev Coldplug all Devices.
[[0;32m  OK  [0m] Started Uncomplicated firewall.
[[0;32m  OK  [0m] Started Apply Kernel Variables.
[[0;32m  OK  [0m] Started Remount Root and Kernel File Systems.
         Starting Flush Journal to Persistent Storage...
         Starting Load/Save Random Seed...
[[0;32m  OK  [0m] Started LVM2 metadata daemon.
[[0;32m  OK  [0m] Started Create Static Device Nodes in /dev.
         Starting udev Kernel Device Manager...
[[0;32m  OK  [0m] Started Load/Save Random Seed.
[[0;32m  OK  [0m] Started Monitoring of LVM2 mirrors,â€¦sing dmeventd or progress polling.
[[0;32m  OK  [0m] Started Flush Journal to Persistent Storage.
[[0;32m  OK  [0m] Started udev Kernel Device Manager.
[[0;32m  OK  [0m] Found device /dev/ttyS0.
[[0;32m  OK  [0m] Listening on Load/Save RF Kill Switch Status /dev/rfkill Watch.
[[0;32m  OK  [0m] Started Set the console keyboard layout.
[[0;32m  OK  [0m] Started Dispatch Password Requests to Console Directory Watch.
[[0;32m  OK  [0m] Reached target Local Encrypted Volumes.
[[0;32m  OK  [0m] Reached target Local File Systems (Pre).
[[0;32m  OK  [0m] Reached target Local File Systems.
         Starting ebtables ruleset management...
         Starting AppArmor initialization...
         Starting Set console font and keymap...
         Starting Commit a transient machine-id on disk...
         Starting Tell Plymouth To Write Out Runtime Data...
         Starting Create Volatile Files and Directories...
[[0;32m  OK  [0m] Started Set console font and keymap.
[[0;32m  OK  [0m] Started Tell Plymouth To Write Out Runtime Data.
[[0;32m  OK  [0m] Started Commit a transient machine-id on disk.
[[0;32m  OK  [0m] Started Create Volatile Files and Directories.
         Starting Update UTMP about System Boot/Shutdown...
[[0;32m  OK  [0m] Started Update UTMP about System Boot/Shutdown.
[[0;32m  OK  [0m] Started ebtables ruleset management.
[[0;32m  OK  [0m] Started AppArmor initialization.
         Starting Load AppArmor profiles managed internally by snapd...
         Starting Initial cloud-init job (pre-networking)...
[[0;32m  OK  [0m] Started Load AppArmor profiles managed internally by snapd.
[   19.485085] cloud-init[582]: Cloud-init v. 21.3-1-g6803368d-0ubuntu1~18.04.4 running 'init-local' at Thu, 11 Nov 2021 05:52:15 +0000. Up 18.22 seconds.
[[0;32m  OK  [0m] Started Initial cloud-init job (pre-networking).
[[0;32m  OK  [0m] Reached target Network (Pre).
         Starting Network Service...
[[0;32m  OK  [0m] Started Network Service.
         Starting Network Name Resolution...
         Starting Wait for Network to be Configured...
[[0;32m  OK  [0m] Started Network Name Resolution.
[[0;32m  OK  [0m] Reached target Network.
[[0;32m  OK  [0m] Reached target Host and Network Name Lookups.
[[0;32m  OK  [0m] Started Wait for Network to be Configured.
         Starting Initial cloud-init job (metadata service crawler)...
[   21.555399] cloud-init[706]: Cloud-init v. 21.3-1-g6803368d-0ubuntu1~18.04.4 running 'init' at Thu, 11 Nov 2021 05:52:18 +0000. Up 21.41 seconds.
[   21.565858] cloud-init[706]: ci-info: ++++++++++++++++++++++++++++++++++++++Net device info++++++++++++++++++++++++++++++++++++++
[   21.572016] cloud-init[706]: ci-info: +--------+-------+---------------------------+---------------+--------+-------------------+
[   21.579502] cloud-init[706]: ci-info: | Device |   Up  |          Address          |      Mask     | Scope  |     Hw-Address    |
[   21.588531] cloud-init[706]: ci-info: +--------+-------+---------------------------+---------------+--------+-------------------+
[   21.595216] cloud-init[706]: ci-info: | enp0s3 |  True |         10.0.2.15         | 255.255.255.0 | global | 02:98:b5:2c:07:4e |
[   21.607126] cloud-init[706]: ci-info: | enp0s3 |  True | fe80::98:b5ff:fe2c:74e/64 |       .       |  link  | 02:98:b5:2c:07:4e |
[   21.617660] cloud-init[706]: ci-info: | enp0s8 | False |             .             |       .       |   .    | 08:00:27:ea:ae:30 |
[   21.629399] cloud-init[706]: ci-info: |   lo   |  True |         127.0.0.1         |   255.0.0.0   |  host  |         .         |
[   21.635740] cloud-init[706]: ci-info: |   lo   |  True |          ::1/128          |       .       |  host  |         .         |
[   21.642019] cloud-init[706]: ci-info: +--------+-------+---------------------------+---------------+--------+-------------------+
[   21.652880] cloud-init[706]: ci-info: ++++++++++++++++++++++++++++Route IPv4 info+++++++++++++++++++++++++++++
[   21.660468] cloud-init[706]: ci-info: +-------+-------------+----------+-----------------+-----------+-------+
[   21.666639] cloud-init[706]: ci-info: | Route | Destination | Gateway  |     Genmask     | Interface | Flags |
[   21.673301] cloud-init[706]: ci-info: +-------+-------------+----------+-----------------+-----------+-------+
[   21.679107] cloud-init[706]: ci-info: |   0   |   0.0.0.0   | 10.0.2.2 |     0.0.0.0     |   enp0s3  |   UG  |
[   21.685581] cloud-init[706]: ci-info: |   1   |   10.0.2.0  | 0.0.0.0  |  255.255.255.0  |   enp0s3  |   U   |
[   21.691424] cloud-init[706]: ci-info: |   2   |   10.0.2.2  | 0.0.0.0  | 255.255.255.255 |   enp0s3  |   UH  |
[   21.696948] cloud-init[706]: ci-info: +-------+-------------+----------+-----------------+-----------+-------+
[   21.703976] cloud-init[706]: ci-info: +++++++++++++++++++Route IPv6 info+++++++++++++++++++
[   21.713257] cloud-init[706]: ci-info: +-------+-------------+---------+-----------+-------+
[   21.723405] cloud-init[706]: ci-info: | Route | Destination | Gateway | Interface | Flags |
[   21.733012] cloud-init[706]: ci-info: +-------+-------------+---------+-----------+-------+
[   21.740083] cloud-init[706]: ci-info: |   1   |  fe80::/64  |    ::   |   enp0s3  |   U   |
[   21.745232] cloud-init[706]: ci-info: |   3   |    local    |    ::   |   enp0s3  |   U   |
[   21.750929] cloud-init[706]: ci-info: |   4   |   ff00::/8  |    ::   |   enp0s3  |   U   |
[   21.755797] cloud-init[706]: ci-info: +-------+-------------+---------+-----------+-------+
[   24.275125] cloud-init[706]: Generating public/private rsa key pair.
[   24.292288] cloud-init[706]: Your identification has been saved in /etc/ssh/ssh_host_rsa_key.
[   24.297478] cloud-init[706]: Your public key has been saved in /etc/ssh/ssh_host_rsa_key.pub.
[   24.313599] cloud-init[706]: The key fingerprint is:
[   24.318905] cloud-init[706]: SHA256:xAwaLEaVGEIZt1zDX65eGLu14/awfeUn0OxYlC/RLsI root@ubuntu-bionic
[   24.335113] cloud-init[706]: The key's randomart image is:
[   24.340186] cloud-init[706]: +---[RSA 2048]----+
[   24.344501] cloud-init[706]: |o+=*++.          |
[[0;32m  OK  [0m] Started Initial cloud-init job (metadata service crawler).
[   24.356252] cloud-init[706]: | o* =+.+ .       |[[0;32m  OK  [0m] Reached target Cloud-config availability.

[   24.365264] cloud-init[706]: | . +. . *      o |[[0;32m  OK  [0m] Reached target Network is Online.

         Starting Availability of block devices...[   24.381405] cloud-init[706]: |       + .    + .|
[[0;32m  OK  [0m] Reached target Remote File Systems (Pre).
[[0;32m  OK  [0m] Reached target Remote File Systems.
[
[   24.400952] cloud-init[706]: [0;32m  OK  [0m] Reached target System Initialization.
|        S  . + + |
[[0;32m  OK  [0m] Started Trigger to poll for Ubuntu â€¦(Only enabled on GCP LTS non-pro).[   24.416918] cloud-init[706]: |       + o  E *.o|

         Starting Socket activation for snappy daemon.[   24.425636] cloud-init[706]: |      . +..  *oo |
[[0;32m  OK  [0m] Started Message of the Day.
[[0;32m  OK  [0m] Listening on UUID daemon activation socket.

[   24.442218] cloud-init[706]: [[0;32m  OK  [0m] Started Daily Cleanup of Temporary Directories.|       o ++ ..o..|
[   24.450193] cloud-init[706]: 
[[0;32m  OK  [0m] Listening on ACPID Listen Socket.|        oooo.  ..|
[   24.458598] cloud-init
[[0;32m  OK  [0m] Started Daily apt download activities.[706]: +----[SHA256]-----+
[   24.467299] cloud-init[706]: Generating public/private dsa key pair.
[   24.471862] 
cloud-init[706]: [[0;32m  OK  [0m] Started ACPI Events Check.
[Your identification has been saved in /etc/ssh/ssh_host_dsa_key.
[   24.483303] [0;32m  OK  [0m] Started Daily apt upgrade and clean activities.
[cloud-init[706]: Your public key has been saved in /etc/ssh/ssh_host_dsa_key.pub.
[0;32m  OK  [0m] Reached target Paths.
[[   24.496646] cloud-init[706]: The key fingerprint is:[0;32m  OK  [0m] Listening on cloud-init hotplug hook socket.

[   24.505312] cloud-init[706]: SHA256:e6zy/9yIfCu/Cd76xnYjw+0NN2MITj8rRPcdmbCZJI4 root@ubuntu-bionic[[0;32m  OK  [0m] Listening on D-Bus System Message Bus Socket.
[[0;32m  OK  [0m] 
[   24.517555] cloud-init[706]: The key's randomart image is:Started Discard unused blocks once a week.

[   24.524124]          Starting LXD - unix socket.
cloud-init[706]: +---[DSA 1024]----+
[   24.531475] [[0;32m  OK  [0m] Started Ubuntu Advantage Timer for running repeated jobs.
[[0;32m  OK  [0m] Reached target Timers.
[[0;32m  OK  [0mcloud-init[706]: |                 |
] Listening on Open-iSCSI iscsid Socket.
[[0;32m  OK  [0m] [   24.557482] cloud-init[706]: |           . o   |Started Availability of block devices.
[[0;32m  OK  [0m] Listening on Socket activation for snappy daemon.
[   24.571747] 
[[0;32m  OK  [0m] Listening on LXD - unix socket.cloud-init[706]: |          o o = o|
[[0;32m  OK  [0m] Reached target Sockets.
[   24.587810] 
[[0;32m  OK  [0m] Reached target Basic System.cloud-init[706]: |         E o = + |

         [   24.600559] cloud-initStarting LSB: Record successful boot for GRUB...
[[0;32m  OK  [0m] Started D-Bus System Message Bus.
[706]: |        S .o. . o|
[   24.624209] cloud-init[706]: |         oo.o ...|
[   24.640550] cloud-init[706]: |        . =+ =.+.|
[   24.651241] cloud-init[706]: |      .  =.*O+B+o|
[   24.661607] cloud-init[706]: |       oo.*X%Oo..|
[   24.667516] cloud-init[706]: +----[SHA256]-----+
[   24.673812] cloud-init[706]: Generating public/private ecdsa key pair.
[   24.678476] cloud-init[706]: Your identification has been saved in /etc/ssh/ssh_host_ecdsa_key.
[   24.686320] cloud-init[706]: Your public key has been saved in /etc/ssh/ssh_host_ecdsa_key.pub.
[   24.691626] cloud-init[706]: The key fingerprint is:
[   24.695755] cloud-init[706]: SHA256:+my7Q/Ahi8z2gIpFC104aPvN7trzuQd6a8QyMXs7sHo root@ubuntu-bionic
[   24.703388] cloud-init[706]: The key's randomart image is:
[   24.707652] cloud-init[706]: +---[ECDSA 256]---+
[   24.711627] cloud-init[706]: | . .             |
[   24.715893] cloud-init[706]: |..o .            |
[   24.720460] cloud-init[706]: |...o             |
[   24.724546] cloud-init[706]: |..o  oo .        |
[   24.728600] cloud-init[706]: | o.=o.==S.       |
[   24.733667] cloud-init[706]: |  +.*B.*o        |
[   24.739604] cloud-init[706]: |.o ..oX.o        |
[   24.745561] cloud-init[706]: |o   .E.B+.       |
[   24.750011] cloud-init[706]: |   o=o=*X+       |
[   24.754900] cloud-init[706]: +----[SHA256]-----+
[   24.797321] cloud-init[706]: Generating public/private ed25519 key pair.
[   24.802059] cloud-init[706]: Your identification has been saved in /etc/ssh/ssh_host_ed25519_key.
[   24.807140] cloud-init[706]: Your public key has been saved in /etc/ssh/ssh_host_ed25519_key.pub.
[   24.813075] cloud-init[706]: The key fingerprint is:
[   24.819883] cloud-init[706]: SHA256:7T4rmgbxXIAQCMDRG8i0DuuuHp1SRrmDb9uvarHbxjY root@ubuntu-bionic
[   24.827415] cloud-init         Starting Dispatcher daemon for systemd-networkd...
[706]: The key's randomart image is:
[   24.838886] cloud-init         Starting Pollinate to seed the pseudo random number generator...
[[0;32m  OK  [0m] Started FUSE filesystem for LXC.
         Starting Permit User Sessions...
         Starting LSB: automatic crash report generation...
[706]:          Starting Virtualbox guest utils...
+--[ED25519 256]--+
[[0;32m  OK  [0m[   24.890087] cloud-init[706]: ] Started Deferred execution scheduler.
         |O+*o .           |
[   24.903263] Starting LXD - container startup/shutdown...
cloud-init[706]: |.+.oo .          |
[   24.930396] cloud-init[706]: |.. oo  .         |
[   24.941531] cloud-init[706]: |o.o.o   ..       |
[   24.955847] cloud-init[706]: |.o = + .S .      |
[   24.965413] cloud-init[706]: |. =.+ o  .       |
[   24.978975] cloud-init[706]: | + =+.    .      |
[   24.989626] cloud-init[706]: |. +o+E.....      |
[   24.998856] cloud-init[706]: |+o.+==*o .oo     |
[   25.015407] cloud-init[706]: +----[SHA256]-----+
[[0;32m  OK  [0m] Started Regular background program processing daemon.
         Starting Snap Daemon...
         Starting Accounts Service...
[[0;32m  OK  [0m] Started irqbalance daemon.
         Starting Login Service...
         Starting System Logging Service...
[[0;32m  OK  [0m] Started Permit User Sessions.
         Starting Hold until boot process finishes up...
         Starting Terminate Plymouth Boot Screen...
[[0;32m  OK  [0m] Started Hold until boot process finishes up.
         Starting Set console scheme...
[[0;32m  OK  [0m] Started Serial Getty on ttyS0.
[[0;32m  OK  [0m] Started Terminate Plymouth Boot Screen.
[[0;32m  OK  [0m] Started Login Service.
[[0;32m  OK  [0m] Started Unattended Upgrades Shutdown.
[[0;32m  OK  [0m] Started System Logging Service.
[[0;32m  OK  [0m] Started Set console scheme.
[[0;32m  OK  [0m] Created slice system-getty.slice.
[[0;32m  OK  [0m] Started Getty on tty1.
[[0;32m  OK  [0m] Reached target Login Prompts.
[[0;32m  OK  [0m] Started LSB: automatic crash report generation.
[[0;32m  OK  [0m] Started LSB: Record successful boot for GRUB.
         Starting Authorization Manager...
[[0;32m  OK  [0m] Started Virtualbox guest utils.
[[0;32m  OK  [0m] Started Authorization Manager.
[[0;32m  OK  [0m] Started Accounts Service.
[[0;32m  OK  [0m] Started Dispatcher daemon for systemd-networkd.
[[0;32m  OK  [0m] Started LXD - container startup/shutdown.
[[0;32m  OK  [0m] Started Snap Daemon.
         Starting Wait until snapd is fully seeded...

Ubuntu 18.04.6 LTS ubuntu-bionic ttyS0

ubuntu-bionic login: [   35.618566] cloud-init[1316]: Cloud-init v. 21.3-1-g6803368d-0ubuntu1~18.04.4 running 'modules:config' at Thu, 11 Nov 2021 05:52:29 +0000. Up 32.76 seconds.
ci-info: no authorized SSH keys fingerprints found for user ubuntu.
<14>Nov 11 05:52:33 cloud-init: #############################################################
<14>Nov 11 05:52:33 cloud-init: -----BEGIN SSH HOST KEY FINGERPRINTS-----
<14>Nov 11 05:52:33 cloud-init: 1024 SHA256:e6zy/9yIfCu/Cd76xnYjw+0NN2MITj8rRPcdmbCZJI4 root@ubuntu-bionic (DSA)
<14>Nov 11 05:52:33 cloud-init: 256 SHA256:+my7Q/Ahi8z2gIpFC104aPvN7trzuQd6a8QyMXs7sHo root@ubuntu-bionic (ECDSA)
<14>Nov 11 05:52:33 cloud-init: 256 SHA256:7T4rmgbxXIAQCMDRG8i0DuuuHp1SRrmDb9uvarHbxjY root@ubuntu-bionic (ED25519)
<14>Nov 11 05:52:33 cloud-init: 2048 SHA256:xAwaLEaVGEIZt1zDX65eGLu14/awfeUn0OxYlC/RLsI root@ubuntu-bionic (RSA)
<14>Nov 11 05:52:33 cloud-init: -----END SSH HOST KEY FINGERPRINTS-----
<14>Nov 11 05:52:33 cloud-init: #############################################################
-----BEGIN SSH HOST KEY KEYS-----
ecdsa-sha2-nistp256 AAAAE2VjZHNhLXNoYTItbmlzdHAyNTYAAAAIbmlzdHAyNTYAAABBBD9YAbsKedsZyXIyC0P3NP3tGMOr83sV2bixZ2JcwPvfj7z0gLoOFxS3yX8lI664CKq6oWZj8lCg8gzsI9jqqFU= root@ubuntu-bionic
ssh-ed25519 AAAAC3NzaC1lZDI1NTE5AAAAIEVMMMycjxVF9ixxQRgMfIyaLTv9XLFBh+ZjhtClGt+D root@ubuntu-bionic
ssh-rsa AAAAB3NzaC1yc2EAAAADAQABAAABAQC9iwaYiJEEM8oYtBlxctN/9Jmuvd+hu0x712ygNyCFGFk+G6C45nDdr0xV4I+n5NVo9lJYif8pm/HwjRuOZMdAN+W6tMTDKszECQW3f/1XNq7PIm8FkArypBT83PY5WM3jhxVLesCPbUWIk3yQVMpWcJTTtlHSGs+BvswxDXLomk9oFL3mXjeWCGg3NdM5mie1Xk6zCssU21soLiC+Ang5NNB9HEw3w/MJMHY2vc1E70OLp9IRthL+z5hreXbPX1vKKOn8EbmcbMpEGE5TYk4w+oDTfu7NKJpUfcR+M4tdLzKvuynG37bPSXRg+rC+TYCZasom4onmUIjYv+ynfSBV root@ubuntu-bionic
-----END SSH HOST KEY KEYS-----
[   36.573750] cloud-init[1432]: Cloud-init v. 21.3-1-g6803368d-0ubuntu1~18.04.4 running 'modules:final' at Thu, 11 Nov 2021 05:52:32 +0000. Up 36.15 seconds.
[   36.600870] cloud-init[1432]: ci-info: no authorized SSH keys fingerprints found for user ubuntu.
[   36.635274] cloud-init[1432]: Cloud-init v. 21.3-1-g6803368d-0ubuntu1~18.04.4 finished at Thu, 11 Nov 2021 05:52:33 +0000. Datasource DataSourceNoCloud [seed=/dev/sdb][dsmode=net].  Up 36.56 seconds
