[    0.000000] Linux version 4.15.0-161-generic (buildd@lcy01-amd64-012) (gcc version 7.5.0 (Ubuntu 7.5.0-3ubuntu1~18.04)) #169-Ubuntu SMP Fri Oct 15 13:41:54 UTC 2021 (Ubuntu 4.15.0-161.169-generic 4.15.18)
[    0.000000] Command line: BOOT_IMAGE=/boot/vmlinuz-4.15.0-161-generic root=LABEL=cloudimg-rootfs ro console=tty1 console=ttyS0
[    0.000000] KERNEL supported cpus:
[    0.000000]   Intel GenuineIntel
[    0.000000]   AMD AuthenticAMD
[    0.000000]   Centaur CentaurHauls
[    0.000000] x86/fpu: x87 FPU will use FXSAVE
[    0.000000] e820: BIOS-provided physical RAM map:
[    0.000000] BIOS-e820: [mem 0x0000000000000000-0x000000000009fbff] usable
[    0.000000] BIOS-e820: [mem 0x000000000009fc00-0x000000000009ffff] reserved
[    0.000000] BIOS-e820: [mem 0x00000000000f0000-0x00000000000fffff] reserved
[    0.000000] BIOS-e820: [mem 0x0000000000100000-0x000000001ffeffff] usable
[    0.000000] BIOS-e820: [mem 0x000000001fff0000-0x000000001fffffff] ACPI data
[    0.000000] BIOS-e820: [mem 0x00000000fec00000-0x00000000fec00fff] reserved
[    0.000000] BIOS-e820: [mem 0x00000000fee00000-0x00000000fee00fff] reserved
[    0.000000] BIOS-e820: [mem 0x00000000fffc0000-0x00000000ffffffff] reserved
[    0.000000] NX (Execute Disable) protection: active
[    0.000000] SMBIOS 2.5 present.
[    0.000000] DMI: innotek GmbH VirtualBox/VirtualBox, BIOS VirtualBox 12/01/2006
[    0.000000] Hypervisor detected: KVM
[    0.000000] e820: last_pfn = 0x1fff0 max_arch_pfn = 0x400000000
[    0.000000] MTRR: Disabled
[    0.000000] x86/PAT: MTRRs disabled, skipping PAT initialization too.
[    0.000000] CPU MTRRs all blank - virtualized system.
[    0.000000] x86/PAT: Configuration [0-7]: WB  WT  UC- UC  WB  WT  UC- UC  
[    0.000000] found SMP MP-table at [mem 0x0009fff0-0x0009ffff]
[    0.000000] Scanning 1 areas for low memory corruption
[    0.000000] RAMDISK: [mem 0x1daf8000-0x1ee07fff]
[    0.000000] ACPI: Early table checksum verification disabled
[    0.000000] ACPI: RSDP 0x00000000000E0000 000024 (v02 VBOX  )
[    0.000000] ACPI: XSDT 0x000000001FFF0030 00003C (v01 VBOX   VBOXXSDT 00000001 ASL  00000061)
[    0.000000] ACPI: FACP 0x000000001FFF00F0 0000F4 (v04 VBOX   VBOXFACP 00000001 ASL  00000061)
[    0.000000] ACPI: DSDT 0x000000001FFF0470 002325 (v02 VBOX   VBOXBIOS 00000002 INTL 20100528)
[    0.000000] ACPI: FACS 0x000000001FFF0200 000040
[    0.000000] ACPI: FACS 0x000000001FFF0200 000040
[    0.000000] ACPI: APIC 0x000000001FFF0240 000054 (v02 VBOX   VBOXAPIC 00000001 ASL  00000061)
[    0.000000] ACPI: SSDT 0x000000001FFF02A0 0001CC (v01 VBOX   VBOXCPUT 00000002 INTL 20100528)
[    0.000000] ACPI: Reserving FACP table memory at [mem 0x1fff00f0-0x1fff01e3]
[    0.000000] ACPI: Reserving DSDT table memory at [mem 0x1fff0470-0x1fff2794]
[    0.000000] ACPI: Reserving FACS table memory at [mem 0x1fff0200-0x1fff023f]
[    0.000000] ACPI: Reserving FACS table memory at [mem 0x1fff0200-0x1fff023f]
[    0.000000] ACPI: Reserving APIC table memory at [mem 0x1fff0240-0x1fff0293]
[    0.000000] ACPI: Reserving SSDT table memory at [mem 0x1fff02a0-0x1fff046b]
[    0.000000] No NUMA configuration found
[    0.000000] Faking a node at [mem 0x0000000000000000-0x000000001ffeffff]
[    0.000000] NODE_DATA(0) allocated [mem 0x1ffc5000-0x1ffeffff]
[    0.000000] kvm-clock: cpu 0, msr 0:1ff44001, primary cpu clock
[    0.000000] kvm-clock: Using msrs 4b564d01 and 4b564d00
[    0.000000] kvm-clock: using sched offset of 5834102052 cycles
[    0.000000] clocksource: kvm-clock: mask: 0xffffffffffffffff max_cycles: 0x1cd42e4dffb, max_idle_ns: 881590591483 ns
[    0.000000] Zone ranges:
[    0.000000]   DMA      [mem 0x0000000000001000-0x0000000000ffffff]
[    0.000000]   DMA32    [mem 0x0000000001000000-0x000000001ffeffff]
[    0.000000]   Normal   empty
[    0.000000]   Device   empty
[    0.000000] Movable zone start for each node
[    0.000000] Early memory node ranges
[    0.000000]   node   0: [mem 0x0000000000001000-0x000000000009efff]
[    0.000000]   node   0: [mem 0x0000000000100000-0x000000001ffeffff]
[    0.000000] Reserved but unavailable: 104 pages
[    0.000000] Initmem setup node 0 [mem 0x0000000000001000-0x000000001ffeffff]
[    0.000000] ACPI: PM-Timer IO Port: 0x4008
[    0.000000] IOAPIC[0]: apic_id 1, version 32, address 0xfec00000, GSI 0-23
[    0.000000] ACPI: INT_SRC_OVR (bus 0 bus_irq 0 global_irq 2 dfl dfl)
[    0.000000] ACPI: INT_SRC_OVR (bus 0 bus_irq 9 global_irq 9 low level)
[    0.000000] Using ACPI (MADT) for SMP configuration information
[    0.000000] smpboot: Allowing 1 CPUs, 0 hotplug CPUs
[    0.000000] PM: Registered nosave memory: [mem 0x00000000-0x00000fff]
[    0.000000] PM: Registered nosave memory: [mem 0x0009f000-0x0009ffff]
[    0.000000] PM: Registered nosave memory: [mem 0x000a0000-0x000effff]
[    0.000000] PM: Registered nosave memory: [mem 0x000f0000-0x000fffff]
[    0.000000] e820: [mem 0x20000000-0xfebfffff] available for PCI devices
[    0.000000] Booting paravirtualized kernel on KVM
[    0.000000] clocksource: refined-jiffies: mask: 0xffffffff max_cycles: 0xffffffff, max_idle_ns: 7645519600211568 ns
[    0.000000] random: get_random_bytes called from start_kernel+0x99/0x500 with crng_init=0
[    0.000000] setup_percpu: NR_CPUS:8192 nr_cpumask_bits:1 nr_cpu_ids:1 nr_node_ids:1
[    0.000000] percpu: Embedded 45 pages/cpu s147456 r8192 d28672 u2097152
[    0.000000] PV qspinlock hash table entries: 256 (order: 0, 4096 bytes)
[    0.000000] Built 1 zonelists, mobility grouping on.  Total pages: 128889
[    0.000000] Policy zone: DMA32
[    0.000000] Kernel command line: BOOT_IMAGE=/boot/vmlinuz-4.15.0-161-generic root=LABEL=cloudimg-rootfs ro console=tty1 console=ttyS0
[    0.000000] Memory: 466800K/523832K available (12300K kernel code, 2483K rwdata, 4320K rodata, 2448K init, 2724K bss, 57032K reserved, 0K cma-reserved)
[    0.000000] SLUB: HWalign=64, Order=0-3, MinObjects=0, CPUs=1, Nodes=1
[    0.000000] Kernel/User page tables isolation: enabled
[    0.000000] ftrace: allocating 39475 entries in 155 pages
[    0.004000] Hierarchical RCU implementation.
[    0.004000] 	RCU restricting CPUs from NR_CPUS=8192 to nr_cpu_ids=1.
[    0.004000] 	Tasks RCU enabled.
[    0.004000] RCU: Adjusting geometry for rcu_fanout_leaf=16, nr_cpu_ids=1
[    0.004000] NR_IRQS: 524544, nr_irqs: 256, preallocated irqs: 16
[    0.004000] Console: colour VGA+ 80x25
[    0.004000] console [tty1] enabled
[    0.004000] console [ttyS0] enabled
[    0.004000] ACPI: Core revision 20170831
[    0.004000] ACPI: 2 ACPI AML tables successfully acquired and loaded
[    0.004000] APIC: Switch to symmetric I/O mode setup
[    0.004000] ..TIMER: vector=0x30 apic1=0 pin1=2 apic2=-1 pin2=-1
[    0.004004] tsc: Detected 2903.998 MHz processor
[    0.008009] Calibrating delay loop (skipped) preset value.. 5807.99 BogoMIPS (lpj=11615992)
[    0.012003] pid_max: default: 32768 minimum: 301
[    0.016028] Security Framework initialized
[    0.018936] Yama: becoming mindful.
[    0.020019] AppArmor: AppArmor initialized
[    0.024077] Dentry cache hash table entries: 65536 (order: 7, 524288 bytes)
[    0.028028] Inode-cache hash table entries: 32768 (order: 6, 262144 bytes)
[    0.032018] Mount-cache hash table entries: 1024 (order: 1, 8192 bytes)
[    0.036012] Mountpoint-cache hash table entries: 1024 (order: 1, 8192 bytes)
[    0.044105] Last level iTLB entries: 4KB 128, 2MB 8, 4MB 8
[    0.047839] Last level dTLB entries: 4KB 64, 2MB 0, 4MB 0, 1GB 4
[    0.048004] Spectre V1 : Mitigation: usercopy/swapgs barriers and __user pointer sanitization
[    0.052003] Spectre V2 : Mitigation: Full generic retpoline
[    0.056002] Spectre V2 : Spectre v2 / SpectreRSB mitigation: Filling RSB on context switch
[    0.060002] Speculative Store Bypass: Vulnerable
[    0.064037] MDS: Mitigation: Clear CPU buffers
[    0.076000] Freeing SMP alternatives memory: 36K
[    0.184441] smpboot: CPU0: Intel(R) Core(TM) i5-9400F CPU @ 2.90GHz (family: 0x6, model: 0x9e, stepping: 0xa)
[    0.188064] Performance Events: unsupported p6 CPU model 158 no PMU driver, software events only.
[    0.192032] Hierarchical SRCU implementation.
[    0.195974] NMI watchdog: Perf event create on CPU 0 failed with -2
[    0.196003] NMI watchdog: Perf NMI watchdog permanently disabled
[    0.200042] smp: Bringing up secondary CPUs ...
[    0.204003] smp: Brought up 1 node, 1 CPU
[    0.208003] smpboot: Max logical packages: 1
[    0.212003] smpboot: Total of 1 processors activated (5807.99 BogoMIPS)
[    0.216105] devtmpfs: initialized
[    0.220048] x86/mm: Memory block size: 128MB
[    0.224168] evm: security.selinux
[    0.226881] evm: security.SMACK64
[    0.228004] evm: security.SMACK64EXEC
[    0.232002] evm: security.SMACK64TRANSMUTE
[    0.234779] evm: security.SMACK64MMAP
[    0.236003] evm: security.apparmor
[    0.240002] evm: security.ima
[    0.242081] evm: security.capability
[    0.244093] clocksource: jiffies: mask: 0xffffffff max_cycles: 0xffffffff, max_idle_ns: 7645041785100000 ns
[    0.248017] futex hash table entries: 256 (order: 2, 16384 bytes)
[    0.252048] pinctrl core: initialized pinctrl subsystem
[    0.256275] RTC time: 13:57:10, date: 11/10/21
[    0.260100] NET: Registered protocol family 16
[    0.263110] audit: initializing netlink subsys (disabled)
[    0.264124] cpuidle: using governor ladder
[    0.266909] cpuidle: using governor menu
[    0.268007] audit: type=2000 audit(1636552637.195:1): state=initialized audit_enabled=0 res=1
[    0.272044] ACPI: bus type PCI registered
[    0.276004] acpiphp: ACPI Hot Plug PCI Controller Driver version: 0.5
[    0.284101] PCI: Using configuration type 1 for base access
[    0.288952] HugeTLB registered 2.00 MiB page size, pre-allocated 0 pages
[    0.292133] ACPI: Added _OSI(Module Device)
[    0.296004] ACPI: Added _OSI(Processor Device)
[    0.300003] ACPI: Added _OSI(3.0 _SCP Extensions)
[    0.303148] ACPI: Added _OSI(Processor Aggregator Device)
[    0.304017] ACPI: Added _OSI(Linux-Dell-Video)
[    0.308021] ACPI: Added _OSI(Linux-Lenovo-NV-HDMI-Audio)
[    0.312003] ACPI: Added _OSI(Linux-HPI-Hybrid-Graphics)
[    0.316656] ACPI: Executed 1 blocks of module-level executable AML code
[    0.324875] ACPI: Interpreter enabled
[    0.327476] ACPI: (supports S0 S5)
[    0.328003] ACPI: Using IOAPIC for interrupt routing
[    0.332307] PCI: Using host bridge windows from ACPI; if necessary, use "pci=nocrs" and report a bug
[    0.336169] ACPI: Enabled 2 GPEs in block 00 to 07
[    0.347704] ACPI: PCI Root Bridge [PCI0] (domain 0000 [bus 00-ff])
[    0.348008] acpi PNP0A03:00: _OSC: OS supports [ASPM ClockPM Segments MSI]
[    0.352616] acpi PNP0A03:00: _OSC: not requesting OS control; OS requires [ExtendedConfig ASPM ClockPM MSI]
[    0.356017] acpi PNP0A03:00: fail to add MMCONFIG information, can't access extended PCI configuration space under this bridge.
[    0.364085] PCI host bridge to bus 0000:00
[    0.367208] pci_bus 0000:00: root bus resource [io  0x0000-0x0cf7 window]
[    0.368003] pci_bus 0000:00: root bus resource [io  0x0d00-0xffff window]
[    0.372005] pci_bus 0000:00: root bus resource [mem 0x000a0000-0x000bffff window]
[    0.376003] pci_bus 0000:00: root bus resource [mem 0x20000000-0xfdffffff window]
[    0.380004] pci_bus 0000:00: root bus resource [bus 00-ff]
[    0.388022] pci 0000:00:01.1: legacy IDE quirk: reg 0x10: [io  0x01f0-0x01f7]
[    0.392002] pci 0000:00:01.1: legacy IDE quirk: reg 0x14: [io  0x03f6]
[    0.396004] pci 0000:00:01.1: legacy IDE quirk: reg 0x18: [io  0x0170-0x0177]
[    0.400005] pci 0000:00:01.1: legacy IDE quirk: reg 0x1c: [io  0x0376]
[    0.476445] pci 0000:00:07.0: quirk: [io  0x4000-0x403f] claimed by PIIX4 ACPI
[    0.480040] pci 0000:00:07.0: quirk: [io  0x4100-0x410f] claimed by PIIX4 SMB
[    0.496783] ACPI: PCI Interrupt Link [LNKA] (IRQs 5 9 10 *11)
[    0.500421] ACPI: PCI Interrupt Link [LNKB] (IRQs 5 9 *10 11)
[    0.504152] ACPI: PCI Interrupt Link [LNKC] (IRQs 5 *9 10 11)
[    0.512167] ACPI: PCI Interrupt Link [LNKD] (IRQs 5 9 10 *11)
[    0.520091] SCSI subsystem initialized
[    0.524080] pci 0000:00:02.0: vgaarb: setting as boot VGA device
[    0.528000] pci 0000:00:02.0: vgaarb: VGA device added: decodes=io+mem,owns=io+mem,locks=none
[    0.528005] pci 0000:00:02.0: vgaarb: bridge control possible
[    0.536003] vgaarb: loaded
[    0.538004] ACPI: bus type USB registered
[    0.540019] usbcore: registered new interface driver usbfs
[    0.544015] usbcore: registered new interface driver hub
[    0.552022] usbcore: registered new device driver usb
[    0.556059] EDAC MC: Ver: 3.0.0
[    0.564145] PCI: Using ACPI for IRQ routing
[    0.568496] NetLabel: Initializing
[    0.572002] NetLabel:  domain hash size = 128
[    0.576003] NetLabel:  protocols = UNLABELED CIPSOv4 CALIPSO
[    0.580024] NetLabel:  unlabeled traffic allowed by default
[    0.584119] clocksource: Switched to clocksource kvm-clock
[    0.637971] VFS: Disk quotas dquot_6.6.0
[    0.641367] VFS: Dquot-cache hash table entries: 512 (order 0, 4096 bytes)
[    0.646568] AppArmor: AppArmor Filesystem Enabled
[    0.650224] pnp: PnP ACPI init
[    0.653881] pnp: PnP ACPI: found 3 devices
[    0.664371] clocksource: acpi_pm: mask: 0xffffff max_cycles: 0xffffff, max_idle_ns: 2085701024 ns
[    0.670840] NET: Registered protocol family 2
[    0.674742] IP idents hash table entries: 8192 (order: 4, 65536 bytes)
[    0.679832] TCP established hash table entries: 4096 (order: 3, 32768 bytes)
[    0.686134] TCP bind hash table entries: 4096 (order: 4, 65536 bytes)
[    0.690925] TCP: Hash tables configured (established 4096 bind 4096)
[    0.695888] UDP hash table entries: 256 (order: 1, 8192 bytes)
[    0.701142] UDP-Lite hash table entries: 256 (order: 1, 8192 bytes)
[    0.705640] NET: Registered protocol family 1
[    0.709219] pci 0000:00:00.0: Limiting direct PCI/PCI transfers
[    0.713644] pci 0000:00:01.0: Activating ISA DMA hang workarounds
[    0.718149] pci 0000:00:02.0: Video device with shadowed ROM at [mem 0x000c0000-0x000dffff]
[    0.725863] Unpacking initramfs...
[    1.244116] Freeing initrd memory: 19520K
[    1.247881] clocksource: tsc: mask: 0xffffffffffffffff max_cycles: 0x29dc03c1beb, max_idle_ns: 440795205215 ns
[    1.256703] platform rtc_cmos: registered platform RTC device (no PNP device found)
[    1.262310] Scanning for low memory corruption every 60 seconds
[    1.267169] Initialise system trusted keyrings
[    1.271078] Key type blacklist registered
[    1.274378] workingset: timestamp_bits=36 max_order=17 bucket_order=0
[    1.281279] zbud: loaded
[    1.283933] squashfs: version 4.0 (2009/01/31) Phillip Lougher
[    1.289386] fuse init (API version 7.26)
[    1.294737] Key type asymmetric registered
[    1.298167] Asymmetric key parser 'x509' registered
[    1.301659] Block layer SCSI generic (bsg) driver version 0.4 loaded (major 246)
[    1.307070] io scheduler noop registered
[    1.309927] io scheduler deadline registered
[    1.313049] io scheduler cfq registered (default)
[    1.316737] ACPI: AC Adapter [AC] (on-line)
[    1.319663] input: Power Button as /devices/LNXSYSTM:00/LNXPWRBN:00/input/input0
[    1.326038] ACPI: Power Button [PWRF]
[    1.328801] input: Sleep Button as /devices/LNXSYSTM:00/LNXSLPBN:00/input/input1
[    1.333989] ACPI: Sleep Button [SLPF]
[    1.337106] Serial: 8250/16550 driver, 32 ports, IRQ sharing enabled
[    1.368828] 00:02: ttyS0 at I/O 0x3f8 (irq = 4, base_baud = 115200) is a 16550A
[    1.379006] Linux agpgart interface v0.103
[    1.389176] loop: module loaded
[    1.393276] scsi host0: ata_piix
[    1.395909] scsi host1: ata_piix
[    1.398846] ata1: PATA max UDMA/33 cmd 0x1f0 ctl 0x3f6 bmdma 0xd000 irq 14
[    1.404405] ata2: PATA max UDMA/33 cmd 0x170 ctl 0x376 bmdma 0xd008 irq 15
[    1.410317] libphy: Fixed MDIO Bus: probed
[    1.413289] tun: Universal TUN/TAP device driver, 1.6
[    1.416823] PPP generic driver version 2.4.2
[    1.419782] ehci_hcd: USB 2.0 'Enhanced' Host Controller (EHCI) Driver
[    1.425373] ehci-pci: EHCI PCI platform driver
[    1.428581] ehci-platform: EHCI generic platform driver
[    1.432234] ohci_hcd: USB 1.1 'Open' Host Controller (OHCI) Driver
[    1.436480] ohci-pci: OHCI PCI platform driver
[    1.440484] ohci-platform: OHCI generic platform driver
[    1.444771] uhci_hcd: USB Universal Host Controller Interface driver
[    1.449143] i8042: PNP: PS/2 Controller [PNP0303:PS2K,PNP0f03:PS2M] at 0x60,0x64 irq 1,12
[    1.457471] serio: i8042 KBD port at 0x60,0x64 irq 1
[    1.461524] serio: i8042 AUX port at 0x60,0x64 irq 12
[    1.465253] mousedev: PS/2 mouse device common for all mice
[    1.470646] input: AT Translated Set 2 keyboard as /devices/platform/i8042/serio0/input/input2
[    1.477849] rtc_cmos rtc_cmos: rtc core: registered rtc_cmos as rtc0
[    1.483196] rtc_cmos rtc_cmos: alarms up to one day, 114 bytes nvram
[    1.488809] i2c /dev entries driver
[    1.491370] device-mapper: uevent: version 1.0.3
[    1.495741] device-mapper: ioctl: 4.37.0-ioctl (2017-09-20) initialised: dm-devel@redhat.com
[    1.502994] ledtrig-cpu: registered to indicate activity on CPUs
[    1.508641] NET: Registered protocol family 10
[    1.514861] Segment Routing with IPv6
[    1.517980] NET: Registered protocol family 17
[    1.521253] Key type dns_resolver registered
[    1.524608] mce: Using 0 MCE banks
[    1.527014] RAS: Correctable Errors collector initialized.
[    1.531122] sched_clock: Marking stable (1531075147, 0)->(2262916309, -731841162)
[    1.537276] registered taskstats version 1
[    1.540344] Loading compiled-in X.509 certificates
[    1.545551] Loaded X.509 cert 'Build time autogenerated kernel key: 1542c441293f32312405dc023a70312e7f0d3f0a'
[    1.552656] Loaded X.509 cert 'Canonical Ltd. Live Patch Signing: 14df34d1a87cf37625abec039ef2bf521249b969'
[    1.560349] Loaded X.509 cert 'Canonical Ltd. Kernel Module Signing: 88f752e560a1e0737e31163a466ad7b70a850c19'
[    1.622192] zswap: loaded using pool lzo/zbud
[    1.628036] Key type big_key registered
[    1.631543] Key type trusted registered
[    1.636111] Key type encrypted registered
[    1.639802] AppArmor: AppArmor sha1 policy hashing enabled
[    1.644485] ima: No TPM chip found, activating TPM-bypass! (rc=-19)
[    1.648795] ima: Allocated hash algorithm: sha1
[    1.652315] evm: HMAC attrs: 0x1
[    1.655325]   Magic number: 13:602:988
[    1.658527] rtc_cmos rtc_cmos: setting system clock to 2021-11-10 13:57:12 UTC (1636552632)
[    1.664738] BIOS EDD facility v0.16 2004-Jun-25, 0 devices found
[    1.669275] EDD information not available.
[    1.675005] Freeing unused kernel image memory: 2448K
[    1.684066] Write protecting the kernel read-only data: 20480k
[    1.689519] Freeing unused kernel image memory: 2008K
[    1.693487] Freeing unused kernel image memory: 1824K
[    1.701299] x86/mm: Checked W+X mappings: passed, no W+X pages found.
[    1.707593] x86/mm: Checking user space page tables
[    1.716254] x86/mm: Checked W+X mappings: passed, no W+X pages found.
Loading, please wait...
starting version 237
[    1.812254] e1000: Intel(R) PRO/1000 Network Driver - version 7.3.21-k8-NAPI
[    1.818283] e1000: Copyright (c) 1999-2006 Intel Corporation.
[    1.825826] Fusion MPT base driver 3.04.20
[    1.829181] Copyright (c) 1999-2008 LSI Corporation
[    1.873292] Fusion MPT SPI Host driver 3.04.20
[    2.092622] input: ImExPS/2 Generic Explorer Mouse as /devices/platform/i8042/serio1/input/input4
[    2.598397] e1000 0000:00:03.0 eth0: (PCI:33MHz:32-bit) 02:98:b5:2c:07:4e
[    2.603666] e1000 0000:00:03.0 eth0: Intel(R) PRO/1000 Network Connection
[    2.610404] mptbase: ioc0: Initiating bringup
[    2.723279] ioc0: LSI53C1030 A0: Capabilities={Initiator}
[    2.995104] scsi host2: ioc0: LSI53C1030 A0, FwRev=00000000h, Ports=1, MaxQ=256, IRQ=20
[    3.168946] scsi 2:0:0:0: Direct-Access     VBOX     HARDDISK         1.0  PQ: 0 ANSI: 5
[    3.178162] scsi target2:0:0: Beginning Domain Validation
[    3.186048] random: fast init done
[    3.193197] scsi target2:0:0: Domain Validation skipping write tests
[    3.197989] scsi target2:0:0: Ending Domain Validation
[    3.202488] scsi target2:0:0: asynchronous
[    3.208307] scsi 2:0:1:0: Direct-Access     VBOX     HARDDISK         1.0  PQ: 0 ANSI: 5
[    3.214167] scsi target2:0:1: Beginning Domain Validation
[    3.303120] scsi target2:0:1: Domain Validation skipping write tests
[    3.308363] scsi target2:0:1: Ending Domain Validation
[    3.320369] scsi target2:0:1: asynchronous
[    3.453269] sd 2:0:0:0: Attached scsi generic sg0 type 0
[    3.458250] sd 2:0:0:0: [sda] 83886080 512-byte logical blocks: (42.9 GB/40.0 GiB)
[    3.464507] random: systemd-udevd: uninitialized urandom read (16 bytes read)
[    3.470689] sd 2:0:1:0: Attached scsi generic sg1 type 0
[    3.475682] sd 2:0:1:0: [sdb] 20480 512-byte logical blocks: (10.5 MB/10.0 MiB)
[    3.481705] sd 2:0:0:0: [sda] Write Protect is off
[    3.493061] sd 2:0:1:0: [sdb] Write Protect is off
[    3.497487] sd 2:0:0:0: [sda] Incomplete mode parameter data
[    3.501370] sd 2:0:0:0: [sda] Assuming drive cache: write through
[    3.505877] random: systemd-udevd: uninitialized urandom read (16 bytes read)
[    3.512277] sd 2:0:1:0: [sdb] Incomplete mode parameter data
[    3.515910] sd 2:0:1:0: [sdb] Assuming drive cache: write through
[    3.532716] random: systemd-udevd: uninitialized urandom read (16 bytes read)
[    3.547450]  sda: sda1
[    3.551573] sd 2:0:0:0: [sda] Attached SCSI disk
[    3.598436] sd 2:0:1:0: [sdb] Attached SCSI disk
[    3.983776] e1000 0000:00:08.0 eth1: (PCI:33MHz:32-bit) 08:00:27:41:93:51
[    3.990134] e1000 0000:00:08.0 eth1: Intel(R) PRO/1000 Network Connection
[    3.996653] e1000 0000:00:08.0 enp0s8: renamed from eth1
[    4.010775] e1000 0000:00:03.0 enp0s3: renamed from eth0
Begin: Loading essential drivers ... [    6.000252] raid6: sse2x1   gen() 13283 MB/s
[    6.053257] raid6: sse2x1   xor()  9078 MB/s
[    6.108070] raid6: sse2x2   gen() 16024 MB/s
[    6.160544] raid6: sse2x2   xor() 10735 MB/s
[    6.216120] raid6: sse2x4   gen() 18136 MB/s
[    6.268181] raid6: sse2x4   xor() 11511 MB/s
[    6.272091] raid6: using algorithm sse2x4 gen() 18136 MB/s
[    6.276060] raid6: .... xor() 11511 MB/s, rmw enabled
[    6.280125] raid6: using ssse3x2 recovery algorithm
[    6.285026] xor: measuring software checksum speed
[    6.396881]    prefetch64-sse: 55690.000 MB/sec
[    6.516267]    generic_sse: 106797.000 MB/sec
[    6.520121] xor: using function: generic_sse (106797.000 MB/sec)
[    6.526336] async_tx: api initialized (async)
done.
Begin: Running /scripts/init-premount ... done.
Begin: Mounting root file system ... Begin: Running /scripts/local-top ... done.
Begin: Running /scripts/local-premount ... [    6.585599] Btrfs loaded, crc32c=crc32c-intel
Scanning for Btrfs filesystems
done.
Warning: fsck not present, so skipping root file system
[    6.689835] EXT4-fs (sda1): mounted filesystem with ordered data mode. Opts: (null)
done.
Begin: Running /scripts/local-bottom ... done.
Begin: Running /scripts/init-bottom ... done.
[    7.780198] ip_tables: (C) 2000-2006 Netfilter Core Team
[    7.875256] systemd[1]: systemd 237 running in system mode. (+PAM +AUDIT +SELINUX +IMA +APPARMOR +SMACK +SYSVINIT +UTMP +LIBCRYPTSETUP +GCRYPT +GNUTLS +ACL +XZ +LZ4 +SECCOMP +BLKID +ELFUTILS +KMOD -IDN2 +IDN -PCRE2 default-hierarchy=hybrid)
[    7.893529] systemd[1]: Detected virtualization oracle.
[    7.897602] systemd[1]: Detected architecture x86-64.

Welcome to [1mUbuntu 18.04.6 LTS[0m!

[    7.938302] systemd[1]: Set hostname to <ubuntu>.
[    7.973901] systemd[1]: Initializing machine ID from random generator.
[    7.979159] systemd[1]: Installed transient /etc/machine-id file.
[    8.655888] random: crng init done
[    8.658686] random: 7 urandom warning(s) missed due to ratelimiting
[    9.485454] systemd[1]: Reached target User and Group Name Lookups.
[[0;32m  OK  [0m] Reached target User and Group Name Lookups.
[    9.494345] systemd[1]: Set up automount Arbitrary Executable File Formats File System Automount Point.
[[0;32m  OK  [0m] Set up automount Arbitrary Executabâ€¦rmats File System Automount Point.
[    9.506196] systemd[1]: Created slice User and Session Slice.
[[0;32m  OK  [0m] Created slice User and Session Slice.
[    9.514425] systemd[1]: Started Forward Password Requests to Wall Directory Watch.
[[0;32m  OK  [0m] Started Forward Password Requests to Wall Directory Watch.
[[0;32m  OK  [0m] Created slice System Slice.
[[0;32m  OK  [0m] Listening on Journal Socket (/dev/log).
[[0;32m  OK  [0m] Listening on /dev/initctl Compatibility Named Pipe.
[[0;32m  OK  [0m] Listening on Device-mapper event daemon FIFOs.
[[0;32m  OK  [0m] Listening on udev Kernel Socket.
[[0;32m  OK  [0m] Created slice system-serial\x2dgetty.slice.
[[0;32m  OK  [0m] Listening on Network Service Netlink Socket.
[[0;32m  OK  [0m] Listening on Syslog Socket.
[[0;32m  OK  [0m] Listening on LVM2 poll daemon socket.
[[0;32m  OK  [0m] Listening on LVM2 metadata daemon socket.
[[0;32m  OK  [0m] Reached target Swap.
[[0;32m  OK  [0m] Reached target System Time Synchronized.
[[0;32m  OK  [0m] Reached target Slices.
[[0;32m  OK  [0m] Listening on fsck to fsckd communication Socket.
[[0;32m  OK  [0m] Listening on Journal Socket.
         Starting Monitoring of LVM2 mirrorsâ€¦ng dmeventd or progress polling...
         Starting Load Kernel Modules...
         Starting Set the console keyboard layout...
         Starting File System Check on Root Device...
         Mounting POSIX Message Queue File System...
[    9.802013] Loading iSCSI transport class v2.0-870.
         Starting Uncomplicated firewall...
         Mounting Kernel Debug File System...
         Mounting Huge Pages File System...
         Starting Create list of required stâ€¦ce nodes for the current kernel...
[[0;32m  OK  [0m] Listening on Journal Audit Socket.
         Starting Journal Service...
[    9.893441] iscsi: registered transport (tcp)
[[0;32m  OK  [0m] Listening on udev Control Socket.
         Starting udev Coldplug all Devices...
[[0;32m  OK  [0m] Mounted POSIX Message Queue File System.
[[0;32m  OK  [0m] Mounted Kernel Debug File System.
[[0;32m  OK  [0m] Mounted Huge Pages File System.
[[0;32m  OK  [0m] Started File System Check Daemon to report status.
[[0;32m  OK  [0m] Started Uncomplicated firewall.
[[0;32m  OK  [0m] Started Create list of required staâ€¦vice nodes for the current kernel.
         Starting Create Static Device Nodes in /dev...
[[0;32m  OK  [0m] Started LVM2 metadata daemon.
[   10.073105] iscsi: registered transport (iser)
[[0;32m  OK  [0m] Started Load Kernel Modules.
         Mounting FUSE Control File System...
         Mounting Kernel Configuration File System...
         Starting Apply Kernel Variables...
[[0;32m  OK  [0m] Mounted FUSE Control File System.
[[0;32m  OK  [0m] Mounted Kernel Configuration File System.
[[0;32m  OK  [0m] Started Journal Service.
[[0;32m  OK  [0m] Started udev Coldplug all Devices.
[[0;32m  OK  [0m] Started File System Check on Root Device.
         Starting Remount Root and Kernel File Systems...
[[0;32m  OK  [0m] Started Monitoring of LVM2 mirrors,â€¦sing dmeventd or progress polling.
[[0;32m  OK  [0m] Started Create Static Device Nodes in /dev.
[[0;32m  OK  [0m] Started Apply Kernel Variables.
[[0;32m  OK  [0m] Started Remount Root and Kernel File Systems.
         Starting Load/Save Random Seed...
         Starting Flush Journal to Persistent Storage...
         Starting udev Kernel Device Manager...
[[0;32m  OK  [0m] Started Load/Save Random Seed.
[[0;32m  OK  [0m] Started udev Kernel Device Manager.
[[0;32m  OK  [0m] Started Flush Journal to Persistent Storage.
[[0;32m  OK  [0m] Found device /dev/ttyS0.
[[0;32m  OK  [0m] Listening on Load/Save RF Kill Switch Status /dev/rfkill Watch.
[[0;32m  OK  [0m] Started Set the console keyboard layout.
[[0;32m  OK  [0m] Reached target Local File Systems (Pre).
[[0;32m  OK  [0m] Reached target Local File Systems.
         Starting AppArmor initialization...
         Starting Tell Plymouth To Write Out Runtime Data...
         Starting Commit a transient machine-id on disk...
         Starting ebtables ruleset management...
         Starting Set console font and keymap...
         Starting Create Volatile Files and Directories...
[[0;32m  OK  [0m] Started Dispatch Password Requests to Console Directory Watch.
[[0;32m  OK  [0m] Reached target Local Encrypted Volumes.
[[0;32m  OK  [0m] Started Set console font and keymap.
[[0;32m  OK  [0m] Started Create Volatile Files and Directories.
         Starting Update UTMP about System Boot/Shutdown...
[[0;32m  OK  [0m] Started Tell Plymouth To Write Out Runtime Data.
[[0;32m  OK  [0m] Started Commit a transient machine-id on disk.
[[0;32m  OK  [0m] Started Update UTMP about System Boot/Shutdown.
[[0;32m  OK  [0m] Started ebtables ruleset management.
[[0;32m  OK  [0m] Started AppArmor initialization.
         Starting Initial cloud-init job (pre-networking)...
         Starting Load AppArmor profiles managed internally by snapd...
[[0;32m  OK  [0m] Started Load AppArmor profiles managed internally by snapd.
[   18.639688] cloud-init[582]: Cloud-init v. 21.3-1-g6803368d-0ubuntu1~18.04.4 running 'init-local' at Wed, 10 Nov 2021 13:57:28 +0000. Up 17.85 seconds.
[[0;32m  OK  [0m] Started Initial cloud-init job (pre-networking).
[[0;32m  OK  [0m] Reached target Network (Pre).
         Starting Network Service...
[[0;32m  OK  [0m] Started Network Service.
         Starting Network Name Resolution...
         Starting Wait for Network to be Configured...
[[0;32m  OK  [0m] Started Network Name Resolution.
[[0;32m  OK  [0m] Reached target Host and Network Name Lookups.
[[0;32m  OK  [0m] Reached target Network.
[[0;32m  OK  [0m] Started Wait for Network to be Configured.
         Starting Initial cloud-init job (metadata service crawler)...
[   21.214752] cloud-init[712]: Cloud-init v. 21.3-1-g6803368d-0ubuntu1~18.04.4 running 'init' at Wed, 10 Nov 2021 13:57:31 +0000. Up 21.10 seconds.
[   21.226841] cloud-init[712]: ci-info: ++++++++++++++++++++++++++++++++++++++Net device info++++++++++++++++++++++++++++++++++++++
[   21.232935] cloud-init[712]: ci-info: +--------+-------+---------------------------+---------------+--------+-------------------+
[   21.240280] cloud-init[712]: ci-info: | Device |   Up  |          Address          |      Mask     | Scope  |     Hw-Address    |
[   21.248394] cloud-init[712]: ci-info: +--------+-------+---------------------------+---------------+--------+-------------------+
[   21.254361] cloud-init[712]: ci-info: | enp0s3 |  True |         10.0.2.15         | 255.255.255.0 | global | 02:98:b5:2c:07:4e |
[   21.261040] cloud-init[712]: ci-info: | enp0s3 |  True | fe80::98:b5ff:fe2c:74e/64 |       .       |  link  | 02:98:b5:2c:07:4e |
[   21.267280] cloud-init[712]: ci-info: | enp0s8 | False |             .             |       .       |   .    | 08:00:27:41:93:51 |
[   21.273817] cloud-init[712]: ci-info: |   lo   |  True |         127.0.0.1         |   255.0.0.0   |  host  |         .         |
[   21.286426] cloud-init[712]: ci-info: |   lo   |  True |          ::1/128          |       .       |  host  |         .         |
[   21.294815] cloud-init[712]: ci-info: +--------+-------+---------------------------+---------------+--------+-------------------+
[   21.300844] cloud-init[712]: ci-info: ++++++++++++++++++++++++++++Route IPv4 info+++++++++++++++++++++++++++++
[   21.306972] cloud-init[712]: ci-info: +-------+-------------+----------+-----------------+-----------+-------+
[   21.317729] cloud-init[712]: ci-info: | Route | Destination | Gateway  |     Genmask     | Interface | Flags |
[   21.323520] cloud-init[712]: ci-info: +-------+-------------+----------+-----------------+-----------+-------+
[   21.329053] cloud-init[712]: ci-info: |   0   |   0.0.0.0   | 10.0.2.2 |     0.0.0.0     |   enp0s3  |   UG  |
[   21.334418] cloud-init[712]: ci-info: |   1   |   10.0.2.0  | 0.0.0.0  |  255.255.255.0  |   enp0s3  |   U   |
[   21.346644] cloud-init[712]: ci-info: |   2   |   10.0.2.2  | 0.0.0.0  | 255.255.255.255 |   enp0s3  |   UH  |
[   21.352293] cloud-init[712]: ci-info: +-------+-------------+----------+-----------------+-----------+-------+
[   21.358062] cloud-init[712]: ci-info: +++++++++++++++++++Route IPv6 info+++++++++++++++++++
[   21.363669] cloud-init[712]: ci-info: +-------+-------------+---------+-----------+-------+
[   21.368818] cloud-init[712]: ci-info: | Route | Destination | Gateway | Interface | Flags |
[   21.374441] cloud-init[712]: ci-info: +-------+-------------+---------+-----------+-------+
[   21.379602] cloud-init[712]: ci-info: |   1   |  fe80::/64  |    ::   |   enp0s3  |   U   |
[   21.384829] cloud-init[712]: ci-info: |   3   |    local    |    ::   |   enp0s3  |   U   |
[   21.391889] cloud-init[712]: ci-info: |   4   |   ff00::/8  |    ::   |   enp0s3  |   U   |
[   21.396922] cloud-init[712]: ci-info: +-------+-------------+---------+-----------+-------+
[   23.541116] cloud-init[712]: Generating public/private rsa key pair.
[   23.551237] cloud-init[712]: Your identification has been saved in /etc/ssh/ssh_host_rsa_key.
[   23.561855] cloud-init[712]: Your public key has been saved in /etc/ssh/ssh_host_rsa_key.pub.
[   23.572186] cloud-init[712]: The key fingerprint is:
[   23.582942] cloud-init[712]: SHA256:xVsaww1Riot51ILOw4fuSJfxxqytsLas4s3OKbw4+pc root@ubuntu-bionic
[   23.588968] cloud-init[712]: The key's randomart image is:
[   23.605201] cloud-init[712]: +---[RSA 2048]----+
[   23.610479] cloud-init[712]: |          oo.    |
[[0;32m  OK  [0m] Started Initial cloud-init job (metadata service crawler).[   23.620709] cloud-init[712]: |       . = +     |

[[0;32m  OK  [0m] Reached target Cloud-config availability.[   23.629296] cloud-init[712]: |      . + O o    |
[[0;32m  OK  [0m] Reached target System Initialization.
[[0;32m  OK  [0m] Started Message of the Day.
         Starting Socket activation for snappy daemon.
[   23.647027] cloud-init
[712]: |     + = + *     |
[   23.656805] cloud-init[712]: |      X S o      |
         Starting LXD - unix socket.
[[0;32m  OK  [0m] Listening on UUID daemon activation socket.[   23.674162] cloud-init[712]: 
|     . X         |
[   23.683077] cloud-init[712]: |.   o.+ =        |[[0;32m  OK  [0m] Started Trigger to poll for Ubuntu â€¦(Only enabled on GCP LTS non-pro).

[   23.693393] cloud-init[712]: |+o+oE* +         |[[0;32m  OK  [0m] Started Daily apt download activities.
[
[   23.701373] cloud-init[712]: |=**X=.+..        |[0;32m  OK  [0m] Started Daily apt upgrade and clean activities.

[   23.709135] cloud-init[712]: +----[SHA256]-----+[[0;32m  OK  [0m] Started Ubuntu Advantage Timer for running repeated jobs.
[   23.716931] cloud-init[712]: Generating public/private dsa key pair.
[[0;32m  OK  [0m] Listening on Open-iSCSI iscsid Socket.
[   23.725499] cloud-init[712]: Your identification has been saved in /etc/ssh/ssh_host_dsa_key.
[[0;32m  OK  [0m] Started Daily Cleanup of Temporary Directories.

[   23.735302] [[0;32m  OK  [0m] Listening on ACPID Listen Socket.
cloud-init[712]: Your public key has been saved in /etc/ssh/ssh_host_dsa_key.pub.
[[0;32m  OK  [0m] Listening on D-Bus System Message Bus Socket.[   23.748430] cloud-init[712]: The key fingerprint is:

[   23.753047] cloud-init[[0;32m  OK  [0m] Started ACPI Events Check.
[[0;32m  OK  [0m[712]: SHA256:8l1ou/nKO6dTDt9Elvtn3er+bnBxd80FyfkQbyJJJX4 root@ubuntu-bionic
[   23.763899] ] Reached target Paths.
[[0;32m  OK  [0mcloud-init[712]: The key's randomart image is:
] Started Discard unused blocks once a week.
[[0;32m  OK  [0m[   23.776987] cloud-init[712]: +---[DSA 1024]----+
[   23.780936] cloud-init[712]: |            oo+= |
] Reached target Timers.
[[0;32m  OK  [0m] Listening on cloud-init hotplug hook socket.
[[0;32m  OK  [0m] [   23.792406] cloud-init[712]: |           o o=..|
Reached target Network is Online.
[   23.798562] cloud-init[712]: |            + E==|
[[0;32m  OK  [0m] Reached target Remote File Systems (Pre).
[   23.807280] cloud-init[712]: |           . o++B|
[[0;32m  OK  [0m] Reached target Remote File Systems.
[   23.815536] cloud-init[712]: |      . S o .o .=|
         Starting Availability of block devices...
[   23.823498] cloud-init[712]: |       o o.o. + .|
[[0;32m  OK  [0m] Listening on Socket activation for snappy daemon.
[[0;32m  OK  [0m] Listening on LXD - unix socket.
[   23.840621] cloud-init[712]: |        . o= o +o|
[[0;32m  OK  [0m] Reached target Sockets.
[[0;32m  OK  [0m] Reached target Basic System.
[   23.857302]          cloud-init[712]: |         .oo+ . B|
Starting Dispatcher daemon for systemd-networkd...
[   23.871833]          Starting Pollinate to seed the pseudo random number generator...
cloud-init[712]: [[0;32m  OK  [0m] Started Deferred execution scheduler.
         Starting Accounts Service...
[[0;32m  OK  [0m] Started Regular background program processing daemon.|          BO.o+*+|

         [   23.917386] cloud-init[712]: +----[SHA256]-----+Starting Login Service...
         Starting LSB: Record successful boot for GRUB...
         Starting Virtualbox guest utils...
         
[   23.941182] cloud-init[712]: Generating public/private ecdsa key pair.Starting LSB: automatic crash report generation...
         Starting LXD - container startup/shutdown...
[[0;32m  OK  [0m] Started FUSE filesystem for LXC.
[[0;32m  OK  [0m] Started D-Bus System Message Bus.

[   23.982489] cloud-init[712]: Your identification has been saved in /etc/ssh/ssh_host_ecdsa_key.
[   23.994256] cloud-init[712]: Your public key has been saved in /etc/ssh/ssh_host_ecdsa_key.pub.
[   24.006094] cloud-init[712]: The key fingerprint is:
[   24.015844] cloud-init[712]: SHA256:XpJs1u0nbQrzBAyRxD+xUrwnYBm4OMXNHKNZsgI5bsU root@ubuntu-bionic
[   24.026938] cloud-init[712]: The key's randomart image is:
[   24.039290] cloud-init[712]: +---[ECDSA 256]---+
[   24.047837] cloud-init[712]: |  .o ..BB*       |
[   24.059034] cloud-init[712]: |  o.E +*Xo+      |
[   24.066546] cloud-init[712]: | . o.o+o.+ +     |
[   24.071522] cloud-init[712]: |  o o....=*..    |
[   24.075498] cloud-init[712]: | .   .  S.=+.    |
[   24.088210] cloud-init[712]: |       + o o .   |
[   24.093316] cloud-init[712]: |        . o + +  |
[   24.098320] cloud-init[712]: |           = =   |
[   24.102734] cloud-init[712]: |            o    |
[   24.107755] cloud-init[712]: +----[SHA256]-----+
[   24.112270] cloud-init[712]: Generating public/private ed25519 key pair.
[   24.117032] cloud-init[712]: Your identification has been saved in /etc/ssh/ssh_host_ed25519_key.
[   24.122621] cloud-init[712]: Your public key has been saved in /etc/ssh/ssh_host_ed25519_key.pub.
[   24.137904] cloud-init[712]: The key fingerprint is:
[   24.145154] cloud-init[712]: SHA256:9trPQorU30zsm8HvgyTS8ICmV4wBD2x2ouWk3m7ugtE root@ubuntu-bionic
[   24.160871] cloud-init[712]: The key's randomart image is:
[   24.169078] cloud-init[712]: +--[ED25519 256]--+
[   24.173128] cloud-init[712]: |   .o.           |
[   24.177026] cloud-init[712]: |    Boo          |
[   24.181199] cloud-init[712]: |   O o.=         |
[   24.185338] cloud-init[712]: |  o . + =        |
[   24.189432] cloud-init[712]: | o . o oS= .     |
[   24.193706] cloud-init[712]: |. E o o.o.=.+    |
[   24.197759] cloud-init[712]: | o . o . =.Bo.   |
[   24.201793] cloud-init[712]: |. . o . .oo.=+.  |
[   24.206260] cloud-init[712]: |   =o   . .o=oo. |
[   24.210129] cloud-init[712]: +----[SHA256]-----+
[[0;32m  OK  [0m] Started Login Service.
[[0;32m  OK  [0m] Started Unattended Upgrades Shutdown.
         Starting System Logging Service...
[[0;32m  OK  [0m] Started irqbalance daemon.
         Starting Permit User Sessions...
         Starting Snap Daemon...
[[0;32m  OK  [0m] Started Availability of block devices.
[[0;32m  OK  [0m] Started Permit User Sessions.
[[0;32m  OK  [0m] Started Dispatcher daemon for systemd-networkd.
[[0;32m  OK  [0m] Started System Logging Service.
         Starting Authorization Manager...
         Starting Terminate Plymouth Boot Screen...
         Starting Hold until boot process finishes up...
[[0;32m  OK  [0m] Started Terminate Plymouth Boot Screen.
[[0;32m  OK  [0m] Started Hold until boot process finishes up.
         Starting Set console scheme...
[[0;32m  OK  [0m] Started Serial Getty on ttyS0.
[[0;32m  OK  [0m] Started LSB: automatic crash report generation.
[[0;32m  OK  [0m] Started Set console scheme.
[[0;32m  OK  [0m] Created slice system-getty.slice.
[[0;32m  OK  [0m] Started Getty on tty1.
[[0;32m  OK  [0m] Reached target Login Prompts.
[[0;32m  OK  [0m] Started LSB: Record successful boot for GRUB.
[[0;32m  OK  [0m] Started Authorization Manager.
[[0;32m  OK  [0m] Started Accounts Service.
[[0;32m  OK  [0m] Started Virtualbox guest utils.
[[0;32m  OK  [0m] Started LXD - container startup/shutdown.
[[0;32m  OK  [0m] Started Pollinate to seed the pseudo random number generator.
         Starting OpenBSD Secure Shell server...
[[0;32m  OK  [0m] Started OpenBSD Secure Shell server.
[[0;32m  OK  [0m] Started Snap Daemon.
         Starting Wait until snapd is fully seeded...
[[0;32m  OK  [0m] Created slice User Slice of vagrant.
         Starting User Manager for UID 1000...
[[0;32m  OK  [0m] Started Session 1 of user vagrant.
[[0;32m  OK  [0m] Started User Manager for UID 1000.
[[0;32m  OK  [0m] Started Wait until snapd is fully seeded.
         Starting Apply the settings specified in cloud-config...
[[0;32m  OK  [0m] Reached target Multi-User System.
[[0;32m  OK  [0m] Reached target Graphical Interface.
         Starting Update UTMP about System Runlevel Changes...
[[0;32m  OK  [0m] Started Update UTMP about System Runlevel Changes.

Ubuntu 18.04.6 LTS ubuntu-bionic ttyS0

ubuntu-bionic login: [   33.301859] cloud-init[1288]: Cloud-init v. 21.3-1-g6803368d-0ubuntu1~18.04.4 running 'modules:config' at Wed, 10 Nov 2021 13:57:42 +0000. Up 31.19 seconds.
ci-info: no authorized SSH keys fingerprints found for user ubuntu.
<14>Nov 10 13:57:45 cloud-init: #############################################################
<14>Nov 10 13:57:45 cloud-init: -----BEGIN SSH HOST KEY FINGERPRINTS-----
<14>Nov 10 13:57:45 cloud-init: 1024 SHA256:8l1ou/nKO6dTDt9Elvtn3er+bnBxd80FyfkQbyJJJX4 root@ubuntu-bionic (DSA)
<14>Nov 10 13:57:45 cloud-init: 256 SHA256:XpJs1u0nbQrzBAyRxD+xUrwnYBm4OMXNHKNZsgI5bsU root@ubuntu-bionic (ECDSA)
<14>Nov 10 13:57:45 cloud-init: 256 SHA256:9trPQorU30zsm8HvgyTS8ICmV4wBD2x2ouWk3m7ugtE root@ubuntu-bionic (ED25519)
<14>Nov 10 13:57:45 cloud-init: 2048 SHA256:xVsaww1Riot51ILOw4fuSJfxxqytsLas4s3OKbw4+pc root@ubuntu-bionic (RSA)
<14>Nov 10 13:57:45 cloud-init: -----END SSH HOST KEY FINGERPRINTS-----
<14>Nov 10 13:57:45 cloud-init: #############################################################
-----BEGIN SSH HOST KEY KEYS-----
ecdsa-sha2-nistp256 AAAAE2VjZHNhLXNoYTItbmlzdHAyNTYAAAAIbmlzdHAyNTYAAABBBESHF8g5X7dyikfKwlAwum5lSMgSfzrHnQLiCo3qB6MbPEv8Y4/swyLjCU6Ga23ypS7qqnSGeb3CvMuP0RbEvfo= root@ubuntu-bionic
ssh-ed25519 AAAAC3NzaC1lZDI1NTE5AAAAIIXEWdFal7VfmYHNMLKOoQZwBTmOLaVb7iIySy+VQayv root@ubuntu-bionic
ssh-rsa AAAAB3NzaC1yc2EAAAADAQABAAABAQDGvDyYWxMPne3B5SgHELqDXcvBIgnvtD/JExqVAv5Ab6bhIeX0zHzk5mE2/yZw6wRzsk/FE+RWCfCVmiCvNGZOZWKUZWi42kFCQm78NF4TCQ+iy2ccid4OEl84CHohtzaPNymgAn1aOxb24SjX6gvbwCRKSxqCzxnTiFfvxjQ4j30HHlPepS/mzpIpTi+SnmNxyRZRdLKJfhHjVjZnEITYF9tRnCZbrJWgOwKY5zn5dl9QNtz+Bc4l0vnJGC/osOUO7ONE+QjHGYqF3KPC2GlKd2MRbdQze8ZQM+QI09QgazDE0SO6cd+uM4ZlyQj4PBh7d18tjcgeuyI3OJIIxLvR root@ubuntu-bionic
-----END SSH HOST KEY KEYS-----
[   34.477459] cloud-init[1422]: Cloud-init v. 21.3-1-g6803368d-0ubuntu1~18.04.4 running 'modules:final' at Wed, 10 Nov 2021 13:57:45 +0000. Up 34.18 seconds.
[   34.487406] cloud-init[1422]: ci-info: no authorized SSH keys fingerprints found for user ubuntu.
[   34.501380] cloud-init[1422]: Cloud-init v. 21.3-1-g6803368d-0ubuntu1~18.04.4 finished at Wed, 10 Nov 2021 13:57:45 +0000. Datasource DataSourceNoCloud [seed=/dev/sdb][dsmode=net].  Up 34.47 seconds
